
Allocating common symbols
Common symbol       size              file

CLIHexDebugMode     0x1               CMakeFiles/kiibohd.elf.dir/main.c.o
CLIHistoryCurrent   0x1               CMakeFiles/kiibohd.elf.dir/main.c.o
usb_rx_byte_count_data
                    0x10              CMakeFiles/kiibohd.elf.dir/Output/pjrcUSB/arm/usb_dev.c.o
CLILEDState         0x1               CMakeFiles/kiibohd.elf.dir/main.c.o
CLIDictionariesUsed
                    0x1               CMakeFiles/kiibohd.elf.dir/main.c.o
Macro_rotationLayer
                    0x2               CMakeFiles/kiibohd.elf.dir/Macro/PartialMap/macro.c.o
CLIHistoryBuffer    0x3e8             CMakeFiles/kiibohd.elf.dir/main.c.o
USBKeys_SysCtrl     0x1               CMakeFiles/kiibohd.elf.dir/Output/pjrcUSB/output_com.c.o
Matrix_scanArray    0x1b9             CMakeFiles/kiibohd.elf.dir/Scan/MatrixARM/matrix_scan.c.o
CLILineBuffer       0x65              CMakeFiles/kiibohd.elf.dir/main.c.o
macroTriggerListBuffer
                    0xba              CMakeFiles/kiibohd.elf.dir/Macro/PartialMap/macro.c.o
ResultMacroRecordList
                    0x123             CMakeFiles/kiibohd.elf.dir/Macro/PartialMap/macro.c.o
CLIHistoryHead      0x1               CMakeFiles/kiibohd.elf.dir/main.c.o
LayerState          0x2               CMakeFiles/kiibohd.elf.dir/Macro/PartialMap/macro.c.o
usb_joystick_data   0xc               CMakeFiles/kiibohd.elf.dir/Output/pjrcUSB/arm/usb_joystick.c.o
USBKeys_Keys        0x1b              CMakeFiles/kiibohd.elf.dir/Output/pjrcUSB/output_com.c.o
macroTriggerListLayerCache
                    0x3e              CMakeFiles/kiibohd.elf.dir/Macro/PartialMap/macro.c.o
CLIDict             0x28              CMakeFiles/kiibohd.elf.dir/main.c.o
CLIHistoryTail      0x1               CMakeFiles/kiibohd.elf.dir/main.c.o
USBKeys_KeysCLI     0x1b              CMakeFiles/kiibohd.elf.dir/Output/pjrcUSB/output_com.c.o
CLIDictNames        0x28              CMakeFiles/kiibohd.elf.dir/main.c.o
CLILineBufferCurrent
                    0x1               CMakeFiles/kiibohd.elf.dir/main.c.o
USBKeys_ConsCtrl    0x2               CMakeFiles/kiibohd.elf.dir/Output/pjrcUSB/output_com.c.o
TriggerMacroRecordList
                    0xc4              CMakeFiles/kiibohd.elf.dir/Macro/PartialMap/macro.c.o

Discarded input sections

 .group         0x0000000000000000        0x8 CMakeFiles/kiibohd.elf.dir/main.c.o
 .group         0x0000000000000000        0x8 CMakeFiles/kiibohd.elf.dir/main.c.o
 .group         0x0000000000000000        0x8 CMakeFiles/kiibohd.elf.dir/main.c.o
 .group         0x0000000000000000        0x8 CMakeFiles/kiibohd.elf.dir/main.c.o
 .group         0x0000000000000000        0x8 CMakeFiles/kiibohd.elf.dir/main.c.o
 .group         0x0000000000000000        0x8 CMakeFiles/kiibohd.elf.dir/main.c.o
 .group         0x0000000000000000        0x8 CMakeFiles/kiibohd.elf.dir/main.c.o
 .group         0x0000000000000000        0x8 CMakeFiles/kiibohd.elf.dir/main.c.o
 .group         0x0000000000000000        0x8 CMakeFiles/kiibohd.elf.dir/main.c.o
 .group         0x0000000000000000        0x8 CMakeFiles/kiibohd.elf.dir/main.c.o
 .group         0x0000000000000000        0x8 CMakeFiles/kiibohd.elf.dir/main.c.o
 .text          0x0000000000000000        0x0 CMakeFiles/kiibohd.elf.dir/main.c.o
 .data          0x0000000000000000        0x0 CMakeFiles/kiibohd.elf.dir/main.c.o
 .bss           0x0000000000000000        0x0 CMakeFiles/kiibohd.elf.dir/main.c.o
 .group         0x0000000000000000        0x8 CMakeFiles/kiibohd.elf.dir/Lib/mk20dx.c.o
 .group         0x0000000000000000        0x8 CMakeFiles/kiibohd.elf.dir/Lib/mk20dx.c.o
 .group         0x0000000000000000        0x8 CMakeFiles/kiibohd.elf.dir/Lib/mk20dx.c.o
 .group         0x0000000000000000        0x8 CMakeFiles/kiibohd.elf.dir/Lib/mk20dx.c.o
 .group         0x0000000000000000        0x8 CMakeFiles/kiibohd.elf.dir/Lib/mk20dx.c.o
 .group         0x0000000000000000        0x8 CMakeFiles/kiibohd.elf.dir/Lib/mk20dx.c.o
 .group         0x0000000000000000        0x8 CMakeFiles/kiibohd.elf.dir/Lib/mk20dx.c.o
 .group         0x0000000000000000        0x8 CMakeFiles/kiibohd.elf.dir/Lib/mk20dx.c.o
 .text          0x0000000000000000        0x0 CMakeFiles/kiibohd.elf.dir/Lib/mk20dx.c.o
 .data          0x0000000000000000        0x0 CMakeFiles/kiibohd.elf.dir/Lib/mk20dx.c.o
 .bss           0x0000000000000000        0x0 CMakeFiles/kiibohd.elf.dir/Lib/mk20dx.c.o
 .text.memset   0x0000000000000000       0x10 CMakeFiles/kiibohd.elf.dir/Lib/mk20dx.c.o
 .text.memcmp   0x0000000000000000       0x1c CMakeFiles/kiibohd.elf.dir/Lib/mk20dx.c.o
 .text._sbrk    0x0000000000000000       0x10 CMakeFiles/kiibohd.elf.dir/Lib/mk20dx.c.o
 .text.nvic_execution_priority
                0x0000000000000000       0x3c CMakeFiles/kiibohd.elf.dir/Lib/mk20dx.c.o
 .data.__brkval
                0x0000000000000000        0x4 CMakeFiles/kiibohd.elf.dir/Lib/mk20dx.c.o
[...]
Memory Configuration

Name             Origin             Length             Attributes
FLASH            0x0000000000001000 0x000000000001f000 xr
RAM              0x000000001fffe000 0x0000000000004000 xrw
*default*        0x0000000000000000 0xffffffffffffffff

Linker script and memory map

LOAD CMakeFiles/kiibohd.elf.dir/main.c.o
LOAD CMakeFiles/kiibohd.elf.dir/Lib/mk20dx.c.o
LOAD CMakeFiles/kiibohd.elf.dir/Lib/delay.c.o
LOAD CMakeFiles/kiibohd.elf.dir/Scan/MatrixARM/matrix_scan.c.o
LOAD CMakeFiles/kiibohd.elf.dir/Scan/MD1/scan_loop.c.o
LOAD CMakeFiles/kiibohd.elf.dir/Macro/PartialMap/macro.c.o
LOAD CMakeFiles/kiibohd.elf.dir/Output/pjrcUSB/output_com.c.o
LOAD CMakeFiles/kiibohd.elf.dir/Output/pjrcUSB/arm/usb_desc.c.o
LOAD CMakeFiles/kiibohd.elf.dir/Output/pjrcUSB/arm/usb_dev.c.o
LOAD CMakeFiles/kiibohd.elf.dir/Output/pjrcUSB/arm/usb_joystick.c.o
LOAD CMakeFiles/kiibohd.elf.dir/Output/pjrcUSB/arm/usb_keyboard.c.o
LOAD CMakeFiles/kiibohd.elf.dir/Output/pjrcUSB/arm/usb_mem.c.o
LOAD CMakeFiles/kiibohd.elf.dir/Output/pjrcUSB/arm/usb_mouse.c.o
LOAD CMakeFiles/kiibohd.elf.dir/Output/pjrcUSB/arm/usb_serial.c.o
LOAD CMakeFiles/kiibohd.elf.dir/Debug/cli/cli.c.o
LOAD CMakeFiles/kiibohd.elf.dir/Debug/led/led.c.o
LOAD CMakeFiles/kiibohd.elf.dir/Debug/print/print.c.o

.text           0x0000000000001000     0x63cc
                0x0000000000000000                . = 0x0
 *(.vectors)
 .vectors       0x0000000000001000       0xf8 CMakeFiles/kiibohd.elf.dir/Lib/mk20dx.c.o
                0x0000000000001000                gVectors
 *(.startup*)
 .startup       0x00000000000010f8       0xcc CMakeFiles/kiibohd.elf.dir/Lib/mk20dx.c.o
                0x00000000000010f8                ResetHandler
 *(.text*)
 .text.startup.main
                0x00000000000011c4       0x2c CMakeFiles/kiibohd.elf.dir/main.c.o
                0x00000000000011c4                main
 .text.systick_default_isr
                0x00000000000011f0       0x10 CMakeFiles/kiibohd.elf.dir/Lib/mk20dx.c.o
                0x00000000000011f0                systick_isr
                0x00000000000011f0                systick_default_isr
 .text.fault_isr
                0x0000000000001200       0x3c CMakeFiles/kiibohd.elf.dir/Lib/mk20dx.c.o
                0x0000000000001200                fault_isr
 .text.unused_isr
                0x000000000000123c        0x6 CMakeFiles/kiibohd.elf.dir/Lib/mk20dx.c.o
                0x000000000000123c                adc0_isr
                0x000000000000123c                dma_ch6_isr
                0x000000000000123c                uart0_lon_isr
                0x000000000000123c                dma_ch8_isr
                0x000000000000123c                dma_error_isr
                0x000000000000123c                i2c0_isr
                0x000000000000123c                portd_isr
                0x000000000000123c                porte_isr
                0x000000000000123c                portb_isr
                0x000000000000123c                spi1_isr
                0x000000000000123c                uart3_status_isr
                0x000000000000123c                mcm_isr
                0x000000000000123c                uart1_status_isr
                0x000000000000123c                watchdog_isr
                0x000000000000123c                i2c1_isr
                0x000000000000123c                dma_ch11_isr
                0x000000000000123c                i2c2_isr
                0x000000000000123c                pit1_isr
                0x000000000000123c                dma_ch4_isr
                0x000000000000123c                software_isr
                0x000000000000123c                dma_ch7_isr
                0x000000000000123c                lptmr_isr
                0x000000000000123c                ftm2_isr
                0x000000000000123c                uart5_status_isr
                0x000000000000123c                dma_ch9_isr
                0x000000000000123c                pit2_isr
                0x000000000000123c                pit0_isr
                0x000000000000123c                can0_wakeup_isr
                0x000000000000123c                flash_cmd_isr
                0x000000000000123c                uart2_status_isr
                0x000000000000123c                svcall_isr
                0x000000000000123c                dma_ch15_isr
                0x000000000000123c                uart1_error_isr
                0x000000000000123c                unused_isr
                0x000000000000123c                spi0_isr
                0x000000000000123c                dma_ch3_isr
                0x000000000000123c                flash_error_isr
                0x000000000000123c                uart5_error_isr
                0x000000000000123c                rtc_seconds_isr
                0x000000000000123c                pdb_isr
                0x000000000000123c                dac1_isr
                0x000000000000123c                dma_ch14_isr
                0x000000000000123c                rtc_alarm_isr
                0x000000000000123c                dma_ch2_isr
                0x000000000000123c                ftm1_isr
                0x000000000000123c                dma_ch13_isr
                0x000000000000123c                uart2_error_isr
                0x000000000000123c                usb_charge_isr
                0x000000000000123c                cmt_isr
                0x000000000000123c                ftm3_isr
                0x000000000000123c                tsi0_isr
                0x000000000000123c                spi2_isr
                0x000000000000123c                can0_bus_off_isr
                0x000000000000123c                uart3_error_isr
                0x000000000000123c                porta_isr
                0x000000000000123c                low_voltage_isr
                0x000000000000123c                can0_error_isr
                0x000000000000123c                dma_ch12_isr
                0x000000000000123c                pit3_isr
                0x000000000000123c                portc_isr
                0x000000000000123c                debugmonitor_isr
                0x000000000000123c                cmp1_isr
                0x000000000000123c                ftm0_isr
                0x000000000000123c                i2s0_rx_isr
                0x000000000000123c                uart4_error_isr
                0x000000000000123c                can0_message_isr
                0x000000000000123c                sdhc_isr
                0x000000000000123c                dma_ch10_isr
                0x000000000000123c                uart0_error_isr
                0x000000000000123c                i2s0_tx_isr
                0x000000000000123c                adc1_isr
                0x000000000000123c                cmp0_isr
                0x000000000000123c                dac0_isr
                0x000000000000123c                uart0_status_isr
                0x000000000000123c                mcg_isr
                0x000000000000123c                dma_ch1_isr
                0x000000000000123c                dma_ch5_isr
                0x000000000000123c                can0_rx_warn_isr
                0x000000000000123c                can0_tx_warn_isr
                0x000000000000123c                uart4_status_isr
                0x000000000000123c                cmp2_isr
                0x000000000000123c                pendablesrvreq_isr
                0x000000000000123c                wakeup_isr
                0x000000000000123c                dma_ch0_isr
 *fill*         0x0000000000001242        0x2 
 .text.nmi_default_isr
                0x0000000000001244        0xc CMakeFiles/kiibohd.elf.dir/Lib/mk20dx.c.o
                0x0000000000001244                nmi_isr
                0x0000000000001244                nmi_default_isr
 .text.hard_fault_default_isr
                0x0000000000001250       0x34 CMakeFiles/kiibohd.elf.dir/Lib/mk20dx.c.o
                0x0000000000001250                hard_fault_isr
                0x0000000000001250                hard_fault_default_isr
 .text.memmanage_fault_default_isr
                0x0000000000001284       0x40 CMakeFiles/kiibohd.elf.dir/Lib/mk20dx.c.o
                0x0000000000001284                memmanage_fault_default_isr
                0x0000000000001284                memmanage_fault_isr
 .text.bus_fault_default_isr
                0x00000000000012c4       0x40 CMakeFiles/kiibohd.elf.dir/Lib/mk20dx.c.o
                0x00000000000012c4                bus_fault_isr
                0x00000000000012c4                bus_fault_default_isr
 .text.usage_fault_default_isr
                0x0000000000001304       0x28 CMakeFiles/kiibohd.elf.dir/Lib/mk20dx.c.o
                0x0000000000001304                usage_fault_default_isr
                0x0000000000001304                usage_fault_isr
 .text.memcpy   0x000000000000132c       0x12 CMakeFiles/kiibohd.elf.dir/Lib/mk20dx.c.o
                0x000000000000132c                memcpy
 .text.yield    0x000000000000133e        0x2 CMakeFiles/kiibohd.elf.dir/Lib/delay.c.o
                0x000000000000133e                yield
 .text.cliFunc_matrixState
                0x0000000000001340       0x24 CMakeFiles/kiibohd.elf.dir/Scan/MatrixARM/matrix_scan.c.o
                0x0000000000001340                cliFunc_matrixState
 .text.cliFunc_matrixDebug
                0x0000000000001364       0x5c CMakeFiles/kiibohd.elf.dir/Scan/MatrixARM/matrix_scan.c.o
                0x0000000000001364                cliFunc_matrixDebug
 .text.Matrix_pin
                0x00000000000013c0       0xd0 CMakeFiles/kiibohd.elf.dir/Scan/MatrixARM/matrix_scan.c.o
                0x00000000000013c0                Matrix_pin
 .text.Matrix_setup
                0x0000000000001490       0xe4 CMakeFiles/kiibohd.elf.dir/Scan/MatrixARM/matrix_scan.c.o
                0x0000000000001490                Matrix_setup
 .text.Matrix_keyPositionDebug
                0x0000000000001574       0x38 CMakeFiles/kiibohd.elf.dir/Scan/MatrixARM/matrix_scan.c.o
                0x0000000000001574                Matrix_keyPositionDebug
 .text.Matrix_scan
                0x00000000000015ac      0x290 CMakeFiles/kiibohd.elf.dir/Scan/MatrixARM/matrix_scan.c.o
                0x00000000000015ac                Matrix_scan
 .text.cliFunc_echo
                0x000000000000183c       0x2c CMakeFiles/kiibohd.elf.dir/Scan/MD1/scan_loop.c.o
                0x000000000000183c                cliFunc_echo
 .text.Scan_setup
                0x0000000000001868       0x24 CMakeFiles/kiibohd.elf.dir/Scan/MD1/scan_loop.c.o
                0x0000000000001868                Scan_setup
 .text.Scan_loop
                0x000000000000188c       0x18 CMakeFiles/kiibohd.elf.dir/Scan/MD1/scan_loop.c.o
                0x000000000000188c                Scan_loop
 .text.Scan_finishedWithMacro
                0x00000000000018a4        0x2 CMakeFiles/kiibohd.elf.dir/Scan/MD1/scan_loop.c.o
                0x00000000000018a4                Scan_finishedWithMacro
 *fill*         0x00000000000018a6        0x2 
 .text.Scan_finishedWithOutput
                0x00000000000018a8        0xc CMakeFiles/kiibohd.elf.dir/Scan/MD1/scan_loop.c.o
                0x00000000000018a8                Scan_finishedWithOutput
 .text.CustomAction_action1_capability
                0x00000000000018b4       0x1c CMakeFiles/kiibohd.elf.dir/Scan/MD1/scan_loop.c.o
                0x00000000000018b4                CustomAction_action1_capability
 .text.CustomAction_blockHold_capability
                0x00000000000018d0       0x74 CMakeFiles/kiibohd.elf.dir/Scan/MD1/scan_loop.c.o
                0x00000000000018d0                CustomAction_blockHold_capability
 .text.CustomAction_blockKey_capability
                0x0000000000001944       0x38 CMakeFiles/kiibohd.elf.dir/Scan/MD1/scan_loop.c.o
                0x0000000000001944                CustomAction_blockKey_capability
 .text.cliFunc_capList
                0x000000000000197c       0x58 CMakeFiles/kiibohd.elf.dir/Macro/PartialMap/macro.c.o
                0x000000000000197c                cliFunc_capList
 .text.cliFunc_macroStep
                0x00000000000019d4       0x28 CMakeFiles/kiibohd.elf.dir/Macro/PartialMap/macro.c.o
                0x00000000000019d4                cliFunc_macroStep
 .text.cliFunc_capSelect
                0x00000000000019fc      0x100 CMakeFiles/kiibohd.elf.dir/Macro/PartialMap/macro.c.o
                0x00000000000019fc                cliFunc_capSelect
 .text.cliFunc_layerDebug
                0x0000000000001afc       0x34 CMakeFiles/kiibohd.elf.dir/Macro/PartialMap/macro.c.o
                0x0000000000001afc                cliFunc_layerDebug
 .text.cliFunc_layerState
                0x0000000000001b30       0x70 CMakeFiles/kiibohd.elf.dir/Macro/PartialMap/macro.c.o
                0x0000000000001b30                cliFunc_layerState
 .text.cliFunc_macroDebug
                0x0000000000001ba0       0x34 CMakeFiles/kiibohd.elf.dir/Macro/PartialMap/macro.c.o
                0x0000000000001ba0                cliFunc_macroDebug
 .text.cliFunc_macroProc
                0x0000000000001bd4       0x34 CMakeFiles/kiibohd.elf.dir/Macro/PartialMap/macro.c.o
                0x0000000000001bd4                cliFunc_macroProc
 .text.cliFunc_layerList
                0x0000000000001c08       0xe0 CMakeFiles/kiibohd.elf.dir/Macro/PartialMap/macro.c.o
                0x0000000000001c08                cliFunc_layerList
 .text.cliFunc_macroList
                0x0000000000001ce8      0x160 CMakeFiles/kiibohd.elf.dir/Macro/PartialMap/macro.c.o
                0x0000000000001ce8                cliFunc_macroList
 .text.Macro_layerState.part.1
                0x0000000000001e48       0xcc CMakeFiles/kiibohd.elf.dir/Macro/PartialMap/macro.c.o
 .text.Macro_layerState_capability
                0x0000000000001f14       0x28 CMakeFiles/kiibohd.elf.dir/Macro/PartialMap/macro.c.o
                0x0000000000001f14                Macro_layerState_capability
 .text.Macro_layerShift_capability
                0x0000000000001f3c       0x28 CMakeFiles/kiibohd.elf.dir/Macro/PartialMap/macro.c.o
                0x0000000000001f3c                Macro_layerShift_capability
 .text.Macro_layerLatch_capability
                0x0000000000001f64       0x28 CMakeFiles/kiibohd.elf.dir/Macro/PartialMap/macro.c.o
                0x0000000000001f64                Macro_layerLatch_capability
 .text.Macro_layerLock_capability
                0x0000000000001f8c       0x28 CMakeFiles/kiibohd.elf.dir/Macro/PartialMap/macro.c.o
                0x0000000000001f8c                Macro_layerLock_capability
 .text.Macro_layerRotate_capability
                0x0000000000001fb4       0x68 CMakeFiles/kiibohd.elf.dir/Macro/PartialMap/macro.c.o
                0x0000000000001fb4                Macro_layerRotate_capability
 .text.Macro_layerLookup
                0x000000000000201c      0x11c CMakeFiles/kiibohd.elf.dir/Macro/PartialMap/macro.c.o
                0x000000000000201c                Macro_layerLookup
 .text.Macro_keyState
                0x0000000000002138       0x50 CMakeFiles/kiibohd.elf.dir/Macro/PartialMap/macro.c.o
                0x0000000000002138                Macro_keyState
 .text.cliFunc_keyHold
                0x0000000000002188       0x2e CMakeFiles/kiibohd.elf.dir/Macro/PartialMap/macro.c.o
                0x0000000000002188                cliFunc_keyHold
 .text.cliFunc_keyPress
                0x00000000000021b6       0x2e CMakeFiles/kiibohd.elf.dir/Macro/PartialMap/macro.c.o
                0x00000000000021b6                cliFunc_keyPress
 .text.cliFunc_keyRelease
                0x00000000000021e4       0x2e CMakeFiles/kiibohd.elf.dir/Macro/PartialMap/macro.c.o
                0x00000000000021e4                cliFunc_keyRelease
 *fill*         0x0000000000002212        0x2 
 .text.Macro_evalTriggerMacro
                0x0000000000002214      0x23c CMakeFiles/kiibohd.elf.dir/Macro/PartialMap/macro.c.o
                0x0000000000002214                Macro_evalTriggerMacro
 .text.Macro_process
                0x0000000000002450      0x30c CMakeFiles/kiibohd.elf.dir/Macro/PartialMap/macro.c.o
                0x0000000000002450                Macro_process
 .text.Macro_setup
                0x000000000000275c       0x70 CMakeFiles/kiibohd.elf.dir/Macro/PartialMap/macro.c.o
                0x000000000000275c                Macro_setup
 .text.macroDebugShowTrigger
                0x00000000000027cc      0x114 CMakeFiles/kiibohd.elf.dir/Macro/PartialMap/macro.c.o
                0x00000000000027cc                macroDebugShowTrigger
 .text.macroDebugShowResult
                0x00000000000028e0      0x178 CMakeFiles/kiibohd.elf.dir/Macro/PartialMap/macro.c.o
                0x00000000000028e0                macroDebugShowResult
 .text.cliFunc_macroShow
                0x0000000000002a58       0x3e CMakeFiles/kiibohd.elf.dir/Macro/PartialMap/macro.c.o
                0x0000000000002a58                cliFunc_macroShow
 *fill*         0x0000000000002a96        0x2 
 .text.cliFunc_sendKeys
                0x0000000000002a98       0x24 CMakeFiles/kiibohd.elf.dir/Output/pjrcUSB/output_com.c.o
                0x0000000000002a98                cliFunc_sendKeys
 .text.cliFunc_kbdProtocol
                0x0000000000002abc       0x28 CMakeFiles/kiibohd.elf.dir/Output/pjrcUSB/output_com.c.o
                0x0000000000002abc                cliFunc_kbdProtocol
 .text.cliFunc_readLEDs
                0x0000000000002ae4       0x28 CMakeFiles/kiibohd.elf.dir/Output/pjrcUSB/output_com.c.o
                0x0000000000002ae4                cliFunc_readLEDs
 .text.cliFunc_setKeys
                0x0000000000002b0c       0x34 CMakeFiles/kiibohd.elf.dir/Output/pjrcUSB/output_com.c.o
                0x0000000000002b0c                cliFunc_setKeys
 .text.cliFunc_outputDebug
                0x0000000000002b40       0x24 CMakeFiles/kiibohd.elf.dir/Output/pjrcUSB/output_com.c.o
                0x0000000000002b40                cliFunc_outputDebug
 .text.cliFunc_setMod
                0x0000000000002b64       0x20 CMakeFiles/kiibohd.elf.dir/Output/pjrcUSB/output_com.c.o
                0x0000000000002b64                cliFunc_setMod
 .text.Output_consCtrlSend_capability
                0x0000000000002b84       0x58 CMakeFiles/kiibohd.elf.dir/Output/pjrcUSB/output_com.c.o
                0x0000000000002b84                Output_consCtrlSend_capability
 .text.Output_noneSend_capability
                0x0000000000002bdc       0x14 CMakeFiles/kiibohd.elf.dir/Output/pjrcUSB/output_com.c.o
                0x0000000000002bdc                Output_noneSend_capability
 .text.Output_sysCtrlSend_capability
                0x0000000000002bf0       0x58 CMakeFiles/kiibohd.elf.dir/Output/pjrcUSB/output_com.c.o
                0x0000000000002bf0                Output_sysCtrlSend_capability
 .text.Output_flashMode_capability
                0x0000000000002c48       0x18 CMakeFiles/kiibohd.elf.dir/Output/pjrcUSB/output_com.c.o
                0x0000000000002c48                Output_flashMode_capability
 .text.Output_flushBuffers
                0x0000000000002c60       0x2c CMakeFiles/kiibohd.elf.dir/Output/pjrcUSB/output_com.c.o
                0x0000000000002c60                Output_flushBuffers
 .text.Output_kbdProtocolBoot_capability
                0x0000000000002c8c       0x30 CMakeFiles/kiibohd.elf.dir/Output/pjrcUSB/output_com.c.o
                0x0000000000002c8c                Output_kbdProtocolBoot_capability
 .text.Output_kbdProtocolNKRO_capability
                0x0000000000002cbc       0x34 CMakeFiles/kiibohd.elf.dir/Output/pjrcUSB/output_com.c.o
                0x0000000000002cbc                Output_kbdProtocolNKRO_capability
 .text.Output_usbCodeSend_capability
                0x0000000000002cf0      0x1dc CMakeFiles/kiibohd.elf.dir/Output/pjrcUSB/output_com.c.o
                0x0000000000002cf0                Output_usbCodeSend_capability
 .text.Output_setup
                0x0000000000002ecc       0x20 CMakeFiles/kiibohd.elf.dir/Output/pjrcUSB/output_com.c.o
                0x0000000000002ecc                Output_setup
 .text.Output_send
                0x0000000000002eec       0x60 CMakeFiles/kiibohd.elf.dir/Output/pjrcUSB/output_com.c.o
                0x0000000000002eec                Output_send
 .text.Output_availablechar
                0x0000000000002f4c        0x4 CMakeFiles/kiibohd.elf.dir/Output/pjrcUSB/output_com.c.o
                0x0000000000002f4c                Output_availablechar
 .text.Output_getchar
                0x0000000000002f50        0x4 CMakeFiles/kiibohd.elf.dir/Output/pjrcUSB/output_com.c.o
                0x0000000000002f50                Output_getchar
 .text.Output_putstr
                0x0000000000002f54        0xe CMakeFiles/kiibohd.elf.dir/Output/pjrcUSB/output_com.c.o
                0x0000000000002f54                Output_putstr
 *fill*         0x0000000000002f62        0x2 
 .text.Output_softReset
                0x0000000000002f64       0x10 CMakeFiles/kiibohd.elf.dir/Output/pjrcUSB/output_com.c.o
                0x0000000000002f64                Output_softReset
 .text.endpoint0_transmit
                0x0000000000002f74       0x40 CMakeFiles/kiibohd.elf.dir/Output/pjrcUSB/arm/usb_dev.c.o
 .text.usb_rx   0x0000000000002fb4       0x38 CMakeFiles/kiibohd.elf.dir/Output/pjrcUSB/arm/usb_dev.c.o
                0x0000000000002fb4                usb_rx
 .text.usb_tx_packet_count
                0x0000000000002fec       0x24 CMakeFiles/kiibohd.elf.dir/Output/pjrcUSB/arm/usb_dev.c.o
                0x0000000000002fec                usb_tx_packet_count
 .text.usb_rx_memory
                0x0000000000003010       0x78 CMakeFiles/kiibohd.elf.dir/Output/pjrcUSB/arm/usb_dev.c.o
                0x0000000000003010                usb_rx_memory
 .text.usb_tx   0x0000000000003088       0x80 CMakeFiles/kiibohd.elf.dir/Output/pjrcUSB/arm/usb_dev.c.o
                0x0000000000003088                usb_tx
 .text.usb_device_reload
                0x0000000000003108       0x2c CMakeFiles/kiibohd.elf.dir/Output/pjrcUSB/arm/usb_dev.c.o
                0x0000000000003108                usb_device_reload
 .text.usb_isr  0x0000000000003134      0x734 CMakeFiles/kiibohd.elf.dir/Output/pjrcUSB/arm/usb_dev.c.o
                0x0000000000003134                usb_isr
 .text.usb_init
                0x0000000000003868       0x9c CMakeFiles/kiibohd.elf.dir/Output/pjrcUSB/arm/usb_dev.c.o
                0x0000000000003868                usb_init
 .text.usb_keyboard_send
                0x0000000000003904      0x2c4 CMakeFiles/kiibohd.elf.dir/Output/pjrcUSB/arm/usb_keyboard.c.o
                0x0000000000003904                usb_keyboard_send
 .text.usb_malloc
                0x0000000000003bc8       0x3c CMakeFiles/kiibohd.elf.dir/Output/pjrcUSB/arm/usb_mem.c.o
                0x0000000000003bc8                usb_malloc
 .text.usb_free
                0x0000000000003c04       0x44 CMakeFiles/kiibohd.elf.dir/Output/pjrcUSB/arm/usb_mem.c.o
                0x0000000000003c04                usb_free
 .text.usb_serial_getchar
                0x0000000000003c48       0x4c CMakeFiles/kiibohd.elf.dir/Output/pjrcUSB/arm/usb_serial.c.o
                0x0000000000003c48                usb_serial_getchar
 .text.usb_serial_available
                0x0000000000003c94       0x1c CMakeFiles/kiibohd.elf.dir/Output/pjrcUSB/arm/usb_serial.c.o
                0x0000000000003c94                usb_serial_available
 .text.usb_serial_write
                0x0000000000003cb0       0xd0 CMakeFiles/kiibohd.elf.dir/Output/pjrcUSB/arm/usb_serial.c.o
                0x0000000000003cb0                usb_serial_write
 .text.usb_serial_flush_callback
                0x0000000000003d80       0x48 CMakeFiles/kiibohd.elf.dir/Output/pjrcUSB/arm/usb_serial.c.o
                0x0000000000003d80                usb_serial_flush_callback
 .text.cliFunc_clear
                0x0000000000003dc8        0xc CMakeFiles/kiibohd.elf.dir/Debug/cli/cli.c.o
                0x0000000000003dc8                cliFunc_clear
 .text.cliFunc_reload
                0x0000000000003dd4       0x24 CMakeFiles/kiibohd.elf.dir/Debug/cli/cli.c.o
                0x0000000000003dd4                cliFunc_reload
 .text.cliFunc_reset
                0x0000000000003df8        0xc CMakeFiles/kiibohd.elf.dir/Debug/cli/cli.c.o
                0x0000000000003df8                cliFunc_reset
 .text.cliFunc_help
                0x0000000000003e04       0xb8 CMakeFiles/kiibohd.elf.dir/Debug/cli/cli.c.o
                0x0000000000003e04                cliFunc_help
 .text.cliFunc_led
                0x0000000000003ebc       0x14 CMakeFiles/kiibohd.elf.dir/Debug/cli/cli.c.o
                0x0000000000003ebc                cliFunc_led
 .text.cliFunc_restart
                0x0000000000003ed0        0x4 CMakeFiles/kiibohd.elf.dir/Debug/cli/cli.c.o
                0x0000000000003ed0                cliFunc_restart
 .text.cliFunc_version
                0x0000000000003ed4       0xd4 CMakeFiles/kiibohd.elf.dir/Debug/cli/cli.c.o
                0x0000000000003ed4                cliFunc_version
 .text.cliFunc_cliDebug
                0x0000000000003fa8       0x38 CMakeFiles/kiibohd.elf.dir/Debug/cli/cli.c.o
                0x0000000000003fa8                cliFunc_cliDebug
 .text.CLI_saveHistory.part.1
                0x0000000000003fe0       0x34 CMakeFiles/kiibohd.elf.dir/Debug/cli/cli.c.o
 .text.CLI_argumentIsolation
                0x0000000000004014       0x22 CMakeFiles/kiibohd.elf.dir/Debug/cli/cli.c.o
                0x0000000000004014                CLI_argumentIsolation
 *fill*         0x0000000000004036        0x2 
 .text.CLI_commandLookup
                0x0000000000004038       0xc8 CMakeFiles/kiibohd.elf.dir/Debug/cli/cli.c.o
                0x0000000000004038                CLI_commandLookup
 .text.CLI_registerDictionary
                0x0000000000004100       0x38 CMakeFiles/kiibohd.elf.dir/Debug/cli/cli.c.o
                0x0000000000004100                CLI_registerDictionary
 .text.CLI_init
                0x0000000000004138       0x68 CMakeFiles/kiibohd.elf.dir/Debug/cli/cli.c.o
                0x0000000000004138                CLI_init
 .text.CLI_tabCompletion
                0x00000000000041a0       0xc0 CMakeFiles/kiibohd.elf.dir/Debug/cli/cli.c.o
                0x00000000000041a0                CLI_tabCompletion
 .text.CLI_wrap
                0x0000000000004260       0x24 CMakeFiles/kiibohd.elf.dir/Debug/cli/cli.c.o
                0x0000000000004260                CLI_wrap
 .text.CLI_saveHistory
                0x0000000000004284       0x2c CMakeFiles/kiibohd.elf.dir/Debug/cli/cli.c.o
                0x0000000000004284                CLI_saveHistory
 .text.CLI_retreiveHistory
                0x00000000000042b0       0x4c CMakeFiles/kiibohd.elf.dir/Debug/cli/cli.c.o
                0x00000000000042b0                CLI_retreiveHistory
 .text.CLI_process
                0x00000000000042fc      0x214 CMakeFiles/kiibohd.elf.dir/Debug/cli/cli.c.o
                0x00000000000042fc                CLI_process
 .text.init_errorLED
                0x0000000000004510       0x20 CMakeFiles/kiibohd.elf.dir/Debug/led/led.c.o
                0x0000000000004510                init_errorLED
 .text.errorLED
                0x0000000000004530       0x1c CMakeFiles/kiibohd.elf.dir/Debug/led/led.c.o
                0x0000000000004530                errorLED
 .text.printstrs
                0x000000000000454c       0x34 CMakeFiles/kiibohd.elf.dir/Debug/print/print.c.o
                0x000000000000454c                printstrs
 .text._print   0x0000000000004580        0x4 CMakeFiles/kiibohd.elf.dir/Debug/print/print.c.o
                0x0000000000004580                _print
 .text.lenStr   0x0000000000004584       0x12 CMakeFiles/kiibohd.elf.dir/Debug/print/print.c.o
                0x0000000000004584                lenStr
 .text.revsStr  0x0000000000004596       0x20 CMakeFiles/kiibohd.elf.dir/Debug/print/print.c.o
                0x0000000000004596                revsStr
 .text.int8ToStr
                0x00000000000045b6       0x2e CMakeFiles/kiibohd.elf.dir/Debug/print/print.c.o
                0x00000000000045b6                int8ToStr
 .text.printInt8
                0x00000000000045e4       0x14 CMakeFiles/kiibohd.elf.dir/Debug/print/print.c.o
                0x00000000000045e4                printInt8
 .text.int16ToStr
                0x00000000000045f8       0x2c CMakeFiles/kiibohd.elf.dir/Debug/print/print.c.o
                0x00000000000045f8                int16ToStr
 .text.printInt16
                0x0000000000004624       0x14 CMakeFiles/kiibohd.elf.dir/Debug/print/print.c.o
                0x0000000000004624                printInt16
 .text.hexToStr_op
                0x0000000000004638       0x5a CMakeFiles/kiibohd.elf.dir/Debug/print/print.c.o
                0x0000000000004638                hexToStr_op
 .text.printHex_op
                0x0000000000004692       0x16 CMakeFiles/kiibohd.elf.dir/Debug/print/print.c.o
                0x0000000000004692                printHex_op
 .text.hex32ToStr_op
                0x00000000000046a8       0x54 CMakeFiles/kiibohd.elf.dir/Debug/print/print.c.o
                0x00000000000046a8                hex32ToStr_op
 .text.printHex32_op
                0x00000000000046fc       0x16 CMakeFiles/kiibohd.elf.dir/Debug/print/print.c.o
                0x00000000000046fc                printHex32_op
 .text.eqStr    0x0000000000004712       0x2a CMakeFiles/kiibohd.elf.dir/Debug/print/print.c.o
                0x0000000000004712                eqStr
 .text.numToInt
                0x000000000000473c       0x8a CMakeFiles/kiibohd.elf.dir/Debug/print/print.c.o
                0x000000000000473c                numToInt
 *(.rodata*)
 .rodata.str1.1
                0x00000000000047c6       0x8e CMakeFiles/kiibohd.elf.dir/Lib/mk20dx.c.o
                                         0x91 (size before relaxing)
 .rodata.sys_reset_to_loader_magic
                0x0000000000004854       0x16 CMakeFiles/kiibohd.elf.dir/Lib/mk20dx.c.o
                0x0000000000004854                sys_reset_to_loader_magic
 .rodata.matrixDebugCLIDict_DescEntry
                0x000000000000486a       0x86 CMakeFiles/kiibohd.elf.dir/Scan/MatrixARM/matrix_scan.c.o
                0x000000000000486a                matrixDebugCLIDict_DescEntry
 .rodata.str1.1
                0x00000000000048f0      0x1c3 CMakeFiles/kiibohd.elf.dir/Scan/MatrixARM/matrix_scan.c.o
                                        0x1cd (size before relaxing)
 .rodata.matrixStateCLIDict_DescEntry
                0x0000000000004ab3       0x9a CMakeFiles/kiibohd.elf.dir/Scan/MatrixARM/matrix_scan.c.o
                0x0000000000004ab3                matrixStateCLIDict_DescEntry
 .rodata.matrixCLIDictName
                0x0000000000004b4d       0x17 CMakeFiles/kiibohd.elf.dir/Scan/MatrixARM/matrix_scan.c.o
                0x0000000000004b4d                matrixCLIDictName
 .rodata.matrixCLIDict
                0x0000000000004b64       0x24 CMakeFiles/kiibohd.elf.dir/Scan/MatrixARM/matrix_scan.c.o
                0x0000000000004b64                matrixCLIDict
 .rodata.scanCLIDictName
                0x0000000000004b88       0x15 CMakeFiles/kiibohd.elf.dir/Scan/MD1/scan_loop.c.o
                0x0000000000004b88                scanCLIDictName
 .rodata.str1.1
                0x0000000000004b9d       0xdc CMakeFiles/kiibohd.elf.dir/Scan/MD1/scan_loop.c.o
                                         0xdf (size before relaxing)
 *fill*         0x0000000000004c79        0x3 
 .rodata.scanCLIDict
                0x0000000000004c7c       0x18 CMakeFiles/kiibohd.elf.dir/Scan/MD1/scan_loop.c.o
                0x0000000000004c7c                scanCLIDict
 .rodata.echoCLIDict_DescEntry
                0x0000000000004c94       0x26 CMakeFiles/kiibohd.elf.dir/Scan/MD1/scan_loop.c.o
                0x0000000000004c94                echoCLIDict_DescEntry
 *fill*         0x0000000000004cba        0x2 
 .rodata.layer1_tl_0x34
                0x0000000000004cbc        0x8 CMakeFiles/kiibohd.elf.dir/Macro/PartialMap/macro.c.o
                0x0000000000004cbc                layer1_tl_0x34
 .rodata.default_tl_0x0D
                0x0000000000004cc4        0x8 CMakeFiles/kiibohd.elf.dir/Macro/PartialMap/macro.c.o
                0x0000000000004cc4                default_tl_0x0D
 .rodata.tm13_guide
                0x0000000000004ccc        0x5 CMakeFiles/kiibohd.elf.dir/Macro/PartialMap/macro.c.o
                0x0000000000004ccc                tm13_guide
 .rodata.rm34_guide
                0x0000000000004cd1        0x4 CMakeFiles/kiibohd.elf.dir/Macro/PartialMap/macro.c.o
                0x0000000000004cd1                rm34_guide
 .rodata.rm95_guide
                0x0000000000004cd5        0x4 CMakeFiles/kiibohd.elf.dir/Macro/PartialMap/macro.c.o
                0x0000000000004cd5                rm95_guide
 *fill*         0x0000000000004cd9        0x3 
 .rodata.layer1_tl_0x2F
                0x0000000000004cdc        0x4 CMakeFiles/kiibohd.elf.dir/Macro/PartialMap/macro.c.o
                0x0000000000004cdc                layer1_tl_0x2F
 .rodata.tm34_guide
                0x0000000000004ce0        0x5 CMakeFiles/kiibohd.elf.dir/Macro/PartialMap/macro.c.o
                0x0000000000004ce0                tm34_guide
 *fill*         0x0000000000004ce5        0x3 
 .rodata.CapabilitiesList
                0x0000000000004ce8       0x78 CMakeFiles/kiibohd.elf.dir/Macro/PartialMap/macro.c.o
                0x0000000000004ce8                CapabilitiesList
 .rodata.tm97_guide
                0x0000000000004d60        0x5 CMakeFiles/kiibohd.elf.dir/Macro/PartialMap/macro.c.o
                0x0000000000004d60                tm97_guide
 .rodata.rm54_guide
                0x0000000000004d65        0x4 CMakeFiles/kiibohd.elf.dir/Macro/PartialMap/macro.c.o
                0x0000000000004d65                rm54_guide
 .rodata.tm96_guide
                0x0000000000004d69        0x5 CMakeFiles/kiibohd.elf.dir/Macro/PartialMap/macro.c.o
                0x0000000000004d69                tm96_guide
 .rodata.rm36_guide
                0x0000000000004d6e        0x4 CMakeFiles/kiibohd.elf.dir/Macro/PartialMap/macro.c.o
                0x0000000000004d6e                rm36_guide
 .rodata.tm35_guide
                0x0000000000004d72        0x5 CMakeFiles/kiibohd.elf.dir/Macro/PartialMap/macro.c.o
                0x0000000000004d72                tm35_guide
 .rodata.tm36_guide
                0x0000000000004d77        0x5 CMakeFiles/kiibohd.elf.dir/Macro/PartialMap/macro.c.o
                0x0000000000004d77                tm36_guide
 .rodata.tm87_guide
                0x0000000000004d7c        0x5 CMakeFiles/kiibohd.elf.dir/Macro/PartialMap/macro.c.o
                0x0000000000004d7c                tm87_guide
 .rodata.tm60_guide
                0x0000000000004d81        0x5 CMakeFiles/kiibohd.elf.dir/Macro/PartialMap/macro.c.o
                0x0000000000004d81                tm60_guide
 *fill*         0x0000000000004d86        0x2 
 .rodata.default_tl_0x10
                0x0000000000004d88        0x8 CMakeFiles/kiibohd.elf.dir/Macro/PartialMap/macro.c.o
                0x0000000000004d88                default_tl_0x10
 .rodata.tm27_guide
                0x0000000000004d90        0x5 CMakeFiles/kiibohd.elf.dir/Macro/PartialMap/macro.c.o
                0x0000000000004d90                tm27_guide
 .rodata.rm89_guide
                0x0000000000004d95        0x4 CMakeFiles/kiibohd.elf.dir/Macro/PartialMap/macro.c.o
                0x0000000000004d95                rm89_guide
 .rodata.rm5_guide
                0x0000000000004d99        0x4 CMakeFiles/kiibohd.elf.dir/Macro/PartialMap/macro.c.o
                0x0000000000004d99                rm5_guide
 .rodata.rm38_guide
                0x0000000000004d9d        0x5 CMakeFiles/kiibohd.elf.dir/Macro/PartialMap/macro.c.o
                0x0000000000004d9d                rm38_guide
 .rodata.rm62_guide
                0x0000000000004da2        0x4 CMakeFiles/kiibohd.elf.dir/Macro/PartialMap/macro.c.o
                0x0000000000004da2                rm62_guide
 .rodata.tm38_guide
                0x0000000000004da6        0x5 CMakeFiles/kiibohd.elf.dir/Macro/PartialMap/macro.c.o
                0x0000000000004da6                tm38_guide
 .rodata.tm62_guide
                0x0000000000004dab        0x5 CMakeFiles/kiibohd.elf.dir/Macro/PartialMap/macro.c.o
                0x0000000000004dab                tm62_guide
 .rodata.rm44_guide
                0x0000000000004db0        0x4 CMakeFiles/kiibohd.elf.dir/Macro/PartialMap/macro.c.o
                0x0000000000004db0                rm44_guide
 .rodata.rm25_guide
                0x0000000000004db4        0x4 CMakeFiles/kiibohd.elf.dir/Macro/PartialMap/macro.c.o
                0x0000000000004db4                rm25_guide
 .rodata.tm56_guide
                0x0000000000004db8        0x5 CMakeFiles/kiibohd.elf.dir/Macro/PartialMap/macro.c.o
                0x0000000000004db8                tm56_guide
 .rodata.rm64_guide
                0x0000000000004dbd        0x4 CMakeFiles/kiibohd.elf.dir/Macro/PartialMap/macro.c.o
                0x0000000000004dbd                rm64_guide
 .rodata.tm64_guide
                0x0000000000004dc1        0x5 CMakeFiles/kiibohd.elf.dir/Macro/PartialMap/macro.c.o
                0x0000000000004dc1                tm64_guide
 .rodata.rm19_guide
                0x0000000000004dc6        0x4 CMakeFiles/kiibohd.elf.dir/Macro/PartialMap/macro.c.o
                0x0000000000004dc6                rm19_guide
 .rodata.rm35_guide
                0x0000000000004dca        0x4 CMakeFiles/kiibohd.elf.dir/Macro/PartialMap/macro.c.o
                0x0000000000004dca                rm35_guide
 .rodata.rm51_guide
                0x0000000000004dce        0x4 CMakeFiles/kiibohd.elf.dir/Macro/PartialMap/macro.c.o
                0x0000000000004dce                rm51_guide
 *fill*         0x0000000000004dd2        0x2 
 .rodata.default_tl_0x1A
                0x0000000000004dd4        0x8 CMakeFiles/kiibohd.elf.dir/Macro/PartialMap/macro.c.o
                0x0000000000004dd4                default_tl_0x1A
 .rodata.tm32_guide
                0x0000000000004ddc        0x5 CMakeFiles/kiibohd.elf.dir/Macro/PartialMap/macro.c.o
                0x0000000000004ddc                tm32_guide
 .rodata.keyReleaseCLIDict_DescEntry
                0x0000000000004de1       0x6b CMakeFiles/kiibohd.elf.dir/Macro/PartialMap/macro.c.o
                0x0000000000004de1                keyReleaseCLIDict_DescEntry
 .rodata.default_tl_0x1C
                0x0000000000004e4c        0x8 CMakeFiles/kiibohd.elf.dir/Macro/PartialMap/macro.c.o
                0x0000000000004e4c                default_tl_0x1C
 .rodata.rm15_guide
                0x0000000000004e54        0x4 CMakeFiles/kiibohd.elf.dir/Macro/PartialMap/macro.c.o
                0x0000000000004e54                rm15_guide
 .rodata.default_tl_0x1D
                0x0000000000004e58        0x8 CMakeFiles/kiibohd.elf.dir/Macro/PartialMap/macro.c.o
                0x0000000000004e58                default_tl_0x1D
 .rodata.rm46_guide
                0x0000000000004e60        0x4 CMakeFiles/kiibohd.elf.dir/Macro/PartialMap/macro.c.o
                0x0000000000004e60                rm46_guide
 .rodata.default_tl_0x1E
                0x0000000000004e64        0x8 CMakeFiles/kiibohd.elf.dir/Macro/PartialMap/macro.c.o
                0x0000000000004e64                default_tl_0x1E
 .rodata.default_tl_0x1F
                0x0000000000004e6c        0x8 CMakeFiles/kiibohd.elf.dir/Macro/PartialMap/macro.c.o
                0x0000000000004e6c                default_tl_0x1F
 .rodata.tm90_guide
                0x0000000000004e74        0x5 CMakeFiles/kiibohd.elf.dir/Macro/PartialMap/macro.c.o
                0x0000000000004e74                tm90_guide
 .rodata.rm60_guide
                0x0000000000004e79        0x4 CMakeFiles/kiibohd.elf.dir/Macro/PartialMap/macro.c.o
                0x0000000000004e79                rm60_guide
 .rodata.str1.1
                0x0000000000004e7d      0x658 CMakeFiles/kiibohd.elf.dir/Macro/PartialMap/macro.c.o
                                        0x679 (size before relaxing)
 .rodata.macroProcCLIDict_DescEntry
                0x00000000000054d5       0x1f CMakeFiles/kiibohd.elf.dir/Macro/PartialMap/macro.c.o
                0x00000000000054d5                macroProcCLIDict_DescEntry
 .rodata.tm15_guide
                0x00000000000054f4        0x5 CMakeFiles/kiibohd.elf.dir/Macro/PartialMap/macro.c.o
                0x00000000000054f4                tm15_guide
 .rodata.rm78_guide
                0x00000000000054f9        0x5 CMakeFiles/kiibohd.elf.dir/Macro/PartialMap/macro.c.o
                0x00000000000054f9                rm78_guide
 .rodata.rm41_guide
                0x00000000000054fe        0x4 CMakeFiles/kiibohd.elf.dir/Macro/PartialMap/macro.c.o
                0x00000000000054fe                rm41_guide
 .rodata.rm92_guide
                0x0000000000005502        0x4 CMakeFiles/kiibohd.elf.dir/Macro/PartialMap/macro.c.o
                0x0000000000005502                rm92_guide
 .rodata.tm17_guide
                0x0000000000005506        0x5 CMakeFiles/kiibohd.elf.dir/Macro/PartialMap/macro.c.o
                0x0000000000005506                tm17_guide
 .rodata.tm68_guide
                0x000000000000550b        0x5 CMakeFiles/kiibohd.elf.dir/Macro/PartialMap/macro.c.o
                0x000000000000550b                tm68_guide
 .rodata.tm41_guide
                0x0000000000005510        0x5 CMakeFiles/kiibohd.elf.dir/Macro/PartialMap/macro.c.o
                0x0000000000005510                tm41_guide
 .rodata.tm92_guide
                0x0000000000005515        0x5 CMakeFiles/kiibohd.elf.dir/Macro/PartialMap/macro.c.o
                0x0000000000005515                tm92_guide
 .rodata.keyPressCLIDict_DescEntry
                0x000000000000551a       0x6e CMakeFiles/kiibohd.elf.dir/Macro/PartialMap/macro.c.o
                0x000000000000551a                keyPressCLIDict_DescEntry
 .rodata.rm49_guide
                0x0000000000005588        0x4 CMakeFiles/kiibohd.elf.dir/Macro/PartialMap/macro.c.o
                0x0000000000005588                rm49_guide
 .rodata.rm67_guide
                0x000000000000558c        0x4 CMakeFiles/kiibohd.elf.dir/Macro/PartialMap/macro.c.o
                0x000000000000558c                rm67_guide
 .rodata.rm0_guide
                0x0000000000005590        0x4 CMakeFiles/kiibohd.elf.dir/Macro/PartialMap/macro.c.o
                0x0000000000005590                rm0_guide
 .rodata.macroCLIDictName
                0x0000000000005594       0x16 CMakeFiles/kiibohd.elf.dir/Macro/PartialMap/macro.c.o
                0x0000000000005594                macroCLIDictName
 .rodata.rm43_guide
                0x00000000000055aa        0x4 CMakeFiles/kiibohd.elf.dir/Macro/PartialMap/macro.c.o
                0x00000000000055aa                rm43_guide
 .rodata.tm37_guide
                0x00000000000055ae        0x5 CMakeFiles/kiibohd.elf.dir/Macro/PartialMap/macro.c.o
                0x00000000000055ae                tm37_guide
 .rodata.tm19_guide
                0x00000000000055b3        0x5 CMakeFiles/kiibohd.elf.dir/Macro/PartialMap/macro.c.o
                0x00000000000055b3                tm19_guide
 .rodata.tm43_guide
                0x00000000000055b8        0x5 CMakeFiles/kiibohd.elf.dir/Macro/PartialMap/macro.c.o
                0x00000000000055b8                tm43_guide
 .rodata.tm94_guide
                0x00000000000055bd        0x5 CMakeFiles/kiibohd.elf.dir/Macro/PartialMap/macro.c.o
                0x00000000000055bd                tm94_guide
 .rodata.rm8_guide
                0x00000000000055c2        0x4 CMakeFiles/kiibohd.elf.dir/Macro/PartialMap/macro.c.o
                0x00000000000055c2                rm8_guide
 *fill*         0x00000000000055c6        0x2 
 .rodata.layer1_tl_0x0E
                0x00000000000055c8        0x8 CMakeFiles/kiibohd.elf.dir/Macro/PartialMap/macro.c.o
                0x00000000000055c8                layer1_tl_0x0E
 .rodata.layerDebugCLIDict_DescEntry
                0x00000000000055d0       0x35 CMakeFiles/kiibohd.elf.dir/Macro/PartialMap/macro.c.o
                0x00000000000055d0                layerDebugCLIDict_DescEntry
 .rodata.rm91_guide
                0x0000000000005605        0x4 CMakeFiles/kiibohd.elf.dir/Macro/PartialMap/macro.c.o
                0x0000000000005605                rm91_guide
 *fill*         0x0000000000005609        0x3 
 .rodata.layer1_tl_0x0F
                0x000000000000560c        0x8 CMakeFiles/kiibohd.elf.dir/Macro/PartialMap/macro.c.o
                0x000000000000560c                layer1_tl_0x0F
 .rodata.rm7_guide
                0x0000000000005614        0x4 CMakeFiles/kiibohd.elf.dir/Macro/PartialMap/macro.c.o
                0x0000000000005614                rm7_guide
 .rodata.rm45_guide
                0x0000000000005618        0x4 CMakeFiles/kiibohd.elf.dir/Macro/PartialMap/macro.c.o
                0x0000000000005618                rm45_guide
 .rodata.tm85_guide
                0x000000000000561c        0x5 CMakeFiles/kiibohd.elf.dir/Macro/PartialMap/macro.c.o
                0x000000000000561c                tm85_guide
 *fill*         0x0000000000005621        0x3 
 .rodata.default_tl_0x2D
                0x0000000000005624        0x8 CMakeFiles/kiibohd.elf.dir/Macro/PartialMap/macro.c.o
                0x0000000000005624                default_tl_0x2D
 .rodata.tm45_guide
                0x000000000000562c        0x5 CMakeFiles/kiibohd.elf.dir/Macro/PartialMap/macro.c.o
                0x000000000000562c                tm45_guide
 *fill*         0x0000000000005631        0x3 
 .rodata.default_tl_0x2E
                0x0000000000005634        0x8 CMakeFiles/kiibohd.elf.dir/Macro/PartialMap/macro.c.o
                0x0000000000005634                default_tl_0x2E
 .rodata.default_tl_0x2F
                0x000000000000563c        0x8 CMakeFiles/kiibohd.elf.dir/Macro/PartialMap/macro.c.o
                0x000000000000563c                default_tl_0x2F
 .rodata.tm23_guide
                0x0000000000005644        0x5 CMakeFiles/kiibohd.elf.dir/Macro/PartialMap/macro.c.o
                0x0000000000005644                tm23_guide
 .rodata.rm47_guide
                0x0000000000005649        0x4 CMakeFiles/kiibohd.elf.dir/Macro/PartialMap/macro.c.o
                0x0000000000005649                rm47_guide
 .rodata.rm10_guide
                0x000000000000564d        0x5 CMakeFiles/kiibohd.elf.dir/Macro/PartialMap/macro.c.o
                0x000000000000564d                rm10_guide
 .rodata.macroShowCLIDict_DescEntry
                0x0000000000005652       0x84 CMakeFiles/kiibohd.elf.dir/Macro/PartialMap/macro.c.o
                0x0000000000005652                macroShowCLIDict_DescEntry
 *fill*         0x00000000000056d6        0x2 
 .rodata.layer1_tl_0x0A
                0x00000000000056d8        0x8 CMakeFiles/kiibohd.elf.dir/Macro/PartialMap/macro.c.o
                0x00000000000056d8                layer1_tl_0x0A
 .rodata.tm47_guide
                0x00000000000056e0        0x5 CMakeFiles/kiibohd.elf.dir/Macro/PartialMap/macro.c.o
                0x00000000000056e0                tm47_guide
 *fill*         0x00000000000056e5        0x3 
 .rodata.default_tl_0x00
                0x00000000000056e8        0x8 CMakeFiles/kiibohd.elf.dir/Macro/PartialMap/macro.c.o
                0x00000000000056e8                default_tl_0x00
 .rodata.tm71_guide
                0x00000000000056f0        0x5 CMakeFiles/kiibohd.elf.dir/Macro/PartialMap/macro.c.o
                0x00000000000056f0                tm71_guide
 *fill*         0x00000000000056f5        0x3 
 .rodata.default_tl_0x02
                0x00000000000056f8        0x8 CMakeFiles/kiibohd.elf.dir/Macro/PartialMap/macro.c.o
                0x00000000000056f8                default_tl_0x02
 .rodata.default_tl_0x03
                0x0000000000005700        0x8 CMakeFiles/kiibohd.elf.dir/Macro/PartialMap/macro.c.o
                0x0000000000005700                default_tl_0x03
 .rodata.default_tl_0x04
                0x0000000000005708        0x8 CMakeFiles/kiibohd.elf.dir/Macro/PartialMap/macro.c.o
                0x0000000000005708                default_tl_0x04
 .rodata.default_tl_0x05
                0x0000000000005710        0x8 CMakeFiles/kiibohd.elf.dir/Macro/PartialMap/macro.c.o
                0x0000000000005710                default_tl_0x05
 .rodata.default_tl_0x06
                0x0000000000005718        0x8 CMakeFiles/kiibohd.elf.dir/Macro/PartialMap/macro.c.o
                0x0000000000005718                default_tl_0x06
 .rodata.default_tl_0x07
                0x0000000000005720        0x8 CMakeFiles/kiibohd.elf.dir/Macro/PartialMap/macro.c.o
                0x0000000000005720                default_tl_0x07
 .rodata.default_tl_0x08
                0x0000000000005728        0x8 CMakeFiles/kiibohd.elf.dir/Macro/PartialMap/macro.c.o
                0x0000000000005728                default_tl_0x08
 .rodata.default_tl_0x09
                0x0000000000005730        0x8 CMakeFiles/kiibohd.elf.dir/Macro/PartialMap/macro.c.o
                0x0000000000005730                default_tl_0x09
 .rodata.tm10_guide
                0x0000000000005738        0x5 CMakeFiles/kiibohd.elf.dir/Macro/PartialMap/macro.c.o
                0x0000000000005738                tm10_guide
 .rodata.tm1_guide
                0x000000000000573d        0x5 CMakeFiles/kiibohd.elf.dir/Macro/PartialMap/macro.c.o
                0x000000000000573d                tm1_guide
 .rodata.rm73_guide
                0x0000000000005742        0x4 CMakeFiles/kiibohd.elf.dir/Macro/PartialMap/macro.c.o
                0x0000000000005742                rm73_guide
 .rodata.tm49_guide
                0x0000000000005746        0x5 CMakeFiles/kiibohd.elf.dir/Macro/PartialMap/macro.c.o
                0x0000000000005746                tm49_guide
 .rodata.tm12_guide
                0x000000000000574b        0x5 CMakeFiles/kiibohd.elf.dir/Macro/PartialMap/macro.c.o
                0x000000000000574b                tm12_guide
 .rodata.tm73_guide
                0x0000000000005750        0x5 CMakeFiles/kiibohd.elf.dir/Macro/PartialMap/macro.c.o
                0x0000000000005750                tm73_guide
 *fill*         0x0000000000005755        0x3 
 .rodata.default_tl_0x0A
                0x0000000000005758        0x8 CMakeFiles/kiibohd.elf.dir/Macro/PartialMap/macro.c.o
                0x0000000000005758                default_tl_0x0A
 .rodata.layer1_tl_0x01
                0x0000000000005760        0x8 CMakeFiles/kiibohd.elf.dir/Macro/PartialMap/macro.c.o
                0x0000000000005760                layer1_tl_0x01
 .rodata.layer1_tl_0x02
                0x0000000000005768        0x8 CMakeFiles/kiibohd.elf.dir/Macro/PartialMap/macro.c.o
                0x0000000000005768                layer1_tl_0x02
 .rodata.layer1_tl_0x03
                0x0000000000005770        0x8 CMakeFiles/kiibohd.elf.dir/Macro/PartialMap/macro.c.o
                0x0000000000005770                layer1_tl_0x03
 .rodata.layer1_tl_0x04
                0x0000000000005778        0x8 CMakeFiles/kiibohd.elf.dir/Macro/PartialMap/macro.c.o
                0x0000000000005778                layer1_tl_0x04
 .rodata.layer1_tl_0x05
                0x0000000000005780        0x8 CMakeFiles/kiibohd.elf.dir/Macro/PartialMap/macro.c.o
                0x0000000000005780                layer1_tl_0x05
 .rodata.layer1_tl_0x06
                0x0000000000005788        0x8 CMakeFiles/kiibohd.elf.dir/Macro/PartialMap/macro.c.o
                0x0000000000005788                layer1_tl_0x06
 .rodata.layer1_tl_0x07
                0x0000000000005790        0x8 CMakeFiles/kiibohd.elf.dir/Macro/PartialMap/macro.c.o
                0x0000000000005790                layer1_tl_0x07
 .rodata.layer1_tl_0x08
                0x0000000000005798        0x8 CMakeFiles/kiibohd.elf.dir/Macro/PartialMap/macro.c.o
                0x0000000000005798                layer1_tl_0x08
 .rodata.ResultMacroList
                0x00000000000057a0      0x184 CMakeFiles/kiibohd.elf.dir/Macro/PartialMap/macro.c.o
                0x00000000000057a0                ResultMacroList
 .rodata.rm75_guide
                0x0000000000005924        0x4 CMakeFiles/kiibohd.elf.dir/Macro/PartialMap/macro.c.o
                0x0000000000005924                rm75_guide
 .rodata.tm14_guide
                0x0000000000005928        0x5 CMakeFiles/kiibohd.elf.dir/Macro/PartialMap/macro.c.o
                0x0000000000005928                tm14_guide
 .rodata.tm75_guide
                0x000000000000592d        0x5 CMakeFiles/kiibohd.elf.dir/Macro/PartialMap/macro.c.o
                0x000000000000592d                tm75_guide
 *fill*         0x0000000000005932        0x2 
 .rodata.default_tl_0x01
                0x0000000000005934        0x8 CMakeFiles/kiibohd.elf.dir/Macro/PartialMap/macro.c.o
                0x0000000000005934                default_tl_0x01
 .rodata.tm66_guide
                0x000000000000593c        0x5 CMakeFiles/kiibohd.elf.dir/Macro/PartialMap/macro.c.o
                0x000000000000593c                tm66_guide
 *fill*         0x0000000000005941        0x3 
 .rodata.layer1_tl_0x0B
                0x0000000000005944        0x8 CMakeFiles/kiibohd.elf.dir/Macro/PartialMap/macro.c.o
                0x0000000000005944                layer1_tl_0x0B
 .rodata.layer1_tl_0x0C
                0x000000000000594c        0x8 CMakeFiles/kiibohd.elf.dir/Macro/PartialMap/macro.c.o
                0x000000000000594c                layer1_tl_0x0C
 .rodata.layer1_tl_0x0D
                0x0000000000005954        0x8 CMakeFiles/kiibohd.elf.dir/Macro/PartialMap/macro.c.o
                0x0000000000005954                layer1_tl_0x0D
 .rodata.default_tl_0x25
                0x000000000000595c        0x8 CMakeFiles/kiibohd.elf.dir/Macro/PartialMap/macro.c.o
                0x000000000000595c                default_tl_0x25
 .rodata.tm5_guide
                0x0000000000005964        0x5 CMakeFiles/kiibohd.elf.dir/Macro/PartialMap/macro.c.o
                0x0000000000005964                tm5_guide
 .rodata.rm87_guide
                0x0000000000005969        0x4 CMakeFiles/kiibohd.elf.dir/Macro/PartialMap/macro.c.o
                0x0000000000005969                rm87_guide
 .rodata.tm39_guide
                0x000000000000596d        0x5 CMakeFiles/kiibohd.elf.dir/Macro/PartialMap/macro.c.o
                0x000000000000596d                tm39_guide
 .rodata.tm26_guide
                0x0000000000005972        0x5 CMakeFiles/kiibohd.elf.dir/Macro/PartialMap/macro.c.o
                0x0000000000005972                tm26_guide
 .rodata.tm77_guide
                0x0000000000005977        0x5 CMakeFiles/kiibohd.elf.dir/Macro/PartialMap/macro.c.o
                0x0000000000005977                tm77_guide
 .rodata.tm50_guide
                0x000000000000597c        0x5 CMakeFiles/kiibohd.elf.dir/Macro/PartialMap/macro.c.o
                0x000000000000597c                tm50_guide
 .rodata.rm22_guide
                0x0000000000005981        0x4 CMakeFiles/kiibohd.elf.dir/Macro/PartialMap/macro.c.o
                0x0000000000005981                rm22_guide
 .rodata.rm80_guide
                0x0000000000005985        0x4 CMakeFiles/kiibohd.elf.dir/Macro/PartialMap/macro.c.o
                0x0000000000005985                rm80_guide
 .rodata.rm56_guide
                0x0000000000005989        0x4 CMakeFiles/kiibohd.elf.dir/Macro/PartialMap/macro.c.o
                0x0000000000005989                rm56_guide
 .rodata.rm9_guide
                0x000000000000598d        0x4 CMakeFiles/kiibohd.elf.dir/Macro/PartialMap/macro.c.o
                0x000000000000598d                rm9_guide
 .rodata.tm7_guide
                0x0000000000005991        0x5 CMakeFiles/kiibohd.elf.dir/Macro/PartialMap/macro.c.o
                0x0000000000005991                tm7_guide
 .rodata.rm52_guide
                0x0000000000005996        0x5 CMakeFiles/kiibohd.elf.dir/Macro/PartialMap/macro.c.o
                0x0000000000005996                rm52_guide
 .rodata.tm28_guide
                0x000000000000599b        0x5 CMakeFiles/kiibohd.elf.dir/Macro/PartialMap/macro.c.o
                0x000000000000599b                tm28_guide
 .rodata.tm79_guide
                0x00000000000059a0        0x5 CMakeFiles/kiibohd.elf.dir/Macro/PartialMap/macro.c.o
                0x00000000000059a0                tm79_guide
 *fill*         0x00000000000059a5        0x3 
 .rodata.default_tl_0x2A
                0x00000000000059a8        0x8 CMakeFiles/kiibohd.elf.dir/Macro/PartialMap/macro.c.o
                0x00000000000059a8                default_tl_0x2A
 .rodata.default_tl_0x2B
                0x00000000000059b0        0x8 CMakeFiles/kiibohd.elf.dir/Macro/PartialMap/macro.c.o
                0x00000000000059b0                default_tl_0x2B
 .rodata.default_tl_0x11
                0x00000000000059b8        0x8 CMakeFiles/kiibohd.elf.dir/Macro/PartialMap/macro.c.o
                0x00000000000059b8                default_tl_0x11
 .rodata.default_tl_0x12
                0x00000000000059c0        0x8 CMakeFiles/kiibohd.elf.dir/Macro/PartialMap/macro.c.o
                0x00000000000059c0                default_tl_0x12
 .rodata.default_tl_0x13
                0x00000000000059c8        0x8 CMakeFiles/kiibohd.elf.dir/Macro/PartialMap/macro.c.o
                0x00000000000059c8                default_tl_0x13
 .rodata.default_tl_0x14
                0x00000000000059d0        0x8 CMakeFiles/kiibohd.elf.dir/Macro/PartialMap/macro.c.o
                0x00000000000059d0                default_tl_0x14
 .rodata.default_tl_0x15
                0x00000000000059d8        0x8 CMakeFiles/kiibohd.elf.dir/Macro/PartialMap/macro.c.o
                0x00000000000059d8                default_tl_0x15
 .rodata.default_tl_0x16
                0x00000000000059e0        0x8 CMakeFiles/kiibohd.elf.dir/Macro/PartialMap/macro.c.o
                0x00000000000059e0                default_tl_0x16
 .rodata.default_tl_0x17
                0x00000000000059e8        0x8 CMakeFiles/kiibohd.elf.dir/Macro/PartialMap/macro.c.o
                0x00000000000059e8                default_tl_0x17
 .rodata.default_tl_0x18
                0x00000000000059f0        0x8 CMakeFiles/kiibohd.elf.dir/Macro/PartialMap/macro.c.o
                0x00000000000059f0                default_tl_0x18
 .rodata.default_tl_0x19
                0x00000000000059f8        0x8 CMakeFiles/kiibohd.elf.dir/Macro/PartialMap/macro.c.o
                0x00000000000059f8                default_tl_0x19
 .rodata.tm54_guide
                0x0000000000005a00        0x5 CMakeFiles/kiibohd.elf.dir/Macro/PartialMap/macro.c.o
                0x0000000000005a00                tm54_guide
 .rodata.rm77_guide
                0x0000000000005a05        0x4 CMakeFiles/kiibohd.elf.dir/Macro/PartialMap/macro.c.o
                0x0000000000005a05                rm77_guide
 .rodata.rm16_guide
                0x0000000000005a09        0x4 CMakeFiles/kiibohd.elf.dir/Macro/PartialMap/macro.c.o
                0x0000000000005a09                rm16_guide
 *fill*         0x0000000000005a0d        0x3 
 .rodata.layer1_tl_0x10
                0x0000000000005a10        0x4 CMakeFiles/kiibohd.elf.dir/Macro/PartialMap/macro.c.o
                0x0000000000005a10                layer1_tl_0x10
 .rodata.default_tl_0x1B
                0x0000000000005a14        0x8 CMakeFiles/kiibohd.elf.dir/Macro/PartialMap/macro.c.o
                0x0000000000005a14                default_tl_0x1B
 .rodata.layer1_tl_0x12
                0x0000000000005a1c        0x4 CMakeFiles/kiibohd.elf.dir/Macro/PartialMap/macro.c.o
                0x0000000000005a1c                layer1_tl_0x12
 .rodata.layer1_tl_0x13
                0x0000000000005a20        0x4 CMakeFiles/kiibohd.elf.dir/Macro/PartialMap/macro.c.o
                0x0000000000005a20                layer1_tl_0x13
 .rodata.layer1_tl_0x14
                0x0000000000005a24        0x4 CMakeFiles/kiibohd.elf.dir/Macro/PartialMap/macro.c.o
                0x0000000000005a24                layer1_tl_0x14
 .rodata.layer1_tl_0x15
                0x0000000000005a28        0x4 CMakeFiles/kiibohd.elf.dir/Macro/PartialMap/macro.c.o
                0x0000000000005a28                layer1_tl_0x15
 .rodata.layer1_tl_0x16
                0x0000000000005a2c        0x4 CMakeFiles/kiibohd.elf.dir/Macro/PartialMap/macro.c.o
                0x0000000000005a2c                layer1_tl_0x16
 .rodata.layer1_tl_0x17
                0x0000000000005a30        0x8 CMakeFiles/kiibohd.elf.dir/Macro/PartialMap/macro.c.o
                0x0000000000005a30                layer1_tl_0x17
 .rodata.layer1_tl_0x18
                0x0000000000005a38        0x8 CMakeFiles/kiibohd.elf.dir/Macro/PartialMap/macro.c.o
                0x0000000000005a38                layer1_tl_0x18
 .rodata.layer1_tl_0x19
                0x0000000000005a40        0x8 CMakeFiles/kiibohd.elf.dir/Macro/PartialMap/macro.c.o
                0x0000000000005a40                layer1_tl_0x19
 .rodata.tm80_guide
                0x0000000000005a48        0x5 CMakeFiles/kiibohd.elf.dir/Macro/PartialMap/macro.c.o
                0x0000000000005a48                tm80_guide
 *fill*         0x0000000000005a4d        0x3 
 .rodata.layer1_tl_0x1A
                0x0000000000005a50        0x8 CMakeFiles/kiibohd.elf.dir/Macro/PartialMap/macro.c.o
                0x0000000000005a50                layer1_tl_0x1A
 .rodata.layer1_tl_0x11
                0x0000000000005a58        0x8 CMakeFiles/kiibohd.elf.dir/Macro/PartialMap/macro.c.o
                0x0000000000005a58                layer1_tl_0x11
 .rodata.layer1_tl_0x1C
                0x0000000000005a60        0x4 CMakeFiles/kiibohd.elf.dir/Macro/PartialMap/macro.c.o
                0x0000000000005a60                layer1_tl_0x1C
 .rodata.layer1_tl_0x1D
                0x0000000000005a64        0x4 CMakeFiles/kiibohd.elf.dir/Macro/PartialMap/macro.c.o
                0x0000000000005a64                layer1_tl_0x1D
 .rodata.layer1_tl_0x1E
                0x0000000000005a68        0x8 CMakeFiles/kiibohd.elf.dir/Macro/PartialMap/macro.c.o
                0x0000000000005a68                layer1_tl_0x1E
 .rodata.layer1_tl_0x1F
                0x0000000000005a70        0x8 CMakeFiles/kiibohd.elf.dir/Macro/PartialMap/macro.c.o
                0x0000000000005a70                layer1_tl_0x1F
 .rodata.tm58_guide
                0x0000000000005a78        0x5 CMakeFiles/kiibohd.elf.dir/Macro/PartialMap/macro.c.o
                0x0000000000005a78                tm58_guide
 .rodata.tm21_guide
                0x0000000000005a7d        0x5 CMakeFiles/kiibohd.elf.dir/Macro/PartialMap/macro.c.o
                0x0000000000005a7d                tm21_guide
 .rodata.tm82_guide
                0x0000000000005a82        0x5 CMakeFiles/kiibohd.elf.dir/Macro/PartialMap/macro.c.o
                0x0000000000005a82                tm82_guide
 .rodata.rm18_guide
                0x0000000000005a87        0x4 CMakeFiles/kiibohd.elf.dir/Macro/PartialMap/macro.c.o
                0x0000000000005a87                rm18_guide
 .rodata.layerStateCLIDict_DescEntry
                0x0000000000005a8b       0x87 CMakeFiles/kiibohd.elf.dir/Macro/PartialMap/macro.c.o
                0x0000000000005a8b                layerStateCLIDict_DescEntry
 .rodata.rm4_guide
                0x0000000000005b12        0x4 CMakeFiles/kiibohd.elf.dir/Macro/PartialMap/macro.c.o
                0x0000000000005b12                rm4_guide
 .rodata.rm86_guide
                0x0000000000005b16        0x4 CMakeFiles/kiibohd.elf.dir/Macro/PartialMap/macro.c.o
                0x0000000000005b16                rm86_guide
 .rodata.rm33_guide
                0x0000000000005b1a        0x4 CMakeFiles/kiibohd.elf.dir/Macro/PartialMap/macro.c.o
                0x0000000000005b1a                rm33_guide
 .rodata.rm94_guide
                0x0000000000005b1e        0x4 CMakeFiles/kiibohd.elf.dir/Macro/PartialMap/macro.c.o
                0x0000000000005b1e                rm94_guide
 .rodata.rm2_guide
                0x0000000000005b22        0x4 CMakeFiles/kiibohd.elf.dir/Macro/PartialMap/macro.c.o
                0x0000000000005b22                rm2_guide
 .rodata.rm85_guide
                0x0000000000005b26        0x4 CMakeFiles/kiibohd.elf.dir/Macro/PartialMap/macro.c.o
                0x0000000000005b26                rm85_guide
 .rodata.tm33_guide
                0x0000000000005b2a        0x5 CMakeFiles/kiibohd.elf.dir/Macro/PartialMap/macro.c.o
                0x0000000000005b2a                tm33_guide
 .rodata.tm84_guide
                0x0000000000005b2f        0x5 CMakeFiles/kiibohd.elf.dir/Macro/PartialMap/macro.c.o
                0x0000000000005b2f                tm84_guide
 .rodata.rm24_guide
                0x0000000000005b34        0x4 CMakeFiles/kiibohd.elf.dir/Macro/PartialMap/macro.c.o
                0x0000000000005b34                rm24_guide
 .rodata.rm58_guide
                0x0000000000005b38        0x4 CMakeFiles/kiibohd.elf.dir/Macro/PartialMap/macro.c.o
                0x0000000000005b38                rm58_guide
 .rodata.default_tl_0x20
                0x0000000000005b3c        0x8 CMakeFiles/kiibohd.elf.dir/Macro/PartialMap/macro.c.o
                0x0000000000005b3c                default_tl_0x20
 .rodata.default_tl_0x21
                0x0000000000005b44        0x8 CMakeFiles/kiibohd.elf.dir/Macro/PartialMap/macro.c.o
                0x0000000000005b44                default_tl_0x21
 .rodata.default_tl_0x22
                0x0000000000005b4c        0x8 CMakeFiles/kiibohd.elf.dir/Macro/PartialMap/macro.c.o
                0x0000000000005b4c                default_tl_0x22
 .rodata.default_tl_0x23
                0x0000000000005b54        0x8 CMakeFiles/kiibohd.elf.dir/Macro/PartialMap/macro.c.o
                0x0000000000005b54                default_tl_0x23
 .rodata.default_tl_0x24
                0x0000000000005b5c        0x8 CMakeFiles/kiibohd.elf.dir/Macro/PartialMap/macro.c.o
                0x0000000000005b5c                default_tl_0x24
 .rodata.tm86_guide
                0x0000000000005b64        0x5 CMakeFiles/kiibohd.elf.dir/Macro/PartialMap/macro.c.o
                0x0000000000005b64                tm86_guide
 *fill*         0x0000000000005b69        0x3 
 .rodata.default_tl_0x26
                0x0000000000005b6c        0x8 CMakeFiles/kiibohd.elf.dir/Macro/PartialMap/macro.c.o
                0x0000000000005b6c                default_tl_0x26
 .rodata.default_tl_0x27
                0x0000000000005b74        0x8 CMakeFiles/kiibohd.elf.dir/Macro/PartialMap/macro.c.o
                0x0000000000005b74                default_tl_0x27
 .rodata.default_tl_0x28
                0x0000000000005b7c        0x8 CMakeFiles/kiibohd.elf.dir/Macro/PartialMap/macro.c.o
                0x0000000000005b7c                default_tl_0x28
 .rodata.default_tl_0x29
                0x0000000000005b84        0x8 CMakeFiles/kiibohd.elf.dir/Macro/PartialMap/macro.c.o
                0x0000000000005b84                default_tl_0x29
 .rodata.tm42_guide
                0x0000000000005b8c        0x5 CMakeFiles/kiibohd.elf.dir/Macro/PartialMap/macro.c.o
                0x0000000000005b8c                tm42_guide
 .rodata.layerListCLIDict_DescEntry
                0x0000000000005b91       0x17 CMakeFiles/kiibohd.elf.dir/Macro/PartialMap/macro.c.o
                0x0000000000005b91                layerListCLIDict_DescEntry
 .rodata.tm51_guide
                0x0000000000005ba8        0x5 CMakeFiles/kiibohd.elf.dir/Macro/PartialMap/macro.c.o
                0x0000000000005ba8                tm51_guide
 *fill*         0x0000000000005bad        0x3 
 .rodata.layer1_tl_0x20
                0x0000000000005bb0        0x8 CMakeFiles/kiibohd.elf.dir/Macro/PartialMap/macro.c.o
                0x0000000000005bb0                layer1_tl_0x20
 .rodata.layer1_tl_0x21
                0x0000000000005bb8        0x8 CMakeFiles/kiibohd.elf.dir/Macro/PartialMap/macro.c.o
                0x0000000000005bb8                layer1_tl_0x21
 .rodata.default_tl_0x2C
                0x0000000000005bc0        0x8 CMakeFiles/kiibohd.elf.dir/Macro/PartialMap/macro.c.o
                0x0000000000005bc0                default_tl_0x2C
 .rodata.tm88_guide
                0x0000000000005bc8        0x5 CMakeFiles/kiibohd.elf.dir/Macro/PartialMap/macro.c.o
                0x0000000000005bc8                tm88_guide
 .rodata.tm61_guide
                0x0000000000005bcd        0x5 CMakeFiles/kiibohd.elf.dir/Macro/PartialMap/macro.c.o
                0x0000000000005bcd                tm61_guide
 *fill*         0x0000000000005bd2        0x2 
 .rodata.layer1_tl_0x25
                0x0000000000005bd4        0x8 CMakeFiles/kiibohd.elf.dir/Macro/PartialMap/macro.c.o
                0x0000000000005bd4                layer1_tl_0x25
 .rodata.layer1_tl_0x26
                0x0000000000005bdc        0x8 CMakeFiles/kiibohd.elf.dir/Macro/PartialMap/macro.c.o
                0x0000000000005bdc                layer1_tl_0x26
 .rodata.layer1_tl_0x27
                0x0000000000005be4        0x8 CMakeFiles/kiibohd.elf.dir/Macro/PartialMap/macro.c.o
                0x0000000000005be4                layer1_tl_0x27
 .rodata.layer1_tl_0x28
                0x0000000000005bec        0x8 CMakeFiles/kiibohd.elf.dir/Macro/PartialMap/macro.c.o
                0x0000000000005bec                layer1_tl_0x28
 .rodata.layer1_tl_0x29
                0x0000000000005bf4        0x4 CMakeFiles/kiibohd.elf.dir/Macro/PartialMap/macro.c.o
                0x0000000000005bf4                layer1_tl_0x29
 .rodata.rm90_guide
                0x0000000000005bf8        0x4 CMakeFiles/kiibohd.elf.dir/Macro/PartialMap/macro.c.o
                0x0000000000005bf8                rm90_guide
 .rodata.default_tl_0x31
                0x0000000000005bfc        0x8 CMakeFiles/kiibohd.elf.dir/Macro/PartialMap/macro.c.o
                0x0000000000005bfc                default_tl_0x31
 .rodata.rm63_guide
                0x0000000000005c04        0x4 CMakeFiles/kiibohd.elf.dir/Macro/PartialMap/macro.c.o
                0x0000000000005c04                rm63_guide
 .rodata.tm9_guide
                0x0000000000005c08        0x5 CMakeFiles/kiibohd.elf.dir/Macro/PartialMap/macro.c.o
                0x0000000000005c08                tm9_guide
 *fill*         0x0000000000005c0d        0x3 
 .rodata.layer1_tl_0x2A
                0x0000000000005c10        0x4 CMakeFiles/kiibohd.elf.dir/Macro/PartialMap/macro.c.o
                0x0000000000005c10                layer1_tl_0x2A
 .rodata.layer1_tl_0x2B
                0x0000000000005c14        0x4 CMakeFiles/kiibohd.elf.dir/Macro/PartialMap/macro.c.o
                0x0000000000005c14                layer1_tl_0x2B
 .rodata.layer1_tl_0x1B
                0x0000000000005c18        0x4 CMakeFiles/kiibohd.elf.dir/Macro/PartialMap/macro.c.o
                0x0000000000005c18                layer1_tl_0x1B
 .rodata.layer1_tl_0x2D
                0x0000000000005c1c        0x4 CMakeFiles/kiibohd.elf.dir/Macro/PartialMap/macro.c.o
                0x0000000000005c1c                layer1_tl_0x2D
 .rodata.layer1_tl_0x2E
                0x0000000000005c20        0x4 CMakeFiles/kiibohd.elf.dir/Macro/PartialMap/macro.c.o
                0x0000000000005c20                layer1_tl_0x2E
 .rodata.tm63_guide
                0x0000000000005c24        0x5 CMakeFiles/kiibohd.elf.dir/Macro/PartialMap/macro.c.o
                0x0000000000005c24                tm63_guide
 *fill*         0x0000000000005c29        0x3 
 .rodata.macroCLIDict
                0x0000000000005c2c       0xa8 CMakeFiles/kiibohd.elf.dir/Macro/PartialMap/macro.c.o
                0x0000000000005c2c                macroCLIDict
 .rodata.rm66_guide
                0x0000000000005cd4        0x4 CMakeFiles/kiibohd.elf.dir/Macro/PartialMap/macro.c.o
                0x0000000000005cd4                rm66_guide
 .rodata.rm82_guide
                0x0000000000005cd8        0x4 CMakeFiles/kiibohd.elf.dir/Macro/PartialMap/macro.c.o
                0x0000000000005cd8                rm82_guide
 .rodata.rm14_guide
                0x0000000000005cdc        0x4 CMakeFiles/kiibohd.elf.dir/Macro/PartialMap/macro.c.o
                0x0000000000005cdc                rm14_guide
 .rodata.rm65_guide
                0x0000000000005ce0        0x5 CMakeFiles/kiibohd.elf.dir/Macro/PartialMap/macro.c.o
                0x0000000000005ce0                rm65_guide
 .rodata.tm40_guide
                0x0000000000005ce5        0x5 CMakeFiles/kiibohd.elf.dir/Macro/PartialMap/macro.c.o
                0x0000000000005ce5                tm40_guide
 *fill*         0x0000000000005cea        0x2 
 .rodata.default_tl_0x3D
                0x0000000000005cec        0x8 CMakeFiles/kiibohd.elf.dir/Macro/PartialMap/macro.c.o
                0x0000000000005cec                default_tl_0x3D
 .rodata.tm65_guide
                0x0000000000005cf4        0x5 CMakeFiles/kiibohd.elf.dir/Macro/PartialMap/macro.c.o
                0x0000000000005cf4                tm65_guide
 *fill*         0x0000000000005cf9        0x3 
 .rodata.default_tl_0x3E
                0x0000000000005cfc        0x8 CMakeFiles/kiibohd.elf.dir/Macro/PartialMap/macro.c.o
                0x0000000000005cfc                default_tl_0x3E
 .rodata.capSelectCLIDict_DescEntry
                0x0000000000005d04       0x76 CMakeFiles/kiibohd.elf.dir/Macro/PartialMap/macro.c.o
                0x0000000000005d04                capSelectCLIDict_DescEntry
 .rodata.tm31_guide
                0x0000000000005d7a        0x5 CMakeFiles/kiibohd.elf.dir/Macro/PartialMap/macro.c.o
                0x0000000000005d7a                tm31_guide
 .rodata.rm69_guide
                0x0000000000005d7f        0x4 CMakeFiles/kiibohd.elf.dir/Macro/PartialMap/macro.c.o
                0x0000000000005d7f                rm69_guide
 *fill*         0x0000000000005d83        0x1 
 .rodata.default_tl_0x3A
                0x0000000000005d84        0x8 CMakeFiles/kiibohd.elf.dir/Macro/PartialMap/macro.c.o
                0x0000000000005d84                default_tl_0x3A
 .rodata.rm40_guide
                0x0000000000005d8c        0x4 CMakeFiles/kiibohd.elf.dir/Macro/PartialMap/macro.c.o
                0x0000000000005d8c                rm40_guide
 .rodata.default_tl_0x3B
                0x0000000000005d90        0x8 CMakeFiles/kiibohd.elf.dir/Macro/PartialMap/macro.c.o
                0x0000000000005d90                default_tl_0x3B
 .rodata.tm16_guide
                0x0000000000005d98        0x5 CMakeFiles/kiibohd.elf.dir/Macro/PartialMap/macro.c.o
                0x0000000000005d98                tm16_guide
 *fill*         0x0000000000005d9d        0x3 
 .rodata.default_tl_0x3C
                0x0000000000005da0        0x8 CMakeFiles/kiibohd.elf.dir/Macro/PartialMap/macro.c.o
                0x0000000000005da0                default_tl_0x3C
 .rodata.default_tl_0x30
                0x0000000000005da8        0x8 CMakeFiles/kiibohd.elf.dir/Macro/PartialMap/macro.c.o
                0x0000000000005da8                default_tl_0x30
 .rodata.tm91_guide
                0x0000000000005db0        0x5 CMakeFiles/kiibohd.elf.dir/Macro/PartialMap/macro.c.o
                0x0000000000005db0                tm91_guide
 *fill*         0x0000000000005db5        0x3 
 .rodata.default_tl_0x32
                0x0000000000005db8        0x8 CMakeFiles/kiibohd.elf.dir/Macro/PartialMap/macro.c.o
                0x0000000000005db8                default_tl_0x32
 .rodata.default_tl_0x33
                0x0000000000005dc0        0x8 CMakeFiles/kiibohd.elf.dir/Macro/PartialMap/macro.c.o
                0x0000000000005dc0                default_tl_0x33
 .rodata.default_tl_0x34
                0x0000000000005dc8        0x8 CMakeFiles/kiibohd.elf.dir/Macro/PartialMap/macro.c.o
                0x0000000000005dc8                default_tl_0x34
 .rodata.default_tl_0x35
                0x0000000000005dd0        0x8 CMakeFiles/kiibohd.elf.dir/Macro/PartialMap/macro.c.o
                0x0000000000005dd0                default_tl_0x35
 .rodata.default_tl_0x36
                0x0000000000005dd8        0x8 CMakeFiles/kiibohd.elf.dir/Macro/PartialMap/macro.c.o
                0x0000000000005dd8                default_tl_0x36
 .rodata.default_tl_0x37
                0x0000000000005de0        0x8 CMakeFiles/kiibohd.elf.dir/Macro/PartialMap/macro.c.o
                0x0000000000005de0                default_tl_0x37
 .rodata.default_tl_0x38
                0x0000000000005de8        0x8 CMakeFiles/kiibohd.elf.dir/Macro/PartialMap/macro.c.o
                0x0000000000005de8                default_tl_0x38
 .rodata.default_tl_0x39
                0x0000000000005df0        0x8 CMakeFiles/kiibohd.elf.dir/Macro/PartialMap/macro.c.o
                0x0000000000005df0                default_tl_0x39
 .rodata.rm79_guide
                0x0000000000005df8        0x4 CMakeFiles/kiibohd.elf.dir/Macro/PartialMap/macro.c.o
                0x0000000000005df8                rm79_guide
 .rodata.rm42_guide
                0x0000000000005dfc        0x4 CMakeFiles/kiibohd.elf.dir/Macro/PartialMap/macro.c.o
                0x0000000000005dfc                rm42_guide
 .rodata.rm93_guide
                0x0000000000005e00        0x4 CMakeFiles/kiibohd.elf.dir/Macro/PartialMap/macro.c.o
                0x0000000000005e00                rm93_guide
 .rodata.tm18_guide
                0x0000000000005e04        0x5 CMakeFiles/kiibohd.elf.dir/Macro/PartialMap/macro.c.o
                0x0000000000005e04                tm18_guide
 .rodata.tm69_guide
                0x0000000000005e09        0x5 CMakeFiles/kiibohd.elf.dir/Macro/PartialMap/macro.c.o
                0x0000000000005e09                tm69_guide
 .rodata.tm93_guide
                0x0000000000005e0e        0x5 CMakeFiles/kiibohd.elf.dir/Macro/PartialMap/macro.c.o
                0x0000000000005e0e                tm93_guide
 *fill*         0x0000000000005e13        0x1 
 .rodata.layer1_tl_0x30
                0x0000000000005e14        0x8 CMakeFiles/kiibohd.elf.dir/Macro/PartialMap/macro.c.o
                0x0000000000005e14                layer1_tl_0x30
 .rodata.layer1_tl_0x31
                0x0000000000005e1c        0x8 CMakeFiles/kiibohd.elf.dir/Macro/PartialMap/macro.c.o
                0x0000000000005e1c                layer1_tl_0x31
 .rodata.layer1_tl_0x32
                0x0000000000005e24        0x8 CMakeFiles/kiibohd.elf.dir/Macro/PartialMap/macro.c.o
                0x0000000000005e24                layer1_tl_0x32
 .rodata.layer1_tl_0x33
                0x0000000000005e2c        0x8 CMakeFiles/kiibohd.elf.dir/Macro/PartialMap/macro.c.o
                0x0000000000005e2c                layer1_tl_0x33
 .rodata.capListCLIDict_DescEntry
                0x0000000000005e34       0x3c CMakeFiles/kiibohd.elf.dir/Macro/PartialMap/macro.c.o
                0x0000000000005e34                capListCLIDict_DescEntry
 .rodata.rm12_guide
                0x0000000000005e70        0x4 CMakeFiles/kiibohd.elf.dir/Macro/PartialMap/macro.c.o
                0x0000000000005e70                rm12_guide
 .rodata.rm39_guide
                0x0000000000005e74        0x4 CMakeFiles/kiibohd.elf.dir/Macro/PartialMap/macro.c.o
                0x0000000000005e74                rm39_guide
 .rodata.tm44_guide
                0x0000000000005e78        0x5 CMakeFiles/kiibohd.elf.dir/Macro/PartialMap/macro.c.o
                0x0000000000005e78                tm44_guide
 .rodata.tm95_guide
                0x0000000000005e7d        0x5 CMakeFiles/kiibohd.elf.dir/Macro/PartialMap/macro.c.o
                0x0000000000005e7d                tm95_guide
 .rodata.rm96_guide
                0x0000000000005e82        0x4 CMakeFiles/kiibohd.elf.dir/Macro/PartialMap/macro.c.o
                0x0000000000005e82                rm96_guide
 *fill*         0x0000000000005e86        0x2 
 .rodata.layer1_tl_0x22
                0x0000000000005e88        0x4 CMakeFiles/kiibohd.elf.dir/Macro/PartialMap/macro.c.o
                0x0000000000005e88                layer1_tl_0x22
 .rodata.layer1_tl_0x23
                0x0000000000005e8c        0x8 CMakeFiles/kiibohd.elf.dir/Macro/PartialMap/macro.c.o
                0x0000000000005e8c                layer1_tl_0x23
 .rodata.LayerIndex
                0x0000000000005e94       0x18 CMakeFiles/kiibohd.elf.dir/Macro/PartialMap/macro.c.o
                0x0000000000005e94                LayerIndex
 .rodata.layer1_tl_0x24
                0x0000000000005eac        0x8 CMakeFiles/kiibohd.elf.dir/Macro/PartialMap/macro.c.o
                0x0000000000005eac                layer1_tl_0x24
 .rodata.rm70_guide
                0x0000000000005eb4        0x4 CMakeFiles/kiibohd.elf.dir/Macro/PartialMap/macro.c.o
                0x0000000000005eb4                rm70_guide
 .rodata.tm46_guide
                0x0000000000005eb8        0x5 CMakeFiles/kiibohd.elf.dir/Macro/PartialMap/macro.c.o
                0x0000000000005eb8                tm46_guide
 .rodata.tm70_guide
                0x0000000000005ebd        0x5 CMakeFiles/kiibohd.elf.dir/Macro/PartialMap/macro.c.o
                0x0000000000005ebd                tm70_guide
 .rodata.macroStepCLIDict_DescEntry
                0x0000000000005ec2       0x2c CMakeFiles/kiibohd.elf.dir/Macro/PartialMap/macro.c.o
                0x0000000000005ec2                macroStepCLIDict_DescEntry
 .rodata.tm30_guide
                0x0000000000005eee        0x5 CMakeFiles/kiibohd.elf.dir/Macro/PartialMap/macro.c.o
                0x0000000000005eee                tm30_guide
 .rodata.rm68_guide
                0x0000000000005ef3        0x4 CMakeFiles/kiibohd.elf.dir/Macro/PartialMap/macro.c.o
                0x0000000000005ef3                rm68_guide
 .rodata.rm27_guide
                0x0000000000005ef7        0x4 CMakeFiles/kiibohd.elf.dir/Macro/PartialMap/macro.c.o
                0x0000000000005ef7                rm27_guide
 .rodata.rm48_guide
                0x0000000000005efb        0x4 CMakeFiles/kiibohd.elf.dir/Macro/PartialMap/macro.c.o
                0x0000000000005efb                rm48_guide
 .rodata.rm11_guide
                0x0000000000005eff        0x4 CMakeFiles/kiibohd.elf.dir/Macro/PartialMap/macro.c.o
                0x0000000000005eff                rm11_guide
 .rodata.rm72_guide
                0x0000000000005f03        0x4 CMakeFiles/kiibohd.elf.dir/Macro/PartialMap/macro.c.o
                0x0000000000005f03                rm72_guide
 .rodata.rm13_guide
                0x0000000000005f07        0x4 CMakeFiles/kiibohd.elf.dir/Macro/PartialMap/macro.c.o
                0x0000000000005f07                rm13_guide
 .rodata.tm48_guide
                0x0000000000005f0b        0x5 CMakeFiles/kiibohd.elf.dir/Macro/PartialMap/macro.c.o
                0x0000000000005f0b                tm48_guide
 .rodata.tm11_guide
                0x0000000000005f10        0x5 CMakeFiles/kiibohd.elf.dir/Macro/PartialMap/macro.c.o
                0x0000000000005f10                tm11_guide
 .rodata.tm72_guide
                0x0000000000005f15        0x5 CMakeFiles/kiibohd.elf.dir/Macro/PartialMap/macro.c.o
                0x0000000000005f15                tm72_guide
 .rodata.rm71_guide
                0x0000000000005f1a        0x3 CMakeFiles/kiibohd.elf.dir/Macro/PartialMap/macro.c.o
                0x0000000000005f1a                rm71_guide
 .rodata.tm52_guide
                0x0000000000005f1d        0x5 CMakeFiles/kiibohd.elf.dir/Macro/PartialMap/macro.c.o
                0x0000000000005f1d                tm52_guide
 .rodata.rm20_guide
                0x0000000000005f22        0x4 CMakeFiles/kiibohd.elf.dir/Macro/PartialMap/macro.c.o
                0x0000000000005f22                rm20_guide
 *fill*         0x0000000000005f26        0x2 
 .rodata.TriggerMacroList
                0x0000000000005f28      0x310 CMakeFiles/kiibohd.elf.dir/Macro/PartialMap/macro.c.o
                0x0000000000005f28                TriggerMacroList
 .rodata.layer1_tl_0x2C
                0x0000000000006238        0x4 CMakeFiles/kiibohd.elf.dir/Macro/PartialMap/macro.c.o
                0x0000000000006238                layer1_tl_0x2C
 .rodata.tm2_guide
                0x000000000000623c        0x5 CMakeFiles/kiibohd.elf.dir/Macro/PartialMap/macro.c.o
                0x000000000000623c                tm2_guide
 .rodata.rm74_guide
                0x0000000000006241        0x5 CMakeFiles/kiibohd.elf.dir/Macro/PartialMap/macro.c.o
                0x0000000000006241                rm74_guide
 .rodata.tm74_guide
                0x0000000000006246        0x5 CMakeFiles/kiibohd.elf.dir/Macro/PartialMap/macro.c.o
                0x0000000000006246                tm74_guide
 .rodata.rm6_guide
                0x000000000000624b        0x4 CMakeFiles/kiibohd.elf.dir/Macro/PartialMap/macro.c.o
                0x000000000000624b                rm6_guide
 .rodata.rm28_guide
                0x000000000000624f        0x4 CMakeFiles/kiibohd.elf.dir/Macro/PartialMap/macro.c.o
                0x000000000000624f                rm28_guide
 .rodata.tm24_guide
                0x0000000000006253        0x5 CMakeFiles/kiibohd.elf.dir/Macro/PartialMap/macro.c.o
                0x0000000000006253                tm24_guide
 .rodata.keyHoldCLIDict_DescEntry
                0x0000000000006258       0x6d CMakeFiles/kiibohd.elf.dir/Macro/PartialMap/macro.c.o
                0x0000000000006258                keyHoldCLIDict_DescEntry
 .rodata.tm4_guide
                0x00000000000062c5        0x5 CMakeFiles/kiibohd.elf.dir/Macro/PartialMap/macro.c.o
                0x00000000000062c5                tm4_guide
 .rodata.macroDebugCLIDict_DescEntry
                0x00000000000062ca       0x51 CMakeFiles/kiibohd.elf.dir/Macro/PartialMap/macro.c.o
                0x00000000000062ca                macroDebugCLIDict_DescEntry
 .rodata.tm25_guide
                0x000000000000631b        0x5 CMakeFiles/kiibohd.elf.dir/Macro/PartialMap/macro.c.o
                0x000000000000631b                tm25_guide
 .rodata.tm76_guide
                0x0000000000006320        0x5 CMakeFiles/kiibohd.elf.dir/Macro/PartialMap/macro.c.o
                0x0000000000006320                tm76_guide
 .rodata.rm17_guide
                0x0000000000006325        0x4 CMakeFiles/kiibohd.elf.dir/Macro/PartialMap/macro.c.o
                0x0000000000006325                rm17_guide
 .rodata.rm76_guide
                0x0000000000006329        0x5 CMakeFiles/kiibohd.elf.dir/Macro/PartialMap/macro.c.o
                0x0000000000006329                rm76_guide
 .rodata.tm6_guide
                0x000000000000632e        0x5 CMakeFiles/kiibohd.elf.dir/Macro/PartialMap/macro.c.o
                0x000000000000632e                tm6_guide
 .rodata.rm88_guide
                0x0000000000006333        0x4 CMakeFiles/kiibohd.elf.dir/Macro/PartialMap/macro.c.o
                0x0000000000006333                rm88_guide
 *fill*         0x0000000000006337        0x1 
 .rodata.default_tl_0x0B
                0x0000000000006338        0x8 CMakeFiles/kiibohd.elf.dir/Macro/PartialMap/macro.c.o
                0x0000000000006338                default_tl_0x0B
 .rodata.default_tl_0x0C
                0x0000000000006340        0x8 CMakeFiles/kiibohd.elf.dir/Macro/PartialMap/macro.c.o
                0x0000000000006340                default_tl_0x0C
 .rodata.tm78_guide
                0x0000000000006348        0x5 CMakeFiles/kiibohd.elf.dir/Macro/PartialMap/macro.c.o
                0x0000000000006348                tm78_guide
 *fill*         0x000000000000634d        0x3 
 .rodata.default_tl_0x0E
                0x0000000000006350        0x8 CMakeFiles/kiibohd.elf.dir/Macro/PartialMap/macro.c.o
                0x0000000000006350                default_tl_0x0E
 .rodata.default_tl_0x0F
                0x0000000000006358        0x8 CMakeFiles/kiibohd.elf.dir/Macro/PartialMap/macro.c.o
                0x0000000000006358                default_tl_0x0F
 .rodata.rm31_guide
                0x0000000000006360        0x4 CMakeFiles/kiibohd.elf.dir/Macro/PartialMap/macro.c.o
                0x0000000000006360                rm31_guide
 .rodata.tm8_guide
                0x0000000000006364        0x5 CMakeFiles/kiibohd.elf.dir/Macro/PartialMap/macro.c.o
                0x0000000000006364                tm8_guide
 .rodata.rm53_guide
                0x0000000000006369        0x4 CMakeFiles/kiibohd.elf.dir/Macro/PartialMap/macro.c.o
                0x0000000000006369                rm53_guide
 .rodata.rm29_guide
                0x000000000000636d        0x4 CMakeFiles/kiibohd.elf.dir/Macro/PartialMap/macro.c.o
                0x000000000000636d                rm29_guide
 .rodata.tm29_guide
                0x0000000000006371        0x5 CMakeFiles/kiibohd.elf.dir/Macro/PartialMap/macro.c.o
                0x0000000000006371                tm29_guide
 .rodata.rm61_guide
                0x0000000000006376        0x4 CMakeFiles/kiibohd.elf.dir/Macro/PartialMap/macro.c.o
                0x0000000000006376                rm61_guide
 .rodata.tm53_guide
                0x000000000000637a        0x5 CMakeFiles/kiibohd.elf.dir/Macro/PartialMap/macro.c.o
                0x000000000000637a                tm53_guide
 .rodata.macroListCLIDict_DescEntry
                0x000000000000637f       0x2c CMakeFiles/kiibohd.elf.dir/Macro/PartialMap/macro.c.o
                0x000000000000637f                macroListCLIDict_DescEntry
 .rodata.tm67_guide
                0x00000000000063ab        0x5 CMakeFiles/kiibohd.elf.dir/Macro/PartialMap/macro.c.o
                0x00000000000063ab                tm67_guide
 .rodata.rm3_guide
                0x00000000000063b0        0x4 CMakeFiles/kiibohd.elf.dir/Macro/PartialMap/macro.c.o
                0x00000000000063b0                rm3_guide
 .rodata.rm50_guide
                0x00000000000063b4        0x4 CMakeFiles/kiibohd.elf.dir/Macro/PartialMap/macro.c.o
                0x00000000000063b4                rm50_guide
 .rodata.rm55_guide
                0x00000000000063b8        0x4 CMakeFiles/kiibohd.elf.dir/Macro/PartialMap/macro.c.o
                0x00000000000063b8                rm55_guide
 .rodata.rm84_guide
                0x00000000000063bc        0x4 CMakeFiles/kiibohd.elf.dir/Macro/PartialMap/macro.c.o
                0x00000000000063bc                rm84_guide
 .rodata.tm55_guide
                0x00000000000063c0        0x5 CMakeFiles/kiibohd.elf.dir/Macro/PartialMap/macro.c.o
                0x00000000000063c0                tm55_guide
 .rodata.rm30_guide
                0x00000000000063c5        0x4 CMakeFiles/kiibohd.elf.dir/Macro/PartialMap/macro.c.o
                0x00000000000063c5                rm30_guide
 .rodata.rm23_guide
                0x00000000000063c9        0x4 CMakeFiles/kiibohd.elf.dir/Macro/PartialMap/macro.c.o
                0x00000000000063c9                rm23_guide
 .rodata.tm89_guide
                0x00000000000063cd        0x5 CMakeFiles/kiibohd.elf.dir/Macro/PartialMap/macro.c.o
                0x00000000000063cd                tm89_guide
 .rodata.rm26_guide
                0x00000000000063d2        0x4 CMakeFiles/kiibohd.elf.dir/Macro/PartialMap/macro.c.o
                0x00000000000063d2                rm26_guide
 .rodata.rm57_guide
                0x00000000000063d6        0x4 CMakeFiles/kiibohd.elf.dir/Macro/PartialMap/macro.c.o
                0x00000000000063d6                rm57_guide
 .rodata.tm3_guide
                0x00000000000063da        0x5 CMakeFiles/kiibohd.elf.dir/Macro/PartialMap/macro.c.o
                0x00000000000063da                tm3_guide
 .rodata.rm81_guide
                0x00000000000063df        0x4 CMakeFiles/kiibohd.elf.dir/Macro/PartialMap/macro.c.o
                0x00000000000063df                rm81_guide
 .rodata.tm57_guide
                0x00000000000063e3        0x5 CMakeFiles/kiibohd.elf.dir/Macro/PartialMap/macro.c.o
                0x00000000000063e3                tm57_guide
 .rodata.tm20_guide
                0x00000000000063e8        0x5 CMakeFiles/kiibohd.elf.dir/Macro/PartialMap/macro.c.o
                0x00000000000063e8                tm20_guide
 .rodata.tm81_guide
                0x00000000000063ed        0x5 CMakeFiles/kiibohd.elf.dir/Macro/PartialMap/macro.c.o
                0x00000000000063ed                tm81_guide
 *fill*         0x00000000000063f2        0x2 
 .rodata.layer1_tl_0x09
                0x00000000000063f4        0x8 CMakeFiles/kiibohd.elf.dir/Macro/PartialMap/macro.c.o
                0x00000000000063f4                layer1_tl_0x09
 .rodata.rm21_guide
                0x00000000000063fc        0x4 CMakeFiles/kiibohd.elf.dir/Macro/PartialMap/macro.c.o
                0x00000000000063fc                rm21_guide
 .rodata.rm37_guide
                0x0000000000006400        0x4 CMakeFiles/kiibohd.elf.dir/Macro/PartialMap/macro.c.o
                0x0000000000006400                rm37_guide
 .rodata.rm59_guide
                0x0000000000006404        0x4 CMakeFiles/kiibohd.elf.dir/Macro/PartialMap/macro.c.o
                0x0000000000006404                rm59_guide
 .rodata.rm32_guide
                0x0000000000006408        0x4 CMakeFiles/kiibohd.elf.dir/Macro/PartialMap/macro.c.o
                0x0000000000006408                rm32_guide
 .rodata.rm83_guide
                0x000000000000640c        0x4 CMakeFiles/kiibohd.elf.dir/Macro/PartialMap/macro.c.o
                0x000000000000640c                rm83_guide
 .rodata.rm1_guide
                0x0000000000006410        0x4 CMakeFiles/kiibohd.elf.dir/Macro/PartialMap/macro.c.o
                0x0000000000006410                rm1_guide
 .rodata.tm59_guide
                0x0000000000006414        0x5 CMakeFiles/kiibohd.elf.dir/Macro/PartialMap/macro.c.o
                0x0000000000006414                tm59_guide
 .rodata.tm22_guide
                0x0000000000006419        0x5 CMakeFiles/kiibohd.elf.dir/Macro/PartialMap/macro.c.o
                0x0000000000006419                tm22_guide
 .rodata.tm83_guide
                0x000000000000641e        0x5 CMakeFiles/kiibohd.elf.dir/Macro/PartialMap/macro.c.o
                0x000000000000641e                tm83_guide
 .rodata.tm0_guide
                0x0000000000006423        0x5 CMakeFiles/kiibohd.elf.dir/Macro/PartialMap/macro.c.o
                0x0000000000006423                tm0_guide
 .rodata.CSWTCH.65