
Allocating common symbols
Common symbol       size              file

uart_tx_buf         0x106             CMakeFiles/kiibohd.elf.dir/Scan/UARTConnect/connect_scan.c.o
Connect_receive_RemoteCapabilityBuffer
                    0x6               CMakeFiles/kiibohd.elf.dir/Scan/UARTConnect/connect_scan.c.o
CLIHexDebugMode     0x1               CMakeFiles/kiibohd.elf.dir/main.c.o
CLIHistoryCurrent   0x1               CMakeFiles/kiibohd.elf.dir/main.c.o
usb_rx_byte_count_data
                    0x10              CMakeFiles/kiibohd.elf.dir/Output/pjrcUSB/arm/usb_dev.c.o
CLILEDState         0x1               CMakeFiles/kiibohd.elf.dir/main.c.o
CLIDictionariesUsed
                    0x1               CMakeFiles/kiibohd.elf.dir/main.c.o
Macro_rotationLayer
                    0x2               CMakeFiles/kiibohd.elf.dir/Macro/PartialMap/macro.c.o
CLIHistoryBuffer    0x3e8             CMakeFiles/kiibohd.elf.dir/main.c.o
uart_tx_status      0x4               CMakeFiles/kiibohd.elf.dir/Scan/UARTConnect/connect_scan.c.o
USBKeys_SysCtrl     0x1               CMakeFiles/kiibohd.elf.dir/Output/pjrcUSB/output_com.c.o
Matrix_scanArray    0x13b             CMakeFiles/kiibohd.elf.dir/Scan/MatrixARM/matrix_scan.c.o
CLILineBuffer       0x65              CMakeFiles/kiibohd.elf.dir/main.c.o
I2C_RxBufferPtr     0x12c             CMakeFiles/kiibohd.elf.dir/Scan/ISSILed/led_scan.c.o
macroTriggerListBuffer
                    0x10b             CMakeFiles/kiibohd.elf.dir/Macro/PartialMap/macro.c.o
ResultMacroRecordList
                    0xf9              CMakeFiles/kiibohd.elf.dir/Macro/PartialMap/macro.c.o
CLIHistoryHead      0x1               CMakeFiles/kiibohd.elf.dir/main.c.o
LayerState          0x2               CMakeFiles/kiibohd.elf.dir/Macro/PartialMap/macro.c.o
Connect_receive_RemoteCapabilityArgs
                    0x19              CMakeFiles/kiibohd.elf.dir/Scan/UARTConnect/connect_scan.c.o
usb_joystick_data   0xc               CMakeFiles/kiibohd.elf.dir/Output/pjrcUSB/arm/usb_joystick.c.o
USBKeys_Keys        0x1b              CMakeFiles/kiibohd.elf.dir/Output/pjrcUSB/output_com.c.o
Connect_receive_ScanCodeDeviceId
                    0x1               CMakeFiles/kiibohd.elf.dir/Scan/UARTConnect/connect_scan.c.o
uart_rx_status      0x8               CMakeFiles/kiibohd.elf.dir/Scan/UARTConnect/connect_scan.c.o
LED_pageBuffer      0x92              CMakeFiles/kiibohd.elf.dir/Scan/ISSILed/led_scan.c.o
uart_rx_buf         0x104             CMakeFiles/kiibohd.elf.dir/Scan/UARTConnect/connect_scan.c.o
macroTriggerListLayerCache
                    0x59              CMakeFiles/kiibohd.elf.dir/Macro/PartialMap/macro.c.o
I2C_TxBufferPtr     0x12c             CMakeFiles/kiibohd.elf.dir/Scan/ISSILed/led_scan.c.o
Connect_receive_ScanCodeBuffer
                    0x3               CMakeFiles/kiibohd.elf.dir/Scan/UARTConnect/connect_scan.c.o
CLIDict             0x28              CMakeFiles/kiibohd.elf.dir/main.c.o
LCD_layerStackExact
                    0x8               CMakeFiles/kiibohd.elf.dir/Scan/STLcd/lcd_scan.c.o
CLIHistoryTail      0x1               CMakeFiles/kiibohd.elf.dir/main.c.o
USBKeys_KeysCLI     0x1b              CMakeFiles/kiibohd.elf.dir/Output/pjrcUSB/output_com.c.o
macroInterconnectCache
                    0x10b             CMakeFiles/kiibohd.elf.dir/Macro/PartialMap/macro.c.o
CLIDictNames        0x28              CMakeFiles/kiibohd.elf.dir/main.c.o
Connect_receive_ScanCodeBufferPos
                    0x1               CMakeFiles/kiibohd.elf.dir/Scan/UARTConnect/connect_scan.c.o
CLILineBufferCurrent
                    0x1               CMakeFiles/kiibohd.elf.dir/main.c.o
USBKeys_ConsCtrl    0x2               CMakeFiles/kiibohd.elf.dir/Output/pjrcUSB/output_com.c.o
TriggerMacroRecordList
                    0xa6              CMakeFiles/kiibohd.elf.dir/Macro/PartialMap/macro.c.o

Discarded input sections

 .group         0x0000000000000000        0x8 CMakeFiles/kiibohd.elf.dir/main.c.o
 .group         0x0000000000000000        0x8 CMakeFiles/kiibohd.elf.dir/main.c.o
 .group         0x0000000000000000        0x8 CMakeFiles/kiibohd.elf.dir/main.c.o
 .group         0x0000000000000000        0x8 CMakeFiles/kiibohd.elf.dir/main.c.o
 .group         0x0000000000000000        0x8 CMakeFiles/kiibohd.elf.dir/main.c.o
 .group         0x0000000000000000        0x8 CMakeFiles/kiibohd.elf.dir/main.c.o
 .group         0x0000000000000000        0x8 CMakeFiles/kiibohd.elf.dir/main.c.o
 .group         0x0000000000000000        0x8 CMakeFiles/kiibohd.elf.dir/main.c.o
 .group         0x0000000000000000        0x8 CMakeFiles/kiibohd.elf.dir/main.c.o
 .group         0x0000000000000000        0x8 CMakeFiles/kiibohd.elf.dir/main.c.o
 .group         0x0000000000000000        0x8 CMakeFiles/kiibohd.elf.dir/main.c.o
 .text          0x0000000000000000        0x0 CMakeFiles/kiibohd.elf.dir/main.c.o
 .data          0x0000000000000000        0x0 CMakeFiles/kiibohd.elf.dir/main.c.o
[...]
Memory Configuration

Name             Origin             Length             Attributes
FLASH            0x0000000000002000 0x000000000003e000 xr
RAM              0x000000001fff8000 0x0000000000010000 xrw
*default*        0x0000000000000000 0xffffffffffffffff

Linker script and memory map

LOAD CMakeFiles/kiibohd.elf.dir/main.c.o
LOAD CMakeFiles/kiibohd.elf.dir/Lib/mk20dx.c.o
LOAD CMakeFiles/kiibohd.elf.dir/Lib/delay.c.o
LOAD CMakeFiles/kiibohd.elf.dir/Scan/ISSILed/led_scan.c.o
LOAD CMakeFiles/kiibohd.elf.dir/Scan/MatrixARM/matrix_scan.c.o
LOAD CMakeFiles/kiibohd.elf.dir/Scan/STLcd/lcd_scan.c.o
LOAD CMakeFiles/kiibohd.elf.dir/Scan/UARTConnect/connect_scan.c.o
LOAD CMakeFiles/kiibohd.elf.dir/Scan/MDErgo1/scan_loop.c.o
LOAD CMakeFiles/kiibohd.elf.dir/Macro/PartialMap/macro.c.o
LOAD CMakeFiles/kiibohd.elf.dir/Output/pjrcUSB/output_com.c.o
LOAD CMakeFiles/kiibohd.elf.dir/Output/pjrcUSB/arm/usb_desc.c.o
LOAD CMakeFiles/kiibohd.elf.dir/Output/pjrcUSB/arm/usb_dev.c.o
LOAD CMakeFiles/kiibohd.elf.dir/Output/pjrcUSB/arm/usb_joystick.c.o
LOAD CMakeFiles/kiibohd.elf.dir/Output/pjrcUSB/arm/usb_keyboard.c.o
LOAD CMakeFiles/kiibohd.elf.dir/Output/pjrcUSB/arm/usb_mem.c.o
LOAD CMakeFiles/kiibohd.elf.dir/Output/pjrcUSB/arm/usb_mouse.c.o
LOAD CMakeFiles/kiibohd.elf.dir/Output/pjrcUSB/arm/usb_serial.c.o
LOAD CMakeFiles/kiibohd.elf.dir/Debug/cli/cli.c.o
LOAD CMakeFiles/kiibohd.elf.dir/Debug/led/led.c.o
LOAD CMakeFiles/kiibohd.elf.dir/Debug/print/print.c.o

.text           0x0000000000002000     0x9988
                0x0000000000000000                . = 0x0
 *(.vectors)
 .vectors       0x0000000000002000      0x1bc CMakeFiles/kiibohd.elf.dir/Lib/mk20dx.c.o
                0x0000000000002000                gVectors
 *(.startup*)
 .startup       0x00000000000021bc      0x14c CMakeFiles/kiibohd.elf.dir/Lib/mk20dx.c.o
                0x00000000000021bc                ResetHandler
                0x0000000000000400                . = 0x400
 *fill*         0x0000000000002308       0xf8 
 *(.flashconfig)
 *(.text*)
 .text.startup.main
                0x0000000000002400       0x2c CMakeFiles/kiibohd.elf.dir/main.c.o
                0x0000000000002400                main
 .text.systick_default_isr
                0x000000000000242c       0x10 CMakeFiles/kiibohd.elf.dir/Lib/mk20dx.c.o
                0x000000000000242c                systick_isr
                0x000000000000242c                systick_default_isr
 .text.fault_isr
                0x000000000000243c       0x3c CMakeFiles/kiibohd.elf.dir/Lib/mk20dx.c.o
                0x000000000000243c                fault_isr
 .text.unused_isr
                0x0000000000002478        0x6 CMakeFiles/kiibohd.elf.dir/Lib/mk20dx.c.o
                0x0000000000002478                adc0_isr
                0x0000000000002478                dma_ch6_isr
                0x0000000000002478                uart0_lon_isr
                0x0000000000002478                dma_ch8_isr
                0x0000000000002478                dma_error_isr
                0x0000000000002478                portd_isr
                0x0000000000002478                porte_isr
                0x0000000000002478                portb_isr
                0x0000000000002478                spi1_isr
                0x0000000000002478                uart3_status_isr
                0x0000000000002478                mcm_isr
                0x0000000000002478                uart1_status_isr
                0x0000000000002478                watchdog_isr
                0x0000000000002478                i2c1_isr
                0x0000000000002478                dma_ch11_isr
                0x0000000000002478                i2c2_isr
                0x0000000000002478                pit1_isr
                0x0000000000002478                dma_ch4_isr
                0x0000000000002478                software_isr
                0x0000000000002478                dma_ch7_isr
                0x0000000000002478                lptmr_isr
                0x0000000000002478                ftm2_isr
                0x0000000000002478                uart5_status_isr
                0x0000000000002478                dma_ch9_isr
                0x0000000000002478                pit2_isr
                0x0000000000002478                pit0_isr
                0x0000000000002478                can0_wakeup_isr
                0x0000000000002478                flash_cmd_isr
                0x0000000000002478                uart2_status_isr
                0x0000000000002478                svcall_isr
                0x0000000000002478                dma_ch15_isr
                0x0000000000002478                uart1_error_isr
                0x0000000000002478                unused_isr
                0x0000000000002478                spi0_isr
                0x0000000000002478                dma_ch3_isr
                0x0000000000002478                flash_error_isr
                0x0000000000002478                uart5_error_isr
                0x0000000000002478                rtc_seconds_isr
                0x0000000000002478                pdb_isr
                0x0000000000002478                dac1_isr
                0x0000000000002478                dma_ch14_isr
                0x0000000000002478                rtc_alarm_isr
                0x0000000000002478                dma_ch2_isr
                0x0000000000002478                ftm1_isr
                0x0000000000002478                dma_ch13_isr
                0x0000000000002478                uart2_error_isr
                0x0000000000002478                usb_charge_isr
                0x0000000000002478                cmt_isr
                0x0000000000002478                ftm3_isr
                0x0000000000002478                tsi0_isr
                0x0000000000002478                spi2_isr
                0x0000000000002478                can0_bus_off_isr
                0x0000000000002478                uart3_error_isr
                0x0000000000002478                porta_isr
                0x0000000000002478                low_voltage_isr
                0x0000000000002478                can0_error_isr
                0x0000000000002478                dma_ch12_isr
                0x0000000000002478                pit3_isr
                0x0000000000002478                portc_isr
                0x0000000000002478                debugmonitor_isr
                0x0000000000002478                cmp1_isr
                0x0000000000002478                ftm0_isr
                0x0000000000002478                i2s0_rx_isr
                0x0000000000002478                uart4_error_isr
                0x0000000000002478                can0_message_isr
                0x0000000000002478                sdhc_isr
                0x0000000000002478                dma_ch10_isr
                0x0000000000002478                uart0_error_isr
                0x0000000000002478                i2s0_tx_isr
                0x0000000000002478                adc1_isr
                0x0000000000002478                cmp0_isr
                0x0000000000002478                dac0_isr
                0x0000000000002478                uart0_status_isr
                0x0000000000002478                mcg_isr
                0x0000000000002478                dma_ch1_isr
                0x0000000000002478                dma_ch5_isr
                0x0000000000002478                can0_rx_warn_isr
                0x0000000000002478                can0_tx_warn_isr
                0x0000000000002478                uart4_status_isr
                0x0000000000002478                cmp2_isr
                0x0000000000002478                pendablesrvreq_isr
                0x0000000000002478                wakeup_isr
                0x0000000000002478                dma_ch0_isr
 *fill*         0x000000000000247e        0x2 
 .text.nmi_default_isr
                0x0000000000002480        0xc CMakeFiles/kiibohd.elf.dir/Lib/mk20dx.c.o
                0x0000000000002480                nmi_isr
                0x0000000000002480                nmi_default_isr
 .text.hard_fault_default_isr
                0x000000000000248c       0x34 CMakeFiles/kiibohd.elf.dir/Lib/mk20dx.c.o
                0x000000000000248c                hard_fault_isr
                0x000000000000248c                hard_fault_default_isr
 .text.memmanage_fault_default_isr
                0x00000000000024c0       0x40 CMakeFiles/kiibohd.elf.dir/Lib/mk20dx.c.o
                0x00000000000024c0                memmanage_fault_default_isr
                0x00000000000024c0                memmanage_fault_isr
 .text.bus_fault_default_isr
                0x0000000000002500       0x40 CMakeFiles/kiibohd.elf.dir/Lib/mk20dx.c.o
                0x0000000000002500                bus_fault_isr
                0x0000000000002500                bus_fault_default_isr
 .text.usage_fault_default_isr
                0x0000000000002540       0x28 CMakeFiles/kiibohd.elf.dir/Lib/mk20dx.c.o
                0x0000000000002540                usage_fault_default_isr
                0x0000000000002540                usage_fault_isr
 .text.memset   0x0000000000002568       0x10 CMakeFiles/kiibohd.elf.dir/Lib/mk20dx.c.o
                0x0000000000002568                memset
 .text.memcpy   0x0000000000002578       0x12 CMakeFiles/kiibohd.elf.dir/Lib/mk20dx.c.o
                0x0000000000002578                memcpy
 .text.yield    0x000000000000258a        0x2 CMakeFiles/kiibohd.elf.dir/Lib/delay.c.o
                0x000000000000258a                yield
 .text.micros   0x000000000000258c       0x44 CMakeFiles/kiibohd.elf.dir/Lib/delay.c.o
                0x000000000000258c                micros
 .text.delay    0x00000000000025d0       0x26 CMakeFiles/kiibohd.elf.dir/Lib/delay.c.o
                0x00000000000025d0                delay
 .text.I2C_BufferLen
                0x00000000000025f6       0x12 CMakeFiles/kiibohd.elf.dir/Scan/ISSILed/led_scan.c.o
                0x00000000000025f6                I2C_BufferLen
 .text.I2C_BufferPush
                0x0000000000002608       0x60 CMakeFiles/kiibohd.elf.dir/Scan/ISSILed/led_scan.c.o
                0x0000000000002608                I2C_BufferPush
 .text.I2C_TxBufferPop
                0x0000000000002668       0xa4 CMakeFiles/kiibohd.elf.dir/Scan/ISSILed/led_scan.c.o
                0x0000000000002668                I2C_TxBufferPop
 .text.i2c0_isr
                0x000000000000270c      0x118 CMakeFiles/kiibohd.elf.dir/Scan/ISSILed/led_scan.c.o
                0x000000000000270c                i2c0_isr
 .text.I2C_Send
                0x0000000000002824       0xdc CMakeFiles/kiibohd.elf.dir/Scan/ISSILed/led_scan.c.o
                0x0000000000002824                I2C_Send
 .text.LED_zeroPages
                0x0000000000002900       0x74 CMakeFiles/kiibohd.elf.dir/Scan/ISSILed/led_scan.c.o
                0x0000000000002900                LED_zeroPages
 .text.cliFunc_ledZero
                0x0000000000002974       0x1c CMakeFiles/kiibohd.elf.dir/Scan/ISSILed/led_scan.c.o
                0x0000000000002974                cliFunc_ledZero
 .text.LED_sendPage
                0x0000000000002990       0x42 CMakeFiles/kiibohd.elf.dir/Scan/ISSILed/led_scan.c.o
                0x0000000000002990                LED_sendPage
 *fill*         0x00000000000029d2        0x2 
 .text.cliFunc_ledTest
                0x00000000000029d4       0x20 CMakeFiles/kiibohd.elf.dir/Scan/ISSILed/led_scan.c.o
                0x00000000000029d4                cliFunc_ledTest
 .text.LED_writeReg
                0x00000000000029f4       0x4a CMakeFiles/kiibohd.elf.dir/Scan/ISSILed/led_scan.c.o
                0x00000000000029f4                LED_writeReg
 *fill*         0x0000000000002a3e        0x2 
 .text.LED_setup
                0x0000000000002a40       0xbc CMakeFiles/kiibohd.elf.dir/Scan/ISSILed/led_scan.c.o
                0x0000000000002a40                LED_setup
 .text.cliFunc_ledStart
                0x0000000000002afc       0x34 CMakeFiles/kiibohd.elf.dir/Scan/ISSILed/led_scan.c.o
                0x0000000000002afc                cliFunc_ledStart
 .text.LED_readPage
                0x0000000000002b30       0x98 CMakeFiles/kiibohd.elf.dir/Scan/ISSILed/led_scan.c.o
                0x0000000000002b30                LED_readPage
 .text.cliFunc_ledRPage
                0x0000000000002bc8       0x2c CMakeFiles/kiibohd.elf.dir/Scan/ISSILed/led_scan.c.o
                0x0000000000002bc8                cliFunc_ledRPage
 .text.cliFunc_i2cSend
                0x0000000000002bf4       0x88 CMakeFiles/kiibohd.elf.dir/Scan/ISSILed/led_scan.c.o
                0x0000000000002bf4                cliFunc_i2cSend
 .text.cliFunc_i2cRecv
                0x0000000000002c7c       0x88 CMakeFiles/kiibohd.elf.dir/Scan/ISSILed/led_scan.c.o
                0x0000000000002c7c                cliFunc_i2cRecv
 .text.cliFunc_ledWPage
                0x0000000000002d04       0x9a CMakeFiles/kiibohd.elf.dir/Scan/ISSILed/led_scan.c.o
                0x0000000000002d04                cliFunc_ledWPage
 .text.LED_scan
                0x0000000000002d9e        0x4 CMakeFiles/kiibohd.elf.dir/Scan/ISSILed/led_scan.c.o
                0x0000000000002d9e                LED_scan
 *fill*         0x0000000000002da2        0x2 
 .text.LED_control
                0x0000000000002da4       0x94 CMakeFiles/kiibohd.elf.dir/Scan/ISSILed/led_scan.c.o
                0x0000000000002da4                LED_control
 .text.cliFunc_ledCtrl
                0x0000000000002e38       0x5c CMakeFiles/kiibohd.elf.dir/Scan/ISSILed/led_scan.c.o
                0x0000000000002e38                cliFunc_ledCtrl
 .text.LED_control_capability
                0x0000000000002e94       0x98 CMakeFiles/kiibohd.elf.dir/Scan/ISSILed/led_scan.c.o
                0x0000000000002e94                LED_control_capability
 .text.cliFunc_matrixState
                0x0000000000002f2c       0x24 CMakeFiles/kiibohd.elf.dir/Scan/MatrixARM/matrix_scan.c.o
                0x0000000000002f2c                cliFunc_matrixState
 .text.cliFunc_matrixDebug
                0x0000000000002f50       0x5c CMakeFiles/kiibohd.elf.dir/Scan/MatrixARM/matrix_scan.c.o
                0x0000000000002f50                cliFunc_matrixDebug
 .text.Matrix_pin
                0x0000000000002fac       0xd0 CMakeFiles/kiibohd.elf.dir/Scan/MatrixARM/matrix_scan.c.o
                0x0000000000002fac                Matrix_pin
 .text.Matrix_setup
                0x000000000000307c       0xe4 CMakeFiles/kiibohd.elf.dir/Scan/MatrixARM/matrix_scan.c.o
                0x000000000000307c                Matrix_setup
 .text.Matrix_keyPositionDebug
                0x0000000000003160       0x38 CMakeFiles/kiibohd.elf.dir/Scan/MatrixARM/matrix_scan.c.o
                0x0000000000003160                Matrix_keyPositionDebug
 .text.Matrix_scan
                0x0000000000003198      0x290 CMakeFiles/kiibohd.elf.dir/Scan/MatrixARM/matrix_scan.c.o
                0x0000000000003198                Matrix_scan
 .text.cliFunc_lcdColor
                0x0000000000003428       0x40 CMakeFiles/kiibohd.elf.dir/Scan/STLcd/lcd_scan.c.o
                0x0000000000003428                cliFunc_lcdColor
 .text.SPI_write
                0x0000000000003468       0x44 CMakeFiles/kiibohd.elf.dir/Scan/STLcd/lcd_scan.c.o
                0x0000000000003468                SPI_write
 .text.LCD_writeControlReg
                0x00000000000034ac       0x50 CMakeFiles/kiibohd.elf.dir/Scan/STLcd/lcd_scan.c.o
                0x00000000000034ac                LCD_writeControlReg
 .text.cliFunc_lcdCmd
                0x00000000000034fc       0x50 CMakeFiles/kiibohd.elf.dir/Scan/STLcd/lcd_scan.c.o
                0x00000000000034fc                cliFunc_lcdCmd
 .text.cliFunc_lcdDisp
                0x000000000000354c       0x76 CMakeFiles/kiibohd.elf.dir/Scan/STLcd/lcd_scan.c.o
                0x000000000000354c                cliFunc_lcdDisp
 .text.LCD_writeDisplayReg
                0x00000000000035c2       0x30 CMakeFiles/kiibohd.elf.dir/Scan/STLcd/lcd_scan.c.o
                0x00000000000035c2                LCD_writeDisplayReg
 *fill*         0x00000000000035f2        0x2 
 .text.cliFunc_lcdTest
                0x00000000000035f4       0x20 CMakeFiles/kiibohd.elf.dir/Scan/STLcd/lcd_scan.c.o
                0x00000000000035f4                cliFunc_lcdTest
 .text.LCD_clear
                0x0000000000003614       0x68 CMakeFiles/kiibohd.elf.dir/Scan/STLcd/lcd_scan.c.o
                0x0000000000003614                LCD_clear
 .text.LCD_initialize
                0x000000000000367c       0x46 CMakeFiles/kiibohd.elf.dir/Scan/STLcd/lcd_scan.c.o
                0x000000000000367c                LCD_initialize
 .text.cliFunc_lcdInit
                0x00000000000036c2        0x4 CMakeFiles/kiibohd.elf.dir/Scan/STLcd/lcd_scan.c.o
                0x00000000000036c2                cliFunc_lcdInit
 *fill*         0x00000000000036c6        0x2 
 .text.LCD_setup
                0x00000000000036c8      0x114 CMakeFiles/kiibohd.elf.dir/Scan/STLcd/lcd_scan.c.o
                0x00000000000036c8                LCD_setup
 .text.LCD_scan
                0x00000000000037dc        0x4 CMakeFiles/kiibohd.elf.dir/Scan/STLcd/lcd_scan.c.o
                0x00000000000037dc                LCD_scan
 .text.LCD_layerStackExact_capability
                0x00000000000037e0      0x118 CMakeFiles/kiibohd.elf.dir/Scan/STLcd/lcd_scan.c.o
                0x00000000000037e0                LCD_layerStackExact_capability
 .text.LCD_layerStack_capability
                0x00000000000038f8       0xbc CMakeFiles/kiibohd.elf.dir/Scan/STLcd/lcd_scan.c.o
                0x00000000000038f8                LCD_layerStack_capability
 .text.Connect_receive_Animation
                0x00000000000039b4       0x10 CMakeFiles/kiibohd.elf.dir/Scan/UARTConnect/connect_scan.c.o
                0x00000000000039b4                Connect_receive_Animation
 .text.cliFunc_connectDbg
                0x00000000000039c4       0x2c CMakeFiles/kiibohd.elf.dir/Scan/UARTConnect/connect_scan.c.o
                0x00000000000039c4                cliFunc_connectDbg
 .text.Connect_receive_CableCheck
                0x00000000000039f0      0x110 CMakeFiles/kiibohd.elf.dir/Scan/UARTConnect/connect_scan.c.o
                0x00000000000039f0                Connect_receive_CableCheck
 .text.cliFunc_connectLst
                0x0000000000003b00       0x58 CMakeFiles/kiibohd.elf.dir/Scan/UARTConnect/connect_scan.c.o
                0x0000000000003b00                cliFunc_connectLst
 .text.cliFunc_connectSts
                0x0000000000003b58      0x148 CMakeFiles/kiibohd.elf.dir/Scan/UARTConnect/connect_scan.c.o
                0x0000000000003b58                cliFunc_connectSts
 .text.cliFunc_connectMst
                0x0000000000003ca0       0x70 CMakeFiles/kiibohd.elf.dir/Scan/UARTConnect/connect_scan.c.o
                0x0000000000003ca0                cliFunc_connectMst
 .text.Connect_addBytes.part.1
                0x0000000000003d10       0xc8 CMakeFiles/kiibohd.elf.dir/Scan/UARTConnect/connect_scan.c.o
 .text.Connect_receive_ScanCode
                0x0000000000003dd8      0x178 CMakeFiles/kiibohd.elf.dir/Scan/UARTConnect/connect_scan.c.o
                0x0000000000003dd8                Connect_receive_ScanCode
 .text.Connect_addBytes
                0x0000000000003f50       0x20 CMakeFiles/kiibohd.elf.dir/Scan/UARTConnect/connect_scan.c.o
                0x0000000000003f50                Connect_addBytes
 .text.Connect_receive_RemoteCapability
                0x0000000000003f70      0x114 CMakeFiles/kiibohd.elf.dir/Scan/UARTConnect/connect_scan.c.o
                0x0000000000003f70                Connect_receive_RemoteCapability
 .text.Connect_send_CableCheck
                0x0000000000004084       0x8c CMakeFiles/kiibohd.elf.dir/Scan/UARTConnect/connect_scan.c.o
                0x0000000000004084                Connect_send_CableCheck
 .text.Connect_send_IdRequest
                0x0000000000004110       0x40 CMakeFiles/kiibohd.elf.dir/Scan/UARTConnect/connect_scan.c.o
                0x0000000000004110                Connect_send_IdRequest
 .text.Connect_send_IdEnumeration
                0x0000000000004150       0x44 CMakeFiles/kiibohd.elf.dir/Scan/UARTConnect/connect_scan.c.o
                0x0000000000004150                Connect_send_IdEnumeration
 .text.Connect_receive_IdRequest
                0x0000000000004194       0x38 CMakeFiles/kiibohd.elf.dir/Scan/UARTConnect/connect_scan.c.o
                0x0000000000004194                Connect_receive_IdRequest
 .text.Connect_send_IdReport
                0x00000000000041cc       0x40 CMakeFiles/kiibohd.elf.dir/Scan/UARTConnect/connect_scan.c.o
                0x00000000000041cc                Connect_send_IdReport
 .text.Connect_receive_IdEnumeration
                0x000000000000420c       0x40 CMakeFiles/kiibohd.elf.dir/Scan/UARTConnect/connect_scan.c.o
                0x000000000000420c                Connect_receive_IdEnumeration
 .text.Connect_receive_IdReport
                0x000000000000424c       0x60 CMakeFiles/kiibohd.elf.dir/Scan/UARTConnect/connect_scan.c.o
                0x000000000000424c                Connect_receive_IdReport
 .text.Connect_send_ScanCode
                0x00000000000042ac       0x5c CMakeFiles/kiibohd.elf.dir/Scan/UARTConnect/connect_scan.c.o
                0x00000000000042ac                Connect_send_ScanCode
 .text.cliFunc_connectCmd
                0x0000000000004308       0x68 CMakeFiles/kiibohd.elf.dir/Scan/UARTConnect/connect_scan.c.o
                0x0000000000004308                cliFunc_connectCmd
 .text.Connect_send_RemoteCapability
                0x0000000000004370       0xc4 CMakeFiles/kiibohd.elf.dir/Scan/UARTConnect/connect_scan.c.o
                0x0000000000004370                Connect_send_RemoteCapability
 .text.Connect_send_Idle
                0x0000000000004434       0x68 CMakeFiles/kiibohd.elf.dir/Scan/UARTConnect/connect_scan.c.o
                0x0000000000004434                Connect_send_Idle
 .text.cliFunc_connectIdl
                0x000000000000449c       0x38 CMakeFiles/kiibohd.elf.dir/Scan/UARTConnect/connect_scan.c.o
                0x000000000000449c                cliFunc_connectIdl
 .text.Connect_reset
                0x00000000000044d4       0x48 CMakeFiles/kiibohd.elf.dir/Scan/UARTConnect/connect_scan.c.o
                0x00000000000044d4                Connect_reset
 .text.cliFunc_connectRst
                0x000000000000451c       0x28 CMakeFiles/kiibohd.elf.dir/Scan/UARTConnect/connect_scan.c.o
                0x000000000000451c                cliFunc_connectRst
 .text.Connect_setup
                0x0000000000004544      0x1b4 CMakeFiles/kiibohd.elf.dir/Scan/UARTConnect/connect_scan.c.o
                0x0000000000004544                Connect_setup
 .text.Connect_rx_process
                0x00000000000046f8      0x1a4 CMakeFiles/kiibohd.elf.dir/Scan/UARTConnect/connect_scan.c.o
                0x00000000000046f8                Connect_rx_process
 .text.Connect_scan
                0x000000000000489c      0x1dc CMakeFiles/kiibohd.elf.dir/Scan/UARTConnect/connect_scan.c.o
                0x000000000000489c                Connect_scan
 .text.Scan_setup
                0x0000000000004a78       0x28 CMakeFiles/kiibohd.elf.dir/Scan/MDErgo1/scan_loop.c.o
                0x0000000000004a78                Scan_setup
 .text.Scan_loop
                0x0000000000004aa0       0x24 CMakeFiles/kiibohd.elf.dir/Scan/MDErgo1/scan_loop.c.o
                0x0000000000004aa0                Scan_loop
 .text.Scan_finishedWithMacro
                0x0000000000004ac4        0x2 CMakeFiles/kiibohd.elf.dir/Scan/MDErgo1/scan_loop.c.o
                0x0000000000004ac4                Scan_finishedWithMacro
 *fill*         0x0000000000004ac6        0x2 
 .text.Scan_finishedWithOutput
                0x0000000000004ac8        0xc CMakeFiles/kiibohd.elf.dir/Scan/MDErgo1/scan_loop.c.o
                0x0000000000004ac8                Scan_finishedWithOutput
 .text.cliFunc_capList
                0x0000000000004ad4       0x58 CMakeFiles/kiibohd.elf.dir/Macro/PartialMap/macro.c.o
                0x0000000000004ad4                cliFunc_capList
 .text.cliFunc_macroStep
                0x0000000000004b2c       0x28 CMakeFiles/kiibohd.elf.dir/Macro/PartialMap/macro.c.o
                0x0000000000004b2c                cliFunc_macroStep
 .text.cliFunc_capSelect
                0x0000000000004b54       0xd0 CMakeFiles/kiibohd.elf.dir/Macro/PartialMap/macro.c.o
                0x0000000000004b54                cliFunc_capSelect
 .text.cliFunc_layerDebug
                0x0000000000004c24       0x34 CMakeFiles/kiibohd.elf.dir/Macro/PartialMap/macro.c.o
                0x0000000000004c24                cliFunc_layerDebug
 .text.cliFunc_layerState
                0x0000000000004c58       0x70 CMakeFiles/kiibohd.elf.dir/Macro/PartialMap/macro.c.o
                0x0000000000004c58                cliFunc_layerState
 .text.cliFunc_macroDebug
                0x0000000000004cc8       0x34 CMakeFiles/kiibohd.elf.dir/Macro/PartialMap/macro.c.o
                0x0000000000004cc8                cliFunc_macroDebug
 .text.cliFunc_macroProc
                0x0000000000004cfc       0x34 CMakeFiles/kiibohd.elf.dir/Macro/PartialMap/macro.c.o
                0x0000000000004cfc                cliFunc_macroProc
 .text.cliFunc_layerList
                0x0000000000004d30       0xe0 CMakeFiles/kiibohd.elf.dir/Macro/PartialMap/macro.c.o
                0x0000000000004d30                cliFunc_layerList
 .text.cliFunc_macroList
                0x0000000000004e10      0x160 CMakeFiles/kiibohd.elf.dir/Macro/PartialMap/macro.c.o
                0x0000000000004e10                cliFunc_macroList
 .text.Macro_layerState.part.1
                0x0000000000004f70       0xcc CMakeFiles/kiibohd.elf.dir/Macro/PartialMap/macro.c.o
 .text.Macro_layerState_capability
                0x000000000000503c       0x28 CMakeFiles/kiibohd.elf.dir/Macro/PartialMap/macro.c.o
                0x000000000000503c                Macro_layerState_capability
 .text.Macro_layerShift_capability
                0x0000000000005064       0x28 CMakeFiles/kiibohd.elf.dir/Macro/PartialMap/macro.c.o
                0x0000000000005064                Macro_layerShift_capability
 .text.Macro_layerLatch_capability
                0x000000000000508c       0x28 CMakeFiles/kiibohd.elf.dir/Macro/PartialMap/macro.c.o
                0x000000000000508c                Macro_layerLatch_capability
 .text.Macro_layerLock_capability
                0x00000000000050b4       0x28 CMakeFiles/kiibohd.elf.dir/Macro/PartialMap/macro.c.o
                0x00000000000050b4                Macro_layerLock_capability
 .text.Macro_layerRotate_capability
                0x00000000000050dc       0x68 CMakeFiles/kiibohd.elf.dir/Macro/PartialMap/macro.c.o
                0x00000000000050dc                Macro_layerRotate_capability
 .text.Macro_layerLookup
                0x0000000000005144      0x12c CMakeFiles/kiibohd.elf.dir/Macro/PartialMap/macro.c.o
                0x0000000000005144                Macro_layerLookup
 .text.Macro_interconnectAdd
                0x0000000000005270       0xb8 CMakeFiles/kiibohd.elf.dir/Macro/PartialMap/macro.c.o
                0x0000000000005270                Macro_interconnectAdd
 .text.Macro_keyState
                0x0000000000005328       0x60 CMakeFiles/kiibohd.elf.dir/Macro/PartialMap/macro.c.o
                0x0000000000005328                Macro_keyState
 .text.cliFunc_keyHold
                0x0000000000005388       0x2e CMakeFiles/kiibohd.elf.dir/Macro/PartialMap/macro.c.o
                0x0000000000005388                cliFunc_keyHold
 .text.cliFunc_keyPress
                0x00000000000053b6       0x2e CMakeFiles/kiibohd.elf.dir/Macro/PartialMap/macro.c.o
                0x00000000000053b6                cliFunc_keyPress
 .text.cliFunc_keyRelease
                0x00000000000053e4       0x2e CMakeFiles/kiibohd.elf.dir/Macro/PartialMap/macro.c.o
                0x00000000000053e4                cliFunc_keyRelease
 *fill*         0x0000000000005412        0x2 
 .text.Macro_evalTriggerMacro
                0x0000000000005414      0x23c CMakeFiles/kiibohd.elf.dir/Macro/PartialMap/macro.c.o
                0x0000000000005414                Macro_evalTriggerMacro
 .text.Macro_process
                0x0000000000005650      0x3a8 CMakeFiles/kiibohd.elf.dir/Macro/PartialMap/macro.c.o
                0x0000000000005650                Macro_process
 .text.Macro_setup
                0x00000000000059f8       0x6c CMakeFiles/kiibohd.elf.dir/Macro/PartialMap/macro.c.o
                0x00000000000059f8                Macro_setup
 .text.macroDebugShowTrigger
                0x0000000000005a64      0x114 CMakeFiles/kiibohd.elf.dir/Macro/PartialMap/macro.c.o
                0x0000000000005a64                macroDebugShowTrigger
 .text.macroDebugShowResult
                0x0000000000005b78      0x178 CMakeFiles/kiibohd.elf.dir/Macro/PartialMap/macro.c.o
                0x0000000000005b78                macroDebugShowResult
 .text.cliFunc_macroShow
                0x0000000000005cf0       0x3e CMakeFiles/kiibohd.elf.dir/Macro/PartialMap/macro.c.o
                0x0000000000005cf0                cliFunc_macroShow
 *fill*         0x0000000000005d2e        0x2 
 .text.cliFunc_sendKeys
                0x0000000000005d30       0x24 CMakeFiles/kiibohd.elf.dir/Output/pjrcUSB/output_com.c.o
                0x0000000000005d30                cliFunc_sendKeys
 .text.cliFunc_kbdProtocol
                0x0000000000005d54       0x28 CMakeFiles/kiibohd.elf.dir/Output/pjrcUSB/output_com.c.o
                0x0000000000005d54                cliFunc_kbdProtocol
 .text.cliFunc_readLEDs
                0x0000000000005d7c       0x28 CMakeFiles/kiibohd.elf.dir/Output/pjrcUSB/output_com.c.o
                0x0000000000005d7c                cliFunc_readLEDs
 .text.cliFunc_setKeys
                0x0000000000005da4       0x34 CMakeFiles/kiibohd.elf.dir/Output/pjrcUSB/output_com.c.o
                0x0000000000005da4                cliFunc_setKeys
 .text.cliFunc_outputDebug
                0x0000000000005dd8       0x24 CMakeFiles/kiibohd.elf.dir/Output/pjrcUSB/output_com.c.o
                0x0000000000005dd8                cliFunc_outputDebug
 .text.cliFunc_setMod
                0x0000000000005dfc       0x20 CMakeFiles/kiibohd.elf.dir/Output/pjrcUSB/output_com.c.o
                0x0000000000005dfc                cliFunc_setMod
 .text.Output_consCtrlSend_capability
                0x0000000000005e1c       0x58 CMakeFiles/kiibohd.elf.dir/Output/pjrcUSB/output_com.c.o
                0x0000000000005e1c                Output_consCtrlSend_capability
 .text.Output_noneSend_capability
                0x0000000000005e74       0x14 CMakeFiles/kiibohd.elf.dir/Output/pjrcUSB/output_com.c.o
                0x0000000000005e74                Output_noneSend_capability
 .text.Output_sysCtrlSend_capability
                0x0000000000005e88       0x58 CMakeFiles/kiibohd.elf.dir/Output/pjrcUSB/output_com.c.o
                0x0000000000005e88                Output_sysCtrlSend_capability
 .text.Output_flashMode_capability
                0x0000000000005ee0       0x18 CMakeFiles/kiibohd.elf.dir/Output/pjrcUSB/output_com.c.o
                0x0000000000005ee0                Output_flashMode_capability
 .text.Output_flushBuffers
                0x0000000000005ef8       0x2c CMakeFiles/kiibohd.elf.dir/Output/pjrcUSB/output_com.c.o
                0x0000000000005ef8                Output_flushBuffers
 .text.Output_kbdProtocolBoot_capability
                0x0000000000005f24       0x30 CMakeFiles/kiibohd.elf.dir/Output/pjrcUSB/output_com.c.o
                0x0000000000005f24                Output_kbdProtocolBoot_capability
 .text.Output_kbdProtocolNKRO_capability
                0x0000000000005f54       0x34 CMakeFiles/kiibohd.elf.dir/Output/pjrcUSB/output_com.c.o
                0x0000000000005f54                Output_kbdProtocolNKRO_capability
 .text.Output_usbCodeSend_capability
                0x0000000000005f88      0x1dc CMakeFiles/kiibohd.elf.dir/Output/pjrcUSB/output_com.c.o
                0x0000000000005f88                Output_usbCodeSend_capability
 .text.Output_setup
                0x0000000000006164       0x20 CMakeFiles/kiibohd.elf.dir/Output/pjrcUSB/output_com.c.o
                0x0000000000006164                Output_setup
 .text.Output_send
                0x0000000000006184       0x60 CMakeFiles/kiibohd.elf.dir/Output/pjrcUSB/output_com.c.o
                0x0000000000006184                Output_send
 .text.Output_firmwareReload
                0x00000000000061e4        0x4 CMakeFiles/kiibohd.elf.dir/Output/pjrcUSB/output_com.c.o
                0x00000000000061e4                Output_firmwareReload
 .text.Output_availablechar
                0x00000000000061e8        0x4 CMakeFiles/kiibohd.elf.dir/Output/pjrcUSB/output_com.c.o
                0x00000000000061e8                Output_availablechar
 .text.Output_getchar
                0x00000000000061ec        0x4 CMakeFiles/kiibohd.elf.dir/Output/pjrcUSB/output_com.c.o
                0x00000000000061ec                Output_getchar
 .text.Output_putstr
                0x00000000000061f0        0xe CMakeFiles/kiibohd.elf.dir/Output/pjrcUSB/output_com.c.o
                0x00000000000061f0                Output_putstr
 *fill*         0x00000000000061fe        0x2 
 .text.Output_softReset
                0x0000000000006200       0x10 CMakeFiles/kiibohd.elf.dir/Output/pjrcUSB/output_com.c.o
                0x0000000000006200                Output_softReset
 .text.endpoint0_transmit
                0x0000000000006210       0x40 CMakeFiles/kiibohd.elf.dir/Output/pjrcUSB/arm/usb_dev.c.o
 .text.usb_rx   0x0000000000006250       0x38 CMakeFiles/kiibohd.elf.dir/Output/pjrcUSB/arm/usb_dev.c.o
                0x0000000000006250                usb_rx
 .text.usb_tx_packet_count
                0x0000000000006288       0x24 CMakeFiles/kiibohd.elf.dir/Output/pjrcUSB/arm/usb_dev.c.o
                0x0000000000006288                usb_tx_packet_count
 .text.usb_rx_memory
                0x00000000000062ac       0x78 CMakeFiles/kiibohd.elf.dir/Output/pjrcUSB/arm/usb_dev.c.o
                0x00000000000062ac                usb_rx_memory
 .text.usb_tx   0x0000000000006324       0x80 CMakeFiles/kiibohd.elf.dir/Output/pjrcUSB/arm/usb_dev.c.o
                0x0000000000006324                usb_tx
 .text.usb_device_reload
                0x00000000000063a4       0x2c CMakeFiles/kiibohd.elf.dir/Output/pjrcUSB/arm/usb_dev.c.o
                0x00000000000063a4                usb_device_reload
 .text.usb_isr  0x00000000000063d0      0x734 CMakeFiles/kiibohd.elf.dir/Output/pjrcUSB/arm/usb_dev.c.o
                0x00000000000063d0                usb_isr
 .text.usb_init
                0x0000000000006b04       0xa4 CMakeFiles/kiibohd.elf.dir/Output/pjrcUSB/arm/usb_dev.c.o
                0x0000000000006b04                usb_init
 .text.usb_keyboard_send
                0x0000000000006ba8      0x2c4 CMakeFiles/kiibohd.elf.dir/Output/pjrcUSB/arm/usb_keyboard.c.o
                0x0000000000006ba8                usb_keyboard_send
 .text.usb_malloc
                0x0000000000006e6c       0x3c CMakeFiles/kiibohd.elf.dir/Output/pjrcUSB/arm/usb_mem.c.o
                0x0000000000006e6c                usb_malloc
 .text.usb_free
                0x0000000000006ea8       0x44 CMakeFiles/kiibohd.elf.dir/Output/pjrcUSB/arm/usb_mem.c.o
                0x0000000000006ea8                usb_free
 .text.usb_serial_getchar
                0x0000000000006eec       0x4c CMakeFiles/kiibohd.elf.dir/Output/pjrcUSB/arm/usb_serial.c.o
                0x0000000000006eec                usb_serial_getchar
 .text.usb_serial_available
                0x0000000000006f38       0x1c CMakeFiles/kiibohd.elf.dir/Output/pjrcUSB/arm/usb_serial.c.o
                0x0000000000006f38                usb_serial_available
 .text.usb_serial_write
                0x0000000000006f54       0xd0 CMakeFiles/kiibohd.elf.dir/Output/pjrcUSB/arm/usb_serial.c.o
                0x0000000000006f54                usb_serial_write
 .text.usb_serial_flush_callback
                0x0000000000007024       0x48 CMakeFiles/kiibohd.elf.dir/Output/pjrcUSB/arm/usb_serial.c.o
                0x0000000000007024                usb_serial_flush_callback
 .text.cliFunc_clear
                0x000000000000706c        0xc CMakeFiles/kiibohd.elf.dir/Debug/cli/cli.c.o
                0x000000000000706c                cliFunc_clear
 .text.cliFunc_reset
                0x0000000000007078        0xc CMakeFiles/kiibohd.elf.dir/Debug/cli/cli.c.o
                0x0000000000007078                cliFunc_reset
 .text.cliFunc_help
                0x0000000000007084       0xb8 CMakeFiles/kiibohd.elf.dir/Debug/cli/cli.c.o
                0x0000000000007084                cliFunc_help
 .text.cliFunc_led
                0x000000000000713c       0x14 CMakeFiles/kiibohd.elf.dir/Debug/cli/cli.c.o
                0x000000000000713c                cliFunc_led
 .text.cliFunc_reload
                0x0000000000007150        0x4 CMakeFiles/kiibohd.elf.dir/Debug/cli/cli.c.o
                0x0000000000007150                cliFunc_reload
 .text.cliFunc_restart
                0x0000000000007154        0x4 CMakeFiles/kiibohd.elf.dir/Debug/cli/cli.c.o
                0x0000000000007154                cliFunc_restart
 .text.cliFunc_version
                0x0000000000007158       0xd4 CMakeFiles/kiibohd.elf.dir/Debug/cli/cli.c.o
                0x0000000000007158                cliFunc_version
 .text.cliFunc_cliDebug
                0x000000000000722c       0x38 CMakeFiles/kiibohd.elf.dir/Debug/cli/cli.c.o
                0x000000000000722c                cliFunc_cliDebug
 .text.CLI_saveHistory.part.1
                0x0000000000007264       0x34 CMakeFiles/kiibohd.elf.dir/Debug/cli/cli.c.o
 .text.CLI_argumentIsolation
                0x0000000000007298       0x22 CMakeFiles/kiibohd.elf.dir/Debug/cli/cli.c.o
                0x0000000000007298                CLI_argumentIsolation
 *fill*         0x00000000000072ba        0x2 
 .text.CLI_commandLookup
                0x00000000000072bc       0xc8 CMakeFiles/kiibohd.elf.dir/Debug/cli/cli.c.o
                0x00000000000072bc                CLI_commandLookup
 .text.CLI_registerDictionary
                0x0000000000007384       0x38 CMakeFiles/kiibohd.elf.dir/Debug/cli/cli.c.o
                0x0000000000007384                CLI_registerDictionary
 .text.CLI_init
                0x00000000000073bc       0x68 CMakeFiles/kiibohd.elf.dir/Debug/cli/cli.c.o
                0x00000000000073bc                CLI_init
 .text.CLI_tabCompletion
                0x0000000000007424       0xc0 CMakeFiles/kiibohd.elf.dir/Debug/cli/cli.c.o
                0x0000000000007424                CLI_tabCompletion
 .text.CLI_wrap
                0x00000000000074e4       0x24 CMakeFiles/kiibohd.elf.dir/Debug/cli/cli.c.o
                0x00000000000074e4                CLI_wrap
 .text.CLI_saveHistory
                0x0000000000007508       0x2c CMakeFiles/kiibohd.elf.dir/Debug/cli/cli.c.o
                0x0000000000007508                CLI_saveHistory
 .text.CLI_retreiveHistory
                0x0000000000007534       0x4c CMakeFiles/kiibohd.elf.dir/Debug/cli/cli.c.o
                0x0000000000007534                CLI_retreiveHistory
 .text.CLI_process
                0x0000000000007580      0x214 CMakeFiles/kiibohd.elf.dir/Debug/cli/cli.c.o
                0x0000000000007580                CLI_process
 .text.init_errorLED
                0x0000000000007794       0x1c CMakeFiles/kiibohd.elf.dir/Debug/led/led.c.o
                0x0000000000007794                init_errorLED
 .text.errorLED
                0x00000000000077b0       0x1c CMakeFiles/kiibohd.elf.dir/Debug/led/led.c.o
                0x00000000000077b0                errorLED
 .text.printstrs
                0x00000000000077cc       0x34 CMakeFiles/kiibohd.elf.dir/Debug/print/print.c.o
                0x00000000000077cc                printstrs
 .text._print   0x0000000000007800        0x4 CMakeFiles/kiibohd.elf.dir/Debug/print/print.c.o
                0x0000000000007800                _print
 .text.lenStr   0x0000000000007804       0x12 CMakeFiles/kiibohd.elf.dir/Debug/print/print.c.o
                0x0000000000007804                lenStr
 .text.revsStr  0x0000000000007816       0x20 CMakeFiles/kiibohd.elf.dir/Debug/print/print.c.o
                0x0000000000007816                revsStr
 .text.int8ToStr
                0x0000000000007836       0x2e CMakeFiles/kiibohd.elf.dir/Debug/print/print.c.o
                0x0000000000007836                int8ToStr
 .text.printInt8
                0x0000000000007864       0x14 CMakeFiles/kiibohd.elf.dir/Debug/print/print.c.o
                0x0000000000007864                printInt8
 .text.int16ToStr
                0x0000000000007878       0x2c CMakeFiles/kiibohd.elf.dir/Debug/print/print.c.o
                0x0000000000007878                int16ToStr
 .text.printInt16
                0x00000000000078a4       0x14 CMakeFiles/kiibohd.elf.dir/Debug/print/print.c.o
                0x00000000000078a4                printInt16
 .text.hexToStr_op
                0x00000000000078b8       0x5a CMakeFiles/kiibohd.elf.dir/Debug/print/print.c.o
                0x00000000000078b8                hexToStr_op
 .text.printHex_op
                0x0000000000007912       0x16 CMakeFiles/kiibohd.elf.dir/Debug/print/print.c.o
                0x0000000000007912                printHex_op
 .text.hex32ToStr_op
                0x0000000000007928       0x54 CMakeFiles/kiibohd.elf.dir/Debug/print/print.c.o
                0x0000000000007928                hex32ToStr_op
 .text.printHex32_op
                0x000000000000797c       0x16 CMakeFiles/kiibohd.elf.dir/Debug/print/print.c.o
                0x000000000000797c                printHex32_op
 .text.eqStr    0x0000000000007992       0x2a CMakeFiles/kiibohd.elf.dir/Debug/print/print.c.o
                0x0000000000007992                eqStr
 .text.numToInt
                0x00000000000079bc       0x8a CMakeFiles/kiibohd.elf.dir/Debug/print/print.c.o
                0x00000000000079bc                numToInt
 *(.rodata*)
 .rodata.str1.1
                0x0000000000007a46       0x85 CMakeFiles/kiibohd.elf.dir/Lib/mk20dx.c.o
                                         0x91 (size before relaxing)
 .rodata.sys_reset_to_loader_magic
                0x0000000000007acb       0x16 CMakeFiles/kiibohd.elf.dir/Lib/mk20dx.c.o
                0x0000000000007acb                sys_reset_to_loader_magic
 .rodata        0x0000000000007ae1        0x3 CMakeFiles/kiibohd.elf.dir/Scan/ISSILed/led_scan.c.o
 .rodata.ledWPageCLIDict_DescEntry
                0x0000000000007ae4       0x4a CMakeFiles/kiibohd.elf.dir/Scan/ISSILed/led_scan.c.o
                0x0000000000007ae4                ledWPageCLIDict_DescEntry
 .rodata.ledTestCLIDict_DescEntry
                0x0000000000007b2e       0x18 CMakeFiles/kiibohd.elf.dir/Scan/ISSILed/led_scan.c.o
                0x0000000000007b2e                ledTestCLIDict_DescEntry
 *fill*         0x0000000000007b46        0x2 
 .rodata.ledCLIDict
                0x0000000000007b48       0x6c CMakeFiles/kiibohd.elf.dir/Scan/ISSILed/led_scan.c.o
                0x0000000000007b48                ledCLIDict
 .rodata.ledRPageCLIDict_DescEntry
                0x0000000000007bb4       0x1e CMakeFiles/kiibohd.elf.dir/Scan/ISSILed/led_scan.c.o
                0x0000000000007bb4                ledRPageCLIDict_DescEntry
 .rodata.ledStartCLIDict_DescEntry
                0x0000000000007bd2       0x1b CMakeFiles/kiibohd.elf.dir/Scan/ISSILed/led_scan.c.o
                0x0000000000007bd2                ledStartCLIDict_DescEntry
 .rodata.str1.1
                0x0000000000007bed      0x1ef CMakeFiles/kiibohd.elf.dir/Scan/ISSILed/led_scan.c.o
                                        0x1f4 (size before relaxing)
 .rodata.ledCtrlCLIDict_DescEntry
                0x0000000000007ddc       0x33 CMakeFiles/kiibohd.elf.dir/Scan/ISSILed/led_scan.c.o
                0x0000000000007ddc                ledCtrlCLIDict_DescEntry
 .rodata.LED_defaultBrightness1
                0x0000000000007e0f       0x92 CMakeFiles/kiibohd.elf.dir/Scan/ISSILed/led_scan.c.o
                0x0000000000007e0f                LED_defaultBrightness1
 .rodata.ledZeroCLIDict_DescEntry
                0x0000000000007ea1       0x31 CMakeFiles/kiibohd.elf.dir/Scan/ISSILed/led_scan.c.o
                0x0000000000007ea1                ledZeroCLIDict_DescEntry
 .rodata.i2cRecvCLIDict_DescEntry
                0x0000000000007ed2       0x79 CMakeFiles/kiibohd.elf.dir/Scan/ISSILed/led_scan.c.o
                0x0000000000007ed2                i2cRecvCLIDict_DescEntry
 .rodata.i2cSendCLIDict_DescEntry
                0x0000000000007f4b       0x44 CMakeFiles/kiibohd.elf.dir/Scan/ISSILed/led_scan.c.o
                0x0000000000007f4b                i2cSendCLIDict_DescEntry
 .rodata.LED_ledEnableMask1
                0x0000000000007f8f       0x14 CMakeFiles/kiibohd.elf.dir/Scan/ISSILed/led_scan.c.o
                0x0000000000007f8f                LED_ledEnableMask1
 .rodata.ledCLIDictName
                0x0000000000007fa3       0x19 CMakeFiles/kiibohd.elf.dir/Scan/ISSILed/led_scan.c.o
                0x0000000000007fa3                ledCLIDictName
 .rodata.matrixDebugCLIDict_DescEntry
                0x0000000000007fbc       0x86 CMakeFiles/kiibohd.elf.dir/Scan/MatrixARM/matrix_scan.c.o
                0x0000000000007fbc                matrixDebugCLIDict_DescEntry
 .rodata.str1.1
                0x0000000000008042      0x1c3 CMakeFiles/kiibohd.elf.dir/Scan/MatrixARM/matrix_scan.c.o
                                        0x1cd (size before relaxing)
 .rodata.matrixStateCLIDict_DescEntry
                0x0000000000008205       0x9a CMakeFiles/kiibohd.elf.dir/Scan/MatrixARM/matrix_scan.c.o
                0x0000000000008205                matrixStateCLIDict_DescEntry
 .rodata.matrixCLIDictName
                0x000000000000829f       0x17 CMakeFiles/kiibohd.elf.dir/Scan/MatrixARM/matrix_scan.c.o
                0x000000000000829f                matrixCLIDictName
 *fill*         0x00000000000082b6        0x2 
 .rodata.matrixCLIDict
                0x00000000000082b8       0x24 CMakeFiles/kiibohd.elf.dir/Scan/MatrixARM/matrix_scan.c.o
                0x00000000000082b8                matrixCLIDict
 .rodata        0x00000000000082dc      0x53c CMakeFiles/kiibohd.elf.dir/Scan/STLcd/lcd_scan.c.o
 .rodata.lcdTestCLIDict_DescEntry
                0x0000000000008818       0x1a CMakeFiles/kiibohd.elf.dir/Scan/STLcd/lcd_scan.c.o
                0x0000000000008818                lcdTestCLIDict_DescEntry
 .rodata.lcdCLIDictName
                0x0000000000008832       0x17 CMakeFiles/kiibohd.elf.dir/Scan/STLcd/lcd_scan.c.o
                0x0000000000008832                lcdCLIDictName
 *fill*         0x0000000000008849        0x3 
 .rodata.lcdCLIDict
                0x000000000000884c       0x48 CMakeFiles/kiibohd.elf.dir/Scan/STLcd/lcd_scan.c.o
                0x000000000000884c                lcdCLIDict
 .rodata.str1.1
                0x0000000000008894       0xa1 CMakeFiles/kiibohd.elf.dir/Scan/STLcd/lcd_scan.c.o
                                         0xa4 (size before relaxing)
 .rodata.lcdCmdCLIDict_DescEntry
                0x0000000000008935       0x44 CMakeFiles/kiibohd.elf.dir/Scan/STLcd/lcd_scan.c.o
                0x0000000000008935                lcdCmdCLIDict_DescEntry
 .rodata.STLcdDefaultImage
                0x0000000000008979      0x200 CMakeFiles/kiibohd.elf.dir/Scan/STLcd/lcd_scan.c.o
                0x0000000000008979                STLcdDefaultImage
 .rodata.lcdColorCLIDict_DescEntry
                0x0000000000008b79       0x45 CMakeFiles/kiibohd.elf.dir/Scan/STLcd/lcd_scan.c.o
                0x0000000000008b79                lcdColorCLIDict_DescEntry
 .rodata.lcdDispCLIDict_DescEntry
                0x0000000000008bbe       0x4e CMakeFiles/kiibohd.elf.dir/Scan/STLcd/lcd_scan.c.o
                0x0000000000008bbe                lcdDispCLIDict_DescEntry
 .rodata.lcdInitCLIDict_DescEntry
                0x0000000000008c0c       0x1f CMakeFiles/kiibohd.elf.dir/Scan/STLcd/lcd_scan.c.o
                0x0000000000008c0c                lcdInitCLIDict_DescEntry
 *fill*         0x0000000000008c2b        0x1 
 .rodata        0x0000000000008c2c       0x30 CMakeFiles/kiibohd.elf.dir/Scan/UARTConnect/connect_scan.c.o
 .rodata.uartConnectCLIDict
                0x0000000000008c5c       0x60 CMakeFiles/kiibohd.elf.dir/Scan/UARTConnect/connect_scan.c.o
                0x0000000000008c5c                uartConnectCLIDict
 .rodata.connectDbgCLIDict_DescEntry
                0x0000000000008cbc       0x1f CMakeFiles/kiibohd.elf.dir/Scan/UARTConnect/connect_scan.c.o
                0x0000000000008cbc                connectDbgCLIDict_DescEntry
 .rodata.connectStsCLIDict_DescEntry
                0x0000000000008cdb       0x14 CMakeFiles/kiibohd.elf.dir/Scan/UARTConnect/connect_scan.c.o
                0x0000000000008cdb                connectStsCLIDict_DescEntry
 .rodata.str1.1
                0x0000000000008cef      0x5a6 CMakeFiles/kiibohd.elf.dir/Scan/UARTConnect/connect_scan.c.o
                                        0x5af (size before relaxing)
 .rodata.connectLstCLIDict_DescEntry
                0x0000000000009295       0x32 CMakeFiles/kiibohd.elf.dir/Scan/UARTConnect/connect_scan.c.o
                0x0000000000009295                connectLstCLIDict_DescEntry
 .rodata.uartConnectCLIDictName
                0x00000000000092c7       0x1c CMakeFiles/kiibohd.elf.dir/Scan/UARTConnect/connect_scan.c.o
                0x00000000000092c7                uartConnectCLIDictName
 .rodata.connectMstCLIDict_DescEntry
                0x00000000000092e3       0x3e CMakeFiles/kiibohd.elf.dir/Scan/UARTConnect/connect_scan.c.o
                0x00000000000092e3                connectMstCLIDict_DescEntry
 .rodata.connectRstCLIDict_DescEntry
                0x0000000000009321       0x3b CMakeFiles/kiibohd.elf.dir/Scan/UARTConnect/connect_scan.c.o
                0x0000000000009321                connectRstCLIDict_DescEntry
 .rodata.connectCmdCLIDict_DescEntry
                0x000000000000935c       0x6c CMakeFiles/kiibohd.elf.dir/Scan/UARTConnect/connect_scan.c.o
                0x000000000000935c                connectCmdCLIDict_DescEntry
 .rodata.connectIdlCLIDict_DescEntry
                0x00000000000093c8       0x61 CMakeFiles/kiibohd.elf.dir/Scan/UARTConnect/connect_scan.c.o
                0x00000000000093c8                connectIdlCLIDict_DescEntry
 .rodata.rm17_guide
                0x0000000000009429        0x4 CMakeFiles/kiibohd.elf.dir/Macro/PartialMap/macro.c.o
                0x0000000000009429                rm17_guide
 .rodata.tm13_guide
                0x000000000000942d        0x5 CMakeFiles/kiibohd.elf.dir/Macro/PartialMap/macro.c.o
                0x000000000000942d                tm13_guide
 .rodata.rm3_guide
                0x0000000000009432        0x4 CMakeFiles/kiibohd.elf.dir/Macro/PartialMap/macro.c.o
                0x0000000000009432                rm3_guide
 .rodata.tm34_guide
                0x0000000000009436        0x5 CMakeFiles/kiibohd.elf.dir/Macro/PartialMap/macro.c.o
                0x0000000000009436                tm34_guide
 *fill*         0x000000000000943b        0x1 
 .rodata.CapabilitiesList
                0x000000000000943c       0x78 CMakeFiles/kiibohd.elf.dir/Macro/PartialMap/macro.c.o
                0x000000000000943c                CapabilitiesList
 .rodata.rm8_guide
                0x00000000000094b4        0x6 CMakeFiles/kiibohd.elf.dir/Macro/PartialMap/macro.c.o
                0x00000000000094b4                rm8_guide
 .rodata.rm36_guide
                0x00000000000094ba        0x4 CMakeFiles/kiibohd.elf.dir/Macro/PartialMap/macro.c.o
                0x00000000000094ba                rm36_guide
 .rodata.rm60_guide
                0x00000000000094be        0x4 CMakeFiles/kiibohd.elf.dir/Macro/PartialMap/macro.c.o
                0x00000000000094be                rm60_guide
 .rodata.tm36_guide
                0x00000000000094c2        0x5 CMakeFiles/kiibohd.elf.dir/Macro/PartialMap/macro.c.o
                0x00000000000094c2                tm36_guide
 .rodata.tm60_guide
                0x00000000000094c7        0x5 CMakeFiles/kiibohd.elf.dir/Macro/PartialMap/macro.c.o
                0x00000000000094c7                tm60_guide
 .rodata.tm27_guide
                0x00000000000094cc        0x5 CMakeFiles/kiibohd.elf.dir/Macro/PartialMap/macro.c.o
                0x00000000000094cc                tm27_guide
 .rodata.rm75_guide
                0x00000000000094d1        0x4 CMakeFiles/kiibohd.elf.dir/Macro/PartialMap/macro.c.o
                0x00000000000094d1                rm75_guide
 *fill*         0x00000000000094d5        0x3 
 .rodata.default_tl_0x13
                0x00000000000094d8        0x4 CMakeFiles/kiibohd.elf.dir/Macro/PartialMap/macro.c.o
                0x00000000000094d8                default_tl_0x13
 .rodata.rm5_guide
                0x00000000000094dc        0x4 CMakeFiles/kiibohd.elf.dir/Macro/PartialMap/macro.c.o
                0x00000000000094dc                rm5_guide
 .rodata.rm38_guide
                0x00000000000094e0        0x4 CMakeFiles/kiibohd.elf.dir/Macro/PartialMap/macro.c.o
                0x00000000000094e0                rm38_guide
 .rodata.rm62_guide
                0x00000000000094e4        0x4 CMakeFiles/kiibohd.elf.dir/Macro/PartialMap/macro.c.o
                0x00000000000094e4                rm62_guide
 .rodata.tm38_guide
                0x00000000000094e8        0x5 CMakeFiles/kiibohd.elf.dir/Macro/PartialMap/macro.c.o
                0x00000000000094e8                tm38_guide
 .rodata.tm62_guide
                0x00000000000094ed        0x5 CMakeFiles/kiibohd.elf.dir/Macro/PartialMap/macro.c.o
                0x00000000000094ed                tm62_guide
 .rodata.rm25_guide
                0x00000000000094f2        0x4 CMakeFiles/kiibohd.elf.dir/Macro/PartialMap/macro.c.o
                0x00000000000094f2                rm25_guide
 .rodata.tm11_guide
                0x00000000000094f6        0x5 CMakeFiles/kiibohd.elf.dir/Macro/PartialMap/macro.c.o
                0x00000000000094f6                tm11_guide
 .rodata.rm64_guide
                0x00000000000094fb        0x4 CMakeFiles/kiibohd.elf.dir/Macro/PartialMap/macro.c.o
                0x00000000000094fb                rm64_guide
 .rodata.tm64_guide
                0x00000000000094ff        0x5 CMakeFiles/kiibohd.elf.dir/Macro/PartialMap/macro.c.o
                0x00000000000094ff                tm64_guide
 .rodata.rm35_guide
                0x0000000000009504        0x4 CMakeFiles/kiibohd.elf.dir/Macro/PartialMap/macro.c.o
                0x0000000000009504                rm35_guide
 .rodata.keyReleaseCLIDict_DescEntry
                0x0000000000009508       0x6b CMakeFiles/kiibohd.elf.dir/Macro/PartialMap/macro.c.o
                0x0000000000009508                keyReleaseCLIDict_DescEntry
 *fill*         0x0000000000009573        0x1 
 .rodata.default_tl_0x54
                0x0000000000009574        0x8 CMakeFiles/kiibohd.elf.dir/Macro/PartialMap/macro.c.o
                0x0000000000009574                default_tl_0x54
 .rodata.default_tl_0x1C
                0x000000000000957c        0x8 CMakeFiles/kiibohd.elf.dir/Macro/PartialMap/macro.c.o
                0x000000000000957c                default_tl_0x1C
 .rodata.rm15_guide
                0x0000000000009584        0x4 CMakeFiles/kiibohd.elf.dir/Macro/PartialMap/macro.c.o
                0x0000000000009584                rm15_guide
 .rodata.layer1_tl_0x44
                0x0000000000009588        0x8 CMakeFiles/kiibohd.elf.dir/Macro/PartialMap/macro.c.o
                0x0000000000009588                layer1_tl_0x44
 .rodata.tm66_guide
                0x0000000000009590        0x5 CMakeFiles/kiibohd.elf.dir/Macro/PartialMap/macro.c.o
                0x0000000000009590                tm66_guide
 .rodata.rm19_guide
                0x0000000000009595        0x4 CMakeFiles/kiibohd.elf.dir/Macro/PartialMap/macro.c.o
                0x0000000000009595                rm19_guide
 .rodata.str1.1
                0x0000000000009599      0x64e CMakeFiles/kiibohd.elf.dir/Macro/PartialMap/macro.c.o
                                        0x678 (size before relaxing)
 .rodata.rm20_guide
                0x0000000000009be7        0x4 CMakeFiles/kiibohd.elf.dir/Macro/PartialMap/macro.c.o
                0x0000000000009be7                rm20_guide
 .rodata.macroProcCLIDict_DescEntry
                0x0000000000009beb       0x1f CMakeFiles/kiibohd.elf.dir/Macro/PartialMap/macro.c.o
                0x0000000000009beb                macroProcCLIDict_DescEntry
 .rodata.tm15_guide
                0x0000000000009c0a        0x5 CMakeFiles/kiibohd.elf.dir/Macro/PartialMap/macro.c.o
                0x0000000000009c0a                tm15_guide
 .rodata.rm78_guide
                0x0000000000009c0f        0x5 CMakeFiles/kiibohd.elf.dir/Macro/PartialMap/macro.c.o
                0x0000000000009c0f                rm78_guide
 .rodata.rm41_guide
                0x0000000000009c14        0x4 CMakeFiles/kiibohd.elf.dir/Macro/PartialMap/macro.c.o
                0x0000000000009c14                rm41_guide
 .rodata.tm17_guide
                0x0000000000009c18        0x5 CMakeFiles/kiibohd.elf.dir/Macro/PartialMap/macro.c.o
                0x0000000000009c18                tm17_guide
 .rodata.tm68_guide
                0x0000000000009c1d        0x5 CMakeFiles/kiibohd.elf.dir/Macro/PartialMap/macro.c.o
                0x0000000000009c1d                tm68_guide
 .rodata.tm41_guide
                0x0000000000009c22        0x5 CMakeFiles/kiibohd.elf.dir/Macro/PartialMap/macro.c.o
                0x0000000000009c22                tm41_guide
 .rodata.keyPressCLIDict_DescEntry
                0x0000000000009c27       0x6e CMakeFiles/kiibohd.elf.dir/Macro/PartialMap/macro.c.o
                0x0000000000009c27                keyPressCLIDict_DescEntry
 .rodata.macroCLIDictName
                0x0000000000009c95       0x16 CMakeFiles/kiibohd.elf.dir/Macro/PartialMap/macro.c.o
                0x0000000000009c95                macroCLIDictName
 .rodata.rm43_guide
                0x0000000000009cab        0x4 CMakeFiles/kiibohd.elf.dir/Macro/PartialMap/macro.c.o
                0x0000000000009cab                rm43_guide
 .rodata.tm19_guide
                0x0000000000009caf        0x5 CMakeFiles/kiibohd.elf.dir/Macro/PartialMap/macro.c.o
                0x0000000000009caf                tm19_guide
 .rodata.rm81_guide
                0x0000000000009cb4        0x5 CMakeFiles/kiibohd.elf.dir/Macro/PartialMap/macro.c.o
                0x0000000000009cb4                rm81_guide
 .rodata.tm43_guide
                0x0000000000009cb9        0x5 CMakeFiles/kiibohd.elf.dir/Macro/PartialMap/macro.c.o
                0x0000000000009cb9                tm43_guide
 .rodata.rm16_guide
                0x0000000000009cbe        0x4 CMakeFiles/kiibohd.elf.dir/Macro/PartialMap/macro.c.o
                0x0000000000009cbe                rm16_guide
 .rodata.rm32_guide
                0x0000000000009cc2        0x4 CMakeFiles/kiibohd.elf.dir/Macro/PartialMap/macro.c.o
                0x0000000000009cc2                rm32_guide
 .rodata.rm23_guide
                0x0000000000009cc6        0x4 CMakeFiles/kiibohd.elf.dir/Macro/PartialMap/macro.c.o
                0x0000000000009cc6                rm23_guide
 .rodata.layerDebugCLIDict_DescEntry
                0x0000000000009cca       0x35 CMakeFiles/kiibohd.elf.dir/Macro/PartialMap/macro.c.o
                0x0000000000009cca                layerDebugCLIDict_DescEntry
 .rodata.rm34_guide
                0x0000000000009cff        0x4 CMakeFiles/kiibohd.elf.dir/Macro/PartialMap/macro.c.o
                0x0000000000009cff                rm34_guide
 .rodata.rm54_guide
                0x0000000000009d03        0x4 CMakeFiles/kiibohd.elf.dir/Macro/PartialMap/macro.c.o
                0x0000000000009d03                rm54_guide
 .rodata.rm7_guide
                0x0000000000009d07        0x4 CMakeFiles/kiibohd.elf.dir/Macro/PartialMap/macro.c.o
                0x0000000000009d07                rm7_guide
 .rodata.rm45_guide
                0x0000000000009d0b        0x4 CMakeFiles/kiibohd.elf.dir/Macro/PartialMap/macro.c.o
                0x0000000000009d0b                rm45_guide
 .rodata.tm45_guide
                0x0000000000009d0f        0x5 CMakeFiles/kiibohd.elf.dir/Macro/PartialMap/macro.c.o
                0x0000000000009d0f                tm45_guide
 .rodata.default_tl_0x2E
                0x0000000000009d14        0x4 CMakeFiles/kiibohd.elf.dir/Macro/PartialMap/macro.c.o
                0x0000000000009d14                default_tl_0x2E
 .rodata.rm27_guide
                0x0000000000009d18        0x4 CMakeFiles/kiibohd.elf.dir/Macro/PartialMap/macro.c.o
                0x0000000000009d18                rm27_guide
 .rodata.tm23_guide
                0x0000000000009d1c        0x5 CMakeFiles/kiibohd.elf.dir/Macro/PartialMap/macro.c.o
                0x0000000000009d1c                tm23_guide
 .rodata.rm47_guide
                0x0000000000009d21        0x4 CMakeFiles/kiibohd.elf.dir/Macro/PartialMap/macro.c.o
                0x0000000000009d21                rm47_guide
 .rodata.rm10_guide
                0x0000000000009d25        0x4 CMakeFiles/kiibohd.elf.dir/Macro/PartialMap/macro.c.o
                0x0000000000009d25                rm10_guide
 *fill*         0x0000000000009d29        0x3 
 .rodata.layer1_tl_0x42
                0x0000000000009d2c        0x8 CMakeFiles/kiibohd.elf.dir/Macro/PartialMap/macro.c.o
                0x0000000000009d2c                layer1_tl_0x42
 .rodata.tm47_guide
                0x0000000000009d34        0x5 CMakeFiles/kiibohd.elf.dir/Macro/PartialMap/macro.c.o
                0x0000000000009d34                tm47_guide
 .rodata.tm10_guide
                0x0000000000009d39        0x5 CMakeFiles/kiibohd.elf.dir/Macro/PartialMap/macro.c.o
                0x0000000000009d39                tm10_guide
 .rodata.tm71_guide
                0x0000000000009d3e        0x5 CMakeFiles/kiibohd.elf.dir/Macro/PartialMap/macro.c.o
                0x0000000000009d3e                tm71_guide
 *fill*         0x0000000000009d43        0x1 
 .rodata.default_tl_0x02
                0x0000000000009d44        0x8 CMakeFiles/kiibohd.elf.dir/Macro/PartialMap/macro.c.o
                0x0000000000009d44                default_tl_0x02
 .rodata.default_tl_0x03
                0x0000000000009d4c        0x8 CMakeFiles/kiibohd.elf.dir/Macro/PartialMap/macro.c.o
                0x0000000000009d4c                default_tl_0x03
 .rodata.default_tl_0x04
                0x0000000000009d54        0x8 CMakeFiles/kiibohd.elf.dir/Macro/PartialMap/macro.c.o
                0x0000000000009d54                default_tl_0x04
 .rodata.default_tl_0x05
                0x0000000000009d5c        0x8 CMakeFiles/kiibohd.elf.dir/Macro/PartialMap/macro.c.o
                0x0000000000009d5c                default_tl_0x05
 .rodata.default_tl_0x06
                0x0000000000009d64        0x8 CMakeFiles/kiibohd.elf.dir/Macro/PartialMap/macro.c.o
                0x0000000000009d64                default_tl_0x06
 .rodata.default_tl_0x07
                0x0000000000009d6c        0x8 CMakeFiles/kiibohd.elf.dir/Macro/PartialMap/macro.c.o
                0x0000000000009d6c                default_tl_0x07
 .rodata.default_tl_0x08
                0x0000000000009d74        0x8 CMakeFiles/kiibohd.elf.dir/Macro/PartialMap/macro.c.o
                0x0000000000009d74                default_tl_0x08
 .rodata.default_tl_0x09
                0x0000000000009d7c        0x4 CMakeFiles/kiibohd.elf.dir/Macro/PartialMap/macro.c.o
                0x0000000000009d7c                default_tl_0x09
 .rodata.rm55_guide
                0x0000000000009d80        0x4 CMakeFiles/kiibohd.elf.dir/Macro/PartialMap/macro.c.o
                0x0000000000009d80                rm55_guide
 .rodata.layer1_tl_0x49
                0x0000000000009d84        0x4 CMakeFiles/kiibohd.elf.dir/Macro/PartialMap/macro.c.o
                0x0000000000009d84                layer1_tl_0x49
 .rodata.rm73_guide
                0x0000000000009d88        0x4 CMakeFiles/kiibohd.elf.dir/Macro/PartialMap/macro.c.o
                0x0000000000009d88                rm73_guide
 .rodata.tm49_guide
                0x0000000000009d8c        0x5 CMakeFiles/kiibohd.elf.dir/Macro/PartialMap/macro.c.o
                0x0000000000009d8c                tm49_guide
 .rodata.tm12_guide
                0x0000000000009d91        0x5 CMakeFiles/kiibohd.elf.dir/Macro/PartialMap/macro.c.o
                0x0000000000009d91                tm12_guide
 .rodata.tm73_guide
                0x0000000000009d96        0x5 CMakeFiles/kiibohd.elf.dir/Macro/PartialMap/macro.c.o
                0x0000000000009d96                tm73_guide
 *fill*         0x0000000000009d9b        0x1 
 .rodata.default_tl_0x0A
                0x0000000000009d9c        0x4 CMakeFiles/kiibohd.elf.dir/Macro/PartialMap/macro.c.o
                0x0000000000009d9c                default_tl_0x0A
 .rodata.default_tl_0x0B
                0x0000000000009da0        0x8 CMakeFiles/kiibohd.elf.dir/Macro/PartialMap/macro.c.o
                0x0000000000009da0                default_tl_0x0B
 .rodata.default_tl_0x0C
                0x0000000000009da8        0x8 CMakeFiles/kiibohd.elf.dir/Macro/PartialMap/macro.c.o
                0x0000000000009da8                default_tl_0x0C
 .rodata.default_tl_0x0D
                0x0000000000009db0        0x8 CMakeFiles/kiibohd.elf.dir/Macro/PartialMap/macro.c.o
                0x0000000000009db0                default_tl_0x0D
 .rodata.default_tl_0x0E
                0x0000000000009db8        0x8 CMakeFiles/kiibohd.elf.dir/Macro/PartialMap/macro.c.o
                0x0000000000009db8                default_tl_0x0E
 .rodata.default_tl_0x0F
                0x0000000000009dc0        0x8 CMakeFiles/kiibohd.elf.dir/Macro/PartialMap/macro.c.o
                0x0000000000009dc0                default_tl_0x0F
 .rodata.rm37_guide
                0x0000000000009dc8        0x4 CMakeFiles/kiibohd.elf.dir/Macro/PartialMap/macro.c.o
                0x0000000000009dc8                rm37_guide
 .rodata.ResultMacroList
                0x0000000000009dcc      0x14c CMakeFiles/kiibohd.elf.dir/Macro/PartialMap/macro.c.o
                0x0000000000009dcc                ResultMacroList
 .rodata.tm2_guide
                0x0000000000009f18        0x5 CMakeFiles/kiibohd.elf.dir/Macro/PartialMap/macro.c.o
                0x0000000000009f18                tm2_guide
 .rodata.tm14_guide
                0x0000000000009f1d        0x5 CMakeFiles/kiibohd.elf.dir/Macro/PartialMap/macro.c.o
                0x0000000000009f1d                tm14_guide
 .rodata.tm75_guide
                0x0000000000009f22        0x5 CMakeFiles/kiibohd.elf.dir/Macro/PartialMap/macro.c.o
                0x0000000000009f22                tm75_guide
 .rodata.tm31_guide
                0x0000000000009f27        0x5 CMakeFiles/kiibohd.elf.dir/Macro/PartialMap/macro.c.o
                0x0000000000009f27                tm31_guide
 .rodata.default_tl_0x24
                0x0000000000009f2c        0x8 CMakeFiles/kiibohd.elf.dir/Macro/PartialMap/macro.c.o
                0x0000000000009f2c                default_tl_0x24
 .rodata.tm5_guide
                0x0000000000009f34        0x5 CMakeFiles/kiibohd.elf.dir/Macro/PartialMap/macro.c.o
                0x0000000000009f34                tm5_guide
 .rodata.tm22_guide
                0x0000000000009f39        0x5 CMakeFiles/kiibohd.elf.dir/Macro/PartialMap/macro.c.o
                0x0000000000009f39                tm22_guide
 .rodata.rm50_guide
                0x0000000000009f3e        0x4 CMakeFiles/kiibohd.elf.dir/Macro/PartialMap/macro.c.o
                0x0000000000009f3e                rm50_guide
 .rodata.tm26_guide
                0x0000000000009f42        0x5 CMakeFiles/kiibohd.elf.dir/Macro/PartialMap/macro.c.o
                0x0000000000009f42                tm26_guide
 .rodata.tm77_guide
                0x0000000000009f47        0x5 CMakeFiles/kiibohd.elf.dir/Macro/PartialMap/macro.c.o
                0x0000000000009f47                tm77_guide
 .rodata.tm50_guide
                0x0000000000009f4c        0x5 CMakeFiles/kiibohd.elf.dir/Macro/PartialMap/macro.c.o
                0x0000000000009f4c                tm50_guide
 .rodata.rm22_guide
                0x0000000000009f51        0x4 CMakeFiles/kiibohd.elf.dir/Macro/PartialMap/macro.c.o
                0x0000000000009f51                rm22_guide
 .rodata.rm56_guide
                0x0000000000009f55        0x4 CMakeFiles/kiibohd.elf.dir/Macro/PartialMap/macro.c.o
                0x0000000000009f55                rm56_guide
 .rodata.rm9_guide
                0x0000000000009f59        0x4 CMakeFiles/kiibohd.elf.dir/Macro/PartialMap/macro.c.o
                0x0000000000009f59                rm9_guide
 .rodata.tm7_guide
                0x0000000000009f5d        0x5 CMakeFiles/kiibohd.elf.dir/Macro/PartialMap/macro.c.o
                0x0000000000009f5d                tm7_guide
 .rodata.rm52_guide
                0x0000000000009f62        0x4 CMakeFiles/kiibohd.elf.dir/Macro/PartialMap/macro.c.o
                0x0000000000009f62                rm52_guide
 .rodata.tm28_guide
                0x0000000000009f66        0x5 CMakeFiles/kiibohd.elf.dir/Macro/PartialMap/macro.c.o
                0x0000000000009f66                tm28_guide
 .rodata.tm79_guide
                0x0000000000009f6b        0x5 CMakeFiles/kiibohd.elf.dir/Macro/PartialMap/macro.c.o
                0x0000000000009f6b                tm79_guide
 .rodata.tm52_guide
                0x0000000000009f70        0x5 CMakeFiles/kiibohd.elf.dir/Macro/PartialMap/macro.c.o
                0x0000000000009f70                tm52_guide
 .rodata.rm82_guide
                0x0000000000009f75        0x5 CMakeFiles/kiibohd.elf.dir/Macro/PartialMap/macro.c.o
                0x0000000000009f75                rm82_guide
 *fill*         0x0000000000009f7a        0x2 
 .rodata.default_tl_0x2C
                0x0000000000009f7c        0x8 CMakeFiles/kiibohd.elf.dir/Macro/PartialMap/macro.c.o
                0x0000000000009f7c                default_tl_0x2C
 .rodata.default_tl_0x10
                0x0000000000009f84        0x8 CMakeFiles/kiibohd.elf.dir/Macro/PartialMap/macro.c.o
                0x0000000000009f84                default_tl_0x10
 .rodata.default_tl_0x11
                0x0000000000009f8c        0x8 CMakeFiles/kiibohd.elf.dir/Macro/PartialMap/macro.c.o
                0x0000000000009f8c                default_tl_0x11
 .rodata.default_tl_0x12
                0x0000000000009f94        0x4 CMakeFiles/kiibohd.elf.dir/Macro/PartialMap/macro.c.o
                0x0000000000009f94                default_tl_0x12
 .rodata.default_tl_0x14
                0x0000000000009f98        0x4 CMakeFiles/kiibohd.elf.dir/Macro/PartialMap/macro.c.o
                0x0000000000009f98                default_tl_0x14
 .rodata.default_tl_0x15
                0x0000000000009f9c        0x8 CMakeFiles/kiibohd.elf.dir/Macro/PartialMap/macro.c.o
                0x0000000000009f9c                default_tl_0x15
 .rodata.default_tl_0x16
                0x0000000000009fa4        0x8 CMakeFiles/kiibohd.elf.dir/Macro/PartialMap/macro.c.o
                0x0000000000009fa4                default_tl_0x16
 .rodata.default_tl_0x17
                0x0000000000009fac        0x8 CMakeFiles/kiibohd.elf.dir/Macro/PartialMap/macro.c.o
                0x0000000000009fac                default_tl_0x17
 .rodata.default_tl_0x18
                0x0000000000009fb4        0x8 CMakeFiles/kiibohd.elf.dir/Macro/PartialMap/macro.c.o
                0x0000000000009fb4                default_tl_0x18
 .rodata.default_tl_0x19
                0x0000000000009fbc        0x8 CMakeFiles/kiibohd.elf.dir/Macro/PartialMap/macro.c.o
                0x0000000000009fbc                default_tl_0x19
 .rodata.tm54_guide
                0x0000000000009fc4        0x5 CMakeFiles/kiibohd.elf.dir/Macro/PartialMap/macro.c.o
                0x0000000000009fc4                tm54_guide
 .rodata.rm77_guide
                0x0000000000009fc9        0x5 CMakeFiles/kiibohd.elf.dir/Macro/PartialMap/macro.c.o
                0x0000000000009fc9                rm77_guide
 .rodata.rm30_guide
                0x0000000000009fce        0x4 CMakeFiles/kiibohd.elf.dir/Macro/PartialMap/macro.c.o
                0x0000000000009fce                rm30_guide
 *fill*         0x0000000000009fd2        0x2 
 .rodata.default_tl_0x1A
                0x0000000000009fd4        0x8 CMakeFiles/kiibohd.elf.dir/Macro/PartialMap/macro.c.o
                0x0000000000009fd4                default_tl_0x1A
 .rodata.default_tl_0x1B
                0x0000000000009fdc        0x8 CMakeFiles/kiibohd.elf.dir/Macro/PartialMap/macro.c.o
                0x0000000000009fdc                default_tl_0x1B
 .rodata.default_tl_0x1D
                0x0000000000009fe4        0x8 CMakeFiles/kiibohd.elf.dir/Macro/PartialMap/macro.c.o
                0x0000000000009fe4                default_tl_0x1D
 .rodata.default_tl_0x1E
                0x0000000000009fec        0x8 CMakeFiles/kiibohd.elf.dir/Macro/PartialMap/macro.c.o
                0x0000000000009fec                default_tl_0x1E
 .rodata.default_tl_0x1F
                0x0000000000009ff4        0x8 CMakeFiles/kiibohd.elf.dir/Macro/PartialMap/macro.c.o
                0x0000000000009ff4                default_tl_0x1F
 .rodata.rm80_guide
                0x0000000000009ffc        0x5 CMakeFiles/kiibohd.elf.dir/Macro/PartialMap/macro.c.o
                0x0000000000009ffc                rm80_guide
 .rodata.rm49_guide
                0x000000000000a001        0x4 CMakeFiles/kiibohd.elf.dir/Macro/PartialMap/macro.c.o
                0x000000000000a001                rm49_guide
 .rodata.tm56_guide
                0x000000000000a005        0x5 CMakeFiles/kiibohd.elf.dir/Macro/PartialMap/macro.c.o
                0x000000000000a005                tm56_guide
 .rodata.tm80_guide
                0x000000000000a00a        0x5 CMakeFiles/kiibohd.elf.dir/Macro/PartialMap/macro.c.o
                0x000000000000a00a                tm80_guide
 *fill*         0x000000000000a00f        0x1 
 .rodata.LayerIndex
                0x000000000000a010       0x18 CMakeFiles/kiibohd.elf.dir/Macro/PartialMap/macro.c.o
                0x000000000000a010                LayerIndex
 .rodata.rm58_guide
                0x000000000000a028        0x4 CMakeFiles/kiibohd.elf.dir/Macro/PartialMap/macro.c.o
                0x000000000000a028                rm58_guide
 .rodata.tm0_guide
                0x000000000000a02c        0x5 CMakeFiles/kiibohd.elf.dir/Macro/PartialMap/macro.c.o
                0x000000000000a02c                tm0_guide
 .rodata.rm0_guide
                0x000000000000a031        0x4 CMakeFiles/kiibohd.elf.dir/Macro/PartialMap/macro.c.o
                0x000000000000a031                rm0_guide
 .rodata.tm58_guide
                0x000000000000a035        0x5 CMakeFiles/kiibohd.elf.dir/Macro/PartialMap/macro.c.o
                0x000000000000a035                tm58_guide
 .rodata.tm21_guide
                0x000000000000a03a        0x5 CMakeFiles/kiibohd.elf.dir/Macro/PartialMap/macro.c.o
                0x000000000000a03a                tm21_guide
 .rodata.tm82_guide
                0x000000000000a03f        0x5 CMakeFiles/kiibohd.elf.dir/Macro/PartialMap/macro.c.o
                0x000000000000a03f                tm82_guide
 .rodata.layerStateCLIDict_DescEntry
                0x000000000000a044       0x87 CMakeFiles/kiibohd.elf.dir/Macro/PartialMap/macro.c.o
                0x000000000000a044                layerStateCLIDict_DescEntry
 .rodata.rm4_guide
                0x000000000000a0cb        0x4 CMakeFiles/kiibohd.elf.dir/Macro/PartialMap/macro.c.o
                0x000000000000a0cb                rm4_guide
 .rodata.rm51_guide
                0x000000000000a0cf        0x4 CMakeFiles/kiibohd.elf.dir/Macro/PartialMap/macro.c.o
                0x000000000000a0cf                rm51_guide
 .rodata.macroShowCLIDict_DescEntry
                0x000000000000a0d3       0x84 CMakeFiles/kiibohd.elf.dir/Macro/PartialMap/macro.c.o
                0x000000000000a0d3                macroShowCLIDict_DescEntry
 .rodata.rm2_guide
                0x000000000000a157        0x4 CMakeFiles/kiibohd.elf.dir/Macro/PartialMap/macro.c.o
                0x000000000000a157                rm2_guide
 .rodata.tm33_guide
                0x000000000000a15b        0x5 CMakeFiles/kiibohd.elf.dir/Macro/PartialMap/macro.c.o
                0x000000000000a15b                tm33_guide
 .rodata.rm24_guide
                0x000000000000a160        0x4 CMakeFiles/kiibohd.elf.dir/Macro/PartialMap/macro.c.o
                0x000000000000a160                rm24_guide
 .rodata.tm20_guide
                0x000000000000a164        0x5 CMakeFiles/kiibohd.elf.dir/Macro/PartialMap/macro.c.o
                0x000000000000a164                tm20_guide
 .rodata.rm33_guide
                0x000000000000a169        0x4 CMakeFiles/kiibohd.elf.dir/Macro/PartialMap/macro.c.o
                0x000000000000a169                rm33_guide
 *fill*         0x000000000000a16d        0x3 
 .rodata.default_tl_0x20
                0x000000000000a170        0x8 CMakeFiles/kiibohd.elf.dir/Macro/PartialMap/macro.c.o
                0x000000000000a170                default_tl_0x20
 .rodata.default_tl_0x21
                0x000000000000a178        0x8 CMakeFiles/kiibohd.elf.dir/Macro/PartialMap/macro.c.o
                0x000000000000a178                default_tl_0x21
 .rodata.default_tl_0x22
                0x000000000000a180        0x8 CMakeFiles/kiibohd.elf.dir/Macro/PartialMap/macro.c.o
                0x000000000000a180                default_tl_0x22
 .rodata.default_tl_0x23
                0x000000000000a188        0x8 CMakeFiles/kiibohd.elf.dir/Macro/PartialMap/macro.c.o
                0x000000000000a188                default_tl_0x23
 .rodata.tm35_guide
                0x000000000000a190        0x5 CMakeFiles/kiibohd.elf.dir/Macro/PartialMap/macro.c.o
                0x000000000000a190                tm35_guide
 *fill*         0x000000000000a195        0x3 
 .rodata.default_tl_0x25
                0x000000000000a198        0x8 CMakeFiles/kiibohd.elf.dir/Macro/PartialMap/macro.c.o
                0x000000000000a198                default_tl_0x25
 .rodata.default_tl_0x26
                0x000000000000a1a0        0x8 CMakeFiles/kiibohd.elf.dir/Macro/PartialMap/macro.c.o
                0x000000000000a1a0                default_tl_0x26
 .rodata.default_tl_0x27
                0x000000000000a1a8        0x8 CMakeFiles/kiibohd.elf.dir/Macro/PartialMap/macro.c.o
                0x000000000000a1a8                default_tl_0x27
 .rodata.default_tl_0x28
                0x000000000000a1b0        0x8 CMakeFiles/kiibohd.elf.dir/Macro/PartialMap/macro.c.o
                0x000000000000a1b0                default_tl_0x28
 .rodata.default_tl_0x29
                0x000000000000a1b8        0x8 CMakeFiles/kiibohd.elf.dir/Macro/PartialMap/macro.c.o
                0x000000000000a1b8                default_tl_0x29
 .rodata.tm42_guide
                0x000000000000a1c0        0x5 CMakeFiles/kiibohd.elf.dir/Macro/PartialMap/macro.c.o
                0x000000000000a1c0                tm42_guide
 .rodata.layerListCLIDict_DescEntry
                0x000000000000a1c5       0x17 CMakeFiles/kiibohd.elf.dir/Macro/PartialMap/macro.c.o
                0x000000000000a1c5                layerListCLIDict_DescEntry
 .rodata.layer1_tl_0x43
                0x000000000000a1dc        0x8 CMakeFiles/kiibohd.elf.dir/Macro/PartialMap/macro.c.o
                0x000000000000a1dc                layer1_tl_0x43
 .rodata.default_tl_0x2A
                0x000000000000a1e4        0x8 CMakeFiles/kiibohd.elf.dir/Macro/PartialMap/macro.c.o
                0x000000000000a1e4                default_tl_0x2A
 .rodata.default_tl_0x2B
                0x000000000000a1ec        0x8 CMakeFiles/kiibohd.elf.dir/Macro/PartialMap/macro.c.o
                0x000000000000a1ec                default_tl_0x2B
 .rodata.tm37_guide
                0x000000000000a1f4        0x5 CMakeFiles/kiibohd.elf.dir/Macro/PartialMap/macro.c.o
                0x000000000000a1f4                tm37_guide
 *fill*         0x000000000000a1f9        0x3 
 .rodata.default_tl_0x2D
                0x000000000000a1fc        0x4 CMakeFiles/kiibohd.elf.dir/Macro/PartialMap/macro.c.o
                0x000000000000a1fc                default_tl_0x2D
 .rodata.tm61_guide
                0x000000000000a200        0x5 CMakeFiles/kiibohd.elf.dir/Macro/PartialMap/macro.c.o
                0x000000000000a200                tm61_guide
 *fill*         0x000000000000a205        0x3 
 .rodata.default_tl_0x2F
                0x000000000000a208        0x8 CMakeFiles/kiibohd.elf.dir/Macro/PartialMap/macro.c.o
                0x000000000000a208                default_tl_0x2F
 .rodata.rm31_guide
                0x000000000000a210        0x6 CMakeFiles/kiibohd.elf.dir/Macro/PartialMap/macro.c.o
                0x000000000000a210                rm31_guide
 .rodata.rm18_guide
                0x000000000000a216        0x4 CMakeFiles/kiibohd.elf.dir/Macro/PartialMap/macro.c.o
                0x000000000000a216                rm18_guide
 .rodata.rm39_guide
                0x000000000000a21a        0x4 CMakeFiles/kiibohd.elf.dir/Macro/PartialMap/macro.c.o
                0x000000000000a21a                rm39_guide
 .rodata.tm4_guide
                0x000000000000a21e        0x5 CMakeFiles/kiibohd.elf.dir/Macro/PartialMap/macro.c.o
                0x000000000000a21e                tm4_guide
 .rodata.tm9_guide
                0x000000000000a223        0x5 CMakeFiles/kiibohd.elf.dir/Macro/PartialMap/macro.c.o
                0x000000000000a223                tm9_guide
 .rodata.tm39_guide
                0x000000000000a228        0x5 CMakeFiles/kiibohd.elf.dir/Macro/PartialMap/macro.c.o
                0x000000000000a228                tm39_guide
 .rodata.tm63_guide
                0x000000000000a22d        0x5 CMakeFiles/kiibohd.elf.dir/Macro/PartialMap/macro.c.o
                0x000000000000a22d                tm63_guide
 *fill*         0x000000000000a232        0x2 
 .rodata.default_tl_0x35
                0x000000000000a234        0x8 CMakeFiles/kiibohd.elf.dir/Macro/PartialMap/macro.c.o
                0x000000000000a234                default_tl_0x35
 .rodata.macroCLIDict
                0x000000000000a23c       0xa8 CMakeFiles/kiibohd.elf.dir/Macro/PartialMap/macro.c.o
                0x000000000000a23c                macroCLIDict
 .rodata.rm66_guide
                0x000000000000a2e4        0x6 CMakeFiles/kiibohd.elf.dir/Macro/PartialMap/macro.c.o
                0x000000000000a2e4                rm66_guide
 .rodata.keyHoldCLIDict_DescEntry
                0x000000000000a2ea       0x6d CMakeFiles/kiibohd.elf.dir/Macro/PartialMap/macro.c.o
                0x000000000000a2ea                keyHoldCLIDict_DescEntry
 .rodata.rm14_guide
                0x000000000000a357        0x6 CMakeFiles/kiibohd.elf.dir/Macro/PartialMap/macro.c.o
                0x000000000000a357                rm14_guide
 .rodata.rm65_guide
                0x000000000000a35d        0x4 CMakeFiles/kiibohd.elf.dir/Macro/PartialMap/macro.c.o
                0x000000000000a35d                rm65_guide
 .rodata.tm40_guide
                0x000000000000a361        0x5 CMakeFiles/kiibohd.elf.dir/Macro/PartialMap/macro.c.o
                0x000000000000a361                tm40_guide
 .rodata.rm26_guide
                0x000000000000a366        0x4 CMakeFiles/kiibohd.elf.dir/Macro/PartialMap/macro.c.o
                0x000000000000a366                rm26_guide
 .rodata.tm65_guide
                0x000000000000a36a        0x5 CMakeFiles/kiibohd.elf.dir/Macro/PartialMap/macro.c.o
                0x000000000000a36a                tm65_guide
 *fill*         0x000000000000a36f        0x1 
 .rodata.default_tl_0x3E
                0x000000000000a370        0x8 CMakeFiles/kiibohd.elf.dir/Macro/PartialMap/macro.c.o
                0x000000000000a370                default_tl_0x3E
 .rodata.rm6_guide
                0x000000000000a378        0x4 CMakeFiles/kiibohd.elf.dir/Macro/PartialMap/macro.c.o
                0x000000000000a378                rm6_guide
 .rodata.rm69_guide
                0x000000000000a37c        0x4 CMakeFiles/kiibohd.elf.dir/Macro/PartialMap/macro.c.o
                0x000000000000a37c                rm69_guide
 .rodata.rm67_guide
                0x000000000000a380        0x4 CMakeFiles/kiibohd.elf.dir/Macro/PartialMap/macro.c.o
                0x000000000000a380                rm67_guide
 .rodata.rm40_guide
                0x000000000000a384        0x4 CMakeFiles/kiibohd.elf.dir/Macro/PartialMap/macro.c.o
                0x000000000000a384                rm40_guide
 .rodata.tm16_guide
                0x000000000000a388        0x5 CMakeFiles/kiibohd.elf.dir/Macro/PartialMap/macro.c.o
                0x000000000000a388                tm16_guide
 .rodata.tm67_guide
                0x000000000000a38d        0x5 CMakeFiles/kiibohd.elf.dir/Macro/PartialMap/macro.c.o
                0x000000000000a38d                tm67_guide
 *fill*         0x000000000000a392        0x2 
 .rodata.default_tl_0x30
                0x000000000000a394        0x8 CMakeFiles/kiibohd.elf.dir/Macro/PartialMap/macro.c.o
                0x000000000000a394                default_tl_0x30
 .rodata.default_tl_0x31
                0x000000000000a39c        0x8 CMakeFiles/kiibohd.elf.dir/Macro/PartialMap/macro.c.o
                0x000000000000a39c                default_tl_0x31
 .rodata.default_tl_0x32
                0x000000000000a3a4        0x8 CMakeFiles/kiibohd.elf.dir/Macro/PartialMap/macro.c.o
                0x000000000000a3a4                default_tl_0x32
 .rodata.default_tl_0x33
                0x000000000000a3ac        0x8 CMakeFiles/kiibohd.elf.dir/Macro/PartialMap/macro.c.o
                0x000000000000a3ac                default_tl_0x33
 .rodata.default_tl_0x34
                0x000000000000a3b4        0x8 CMakeFiles/kiibohd.elf.dir/Macro/PartialMap/macro.c.o
                0x000000000000a3b4                default_tl_0x34
 .rodata.tm57_guide
                0x000000000000a3bc        0x5 CMakeFiles/kiibohd.elf.dir/Macro/PartialMap/macro.c.o
                0x000000000000a3bc                tm57_guide
 *fill*         0x000000000000a3c1        0x3 
 .rodata.default_tl_0x36
                0x000000000000a3c4        0x4 CMakeFiles/kiibohd.elf.dir/Macro/PartialMap/macro.c.o
                0x000000000000a3c4                default_tl_0x36
 .rodata.default_tl_0x37
                0x000000000000a3c8        0x4 CMakeFiles/kiibohd.elf.dir/Macro/PartialMap/macro.c.o
                0x000000000000a3c8                default_tl_0x37
 .rodata.default_tl_0x38
                0x000000000000a3cc        0x8 CMakeFiles/kiibohd.elf.dir/Macro/PartialMap/macro.c.o
                0x000000000000a3cc                default_tl_0x38
 .rodata.default_tl_0x39
                0x000000000000a3d4        0x8 CMakeFiles/kiibohd.elf.dir/Macro/PartialMap/macro.c.o
                0x000000000000a3d4                default_tl_0x39
 .rodata.rm79_guide
                0x000000000000a3dc        0x3 CMakeFiles/kiibohd.elf.dir/Macro/PartialMap/macro.c.o
                0x000000000000a3dc                rm79_guide
 .rodata.rm42_guide
                0x000000000000a3df        0x4 CMakeFiles/kiibohd.elf.dir/Macro/PartialMap/macro.c.o
                0x000000000000a3df                rm42_guide
 .rodata.tm18_guide
                0x000000000000a3e3        0x5 CMakeFiles/kiibohd.elf.dir/Macro/PartialMap/macro.c.o
                0x000000000000a3e3                tm18_guide
 .rodata.tm69_guide
                0x000000000000a3e8        0x5 CMakeFiles/kiibohd.elf.dir/Macro/PartialMap/macro.c.o
                0x000000000000a3e8                tm69_guide
 .rodata.InterconnectOffsetList
                0x000000000000a3ed        0x2 CMakeFiles/kiibohd.elf.dir/Macro/PartialMap/macro.c.o
                0x000000000000a3ed                InterconnectOffsetList
 .rodata.rm74_guide
                0x000000000000a3ef        0x4 CMakeFiles/kiibohd.elf.dir/Macro/PartialMap/macro.c.o
                0x000000000000a3ef                rm74_guide
 *fill*         0x000000000000a3f3        0x1 
 .rodata.default_tl_0x3A
                0x000000000000a3f4        0x8 CMakeFiles/kiibohd.elf.dir/Macro/PartialMap/macro.c.o
                0x000000000000a3f4                default_tl_0x3A
 .rodata.default_tl_0x3B
                0x000000000000a3fc        0x8 CMakeFiles/kiibohd.elf.dir/Macro/PartialMap/macro.c.o
                0x000000000000a3fc                default_tl_0x3B
 .rodata.default_tl_0x3C
                0x000000000000a404        0x8 CMakeFiles/kiibohd.elf.dir/Macro/PartialMap/macro.c.o
                0x000000000000a404                default_tl_0x3C
 .rodata.default_tl_0x3D
                0x000000000000a40c        0x8 CMakeFiles/kiibohd.elf.dir/Macro/PartialMap/macro.c.o
                0x000000000000a40c                default_tl_0x3D
 .rodata.capListCLIDict_DescEntry
                0x000000000000a414       0x3c CMakeFiles/kiibohd.elf.dir/Macro/PartialMap/macro.c.o
                0x000000000000a414                capListCLIDict_DescEntry
 .rodata.default_tl_0x3F
                0x000000000000a450        0x4 CMakeFiles/kiibohd.elf.dir/Macro/PartialMap/macro.c.o
                0x000000000000a450                default_tl_0x3F
 .rodata.layer1_tl_0x45
                0x000000000000a454        0x8 CMakeFiles/kiibohd.elf.dir/Macro/PartialMap/macro.c.o
                0x000000000000a454                layer1_tl_0x45
 .rodata.rm12_guide
                0x000000000000a45c        0x4 CMakeFiles/kiibohd.elf.dir/Macro/PartialMap/macro.c.o
                0x000000000000a45c                rm12_guide
 .rodata.tm44_guide
                0x000000000000a460        0x5 CMakeFiles/kiibohd.elf.dir/Macro/PartialMap/macro.c.o
                0x000000000000a460                tm44_guide
 *fill*         0x000000000000a465        0x3 
 .rodata.layer1_tl_0x48
                0x000000000000a468        0x4 CMakeFiles/kiibohd.elf.dir/Macro/PartialMap/macro.c.o
                0x000000000000a468                layer1_tl_0x48
 .rodata.rm61_guide
                0x000000000000a46c        0x4 CMakeFiles/kiibohd.elf.dir/Macro/PartialMap/macro.c.o
                0x000000000000a46c                rm61_guide
 .rodata.rm46_guide
                0x000000000000a470        0x4 CMakeFiles/kiibohd.elf.dir/Macro/PartialMap/macro.c.o
                0x000000000000a470                rm46_guide
 .rodata.rm70_guide
                0x000000000000a474        0x6 CMakeFiles/kiibohd.elf.dir/Macro/PartialMap/macro.c.o
                0x000000000000a474                rm70_guide
 .rodata.tm46_guide
                0x000000000000a47a        0x5 CMakeFiles/kiibohd.elf.dir/Macro/PartialMap/macro.c.o
                0x000000000000a47a                tm46_guide
 .rodata.tm70_guide
                0x000000000000a47f        0x5 CMakeFiles/kiibohd.elf.dir/Macro/PartialMap/macro.c.o
                0x000000000000a47f                tm70_guide
 .rodata.macroStepCLIDict_DescEntry
                0x000000000000a484       0x2c CMakeFiles/kiibohd.elf.dir/Macro/PartialMap/macro.c.o
                0x000000000000a484                macroStepCLIDict_DescEntry
 .rodata.tm30_guide
                0x000000000000a4b0        0x5 CMakeFiles/kiibohd.elf.dir/Macro/PartialMap/macro.c.o
                0x000000000000a4b0                tm30_guide
 .rodata.macroDebugCLIDict_DescEntry
                0x000000000000a4b5       0x51 CMakeFiles/kiibohd.elf.dir/Macro/PartialMap/macro.c.o
                0x000000000000a4b5                macroDebugCLIDict_DescEntry
 .rodata.rm48_guide
                0x000000000000a506        0x4 CMakeFiles/kiibohd.elf.dir/Macro/PartialMap/macro.c.o
                0x000000000000a506                rm48_guide
 .rodata.rm11_guide
                0x000000000000a50a        0x4 CMakeFiles/kiibohd.elf.dir/Macro/PartialMap/macro.c.o
                0x000000000000a50a                rm11_guide
 .rodata.rm72_guide
                0x000000000000a50e        0x4 CMakeFiles/kiibohd.elf.dir/Macro/PartialMap/macro.c.o
                0x000000000000a50e                rm72_guide
 .rodata.rm13_guide
                0x000000000000a512        0x4 CMakeFiles/kiibohd.elf.dir/Macro/PartialMap/macro.c.o
                0x000000000000a512                rm13_guide
 .rodata.tm48_guide
                0x000000000000a516        0x5 CMakeFiles/kiibohd.elf.dir/Macro/PartialMap/macro.c.o
                0x000000000000a516                tm48_guide
 .rodata.tm25_guide
                0x000000000000a51b        0x5 CMakeFiles/kiibohd.elf.dir/Macro/PartialMap/macro.c.o
                0x000000000000a51b                tm25_guide
 .rodata.tm72_guide
                0x000000000000a520        0x5 CMakeFiles/kiibohd.elf.dir/Macro/PartialMap/macro.c.o
                0x000000000000a520                tm72_guide
 .rodata.rm71_guide
                0x000000000000a525        0x4 CMakeFiles/kiibohd.elf.dir/Macro/PartialMap/macro.c.o
                0x000000000000a525                rm71_guide
 *fill*         0x000000000000a529        0x3 
 .rodata.default_tl_0x40
                0x000000000000a52c        0x4 CMakeFiles/kiibohd.elf.dir/Macro/PartialMap/macro.c.o
                0x000000000000a52c                default_tl_0x40
 .rodata.default_tl_0x41
                0x000000000000a530        0x4 CMakeFiles/kiibohd.elf.dir/Macro/PartialMap/macro.c.o
                0x000000000000a530                default_tl_0x41
 .rodata.default_tl_0x42
                0x000000000000a534        0x8 CMakeFiles/kiibohd.elf.dir/Macro/PartialMap/macro.c.o
                0x000000000000a534                default_tl_0x42
 .rodata.TriggerMacroList
                0x000000000000a53c      0x298 CMakeFiles/kiibohd.elf.dir/Macro/PartialMap/macro.c.o
                0x000000000000a53c                TriggerMacroList
 .rodata.default_tl_0x44
                0x000000000000a7d4        0x8 CMakeFiles/kiibohd.elf.dir/Macro/PartialMap/macro.c.o
                0x000000000000a7d4                default_tl_0x44